<html>
<body>
<pre>
<h1>礦ision Build Log</h1>
<h2>Tool Versions:</h2>
IDE-Version: μVision V5.33.0.0
Copyright (C) 2020 ARM Ltd and ARM Germany GmbH. All rights reserved.
License Information: xx Michael, xxx, LIC=----
 
Tool Versions:
Toolchain:       MDK-Lite  Version: 5.33.0.0
Toolchain Path:  D:\softwares\MDK533\ARM\ARMCC\Bin
C Compiler:      Armcc.exe V5.06 update 7 (build 960)
Assembler:       Armasm.exe V5.06 update 7 (build 960)
Linker/Locator:  ArmLink.exe V5.06 update 7 (build 960)
Library Manager: ArmAr.exe V5.06 update 7 (build 960)
Hex Converter:   FromElf.exe V5.06 update 7 (build 960)
CPU DLL:         SARMCM3.DLL V5.33.0.0
Dialog DLL:      DARMCM1.DLL V1.19.4.0
Target DLL:      UL2CM3.DLL V1.163.9.0
Dialog DLL:      TARMCM1.DLL V1.14.3.0
 
<h2>Project:</h2>
F:\Company\products\Kits-STM32F030F4P6\Tutorials\1. 基础篇\GPIO中断_按键触发\Project\MDK-ARM\Project.uvprojx
Project File Date:  08/08/2021

<h2>Output:</h2>
*** Using Compiler 'V5.06 update 7 (build 960)', folder: 'D:\softwares\MDK533\ARM\ARMCC\Bin'
Rebuild target 'STM32F030'
assembling startup_stm32f030.s...
compiling stm32f0xx_it.c...
compiling system_stm32f0xx.c...
compiling hal_system.c...
compiling main.c...
compiling hal_button.c...
compiling hal_led.c...
compiling stm32f0xx_gpio.c...
compiling stm32f0xx_misc.c...
compiling stm32f0xx_syscfg.c...
compiling stm32f0xx_exti.c...
compiling stm32f0xx_rcc.c...
linking...
Program Size: Code=1368 RO-data=212 RW-data=24 ZI-data=1024  
FromELF: creating hex file...
"STM32F030\STM32F030.axf" - 0 Error(s), 0 Warning(s).

<h2>Software Packages used:</h2>

Package Vendor: Keil
                http://www.keil.com/pack/Keil.STM32F0xx_DFP.2.1.0.pack
                Keil.STM32F0xx_DFP.2.1.0
                STMicroelectronics STM32F0 Series Device Support, Drivers and Examples

<h2>Collection of Component include folders:</h2>
  D:\softwares\MDK533\Arm\Packs\Keil\STM32F0xx_DFP\2.1.0\Drivers\CMSIS\Device\ST\STM32F0xx\Include

<h2>Collection of Component Files used:</h2>
Build Time Elapsed:  00:00:05
</pre>
</body>
</html>
