<html>
<body>
<pre>
<h1>µVision Build Log</h1>
<h2>Tool Versions:</h2>
IDE-Version: ¦ÌVision V5.33.0.0
Copyright (C) 2020 ARM Ltd and ARM Germany GmbH. All rights reserved.
License Information: xx Michael, xxx, LIC=----
 
Tool Versions:
Toolchain:       MDK-Lite  Version: 5.33.0.0
Toolchain Path:  D:\softwares\MDK533\ARM\ARMCLANG\Bin
C Compiler:      ArmClang.exe V6.15
Assembler:       Armasm.exe V6.15
Linker/Locator:  ArmLink.exe V6.15
Library Manager: ArmAr.exe V6.15
Hex Converter:   FromElf.exe V6.15
CPU DLL:         SARMCM3.DLL V5.33.0.0
Dialog DLL:      DARMCM1.DLL V1.19.4.0
Target DLL:      CMSIS_AGDI.dll V1.32.12.0
Dialog DLL:      TARMCM1.DLL V1.14.3.0
 
<h2>Project:</h2>
D:\data\toB\January\Software\tm\Project\January.uvprojx
Project File Date:  02/11/2021

<h2>Output:</h2>
*** Using Compiler 'V6.15', folder: 'D:\softwares\MDK533\ARM\ARMCLANG\Bin'
Rebuild target 'Builder'
compiling stm32f0xx_misc.c...
compiling stm32f0xx_exti.c...
compiling system_stm32f0xx.c...
compiling stm32f0xx_gpio.c...
compiling stm32f0xx_adc.c...
compiling stm32f0xx_rcc.c...
assembling startup_stm32f030.s...
compiling stm32f0xx_dma.c...
compiling main.c...
compiling stm32f0xx_spi.c...
compiling stm32f0xx_syscfg.c...
compiling stm32f0xx_it.c...
compiling utils.c...
compiling stm32f0xx_usart.c...
compiling json.c...
compiling mqtt.c...
compiling atsp.c...
compiling hal_systick.c...
compiling bme280.c...
compiling hal_spi.c...
compiling hal_uart.c...
compiling hal_sim868.c...
compiling svc_systick.c...
compiling hal_pm25.c...
compiling hal_bme280.c...
compiling svc_msg.c...
compiling svc_sensor.c...
compiling svc_task.c...
compiling task_timer.c...
compiling svc_sim868.c...
compiling task_schd.c...
compiling task_mqtt.c...
compiling task_sim868.c...
linking...
Program Size: Code=18476 RO-data=616 RW-data=16 ZI-data=2512  
FromELF: creating hex file...
".\Objects\January.axf" - 0 Error(s), 0 Warning(s).

<h2>Software Packages used:</h2>

Package Vendor: Keil
                http://www.keil.com/pack/Keil.STM32F0xx_DFP.2.1.0.pack
                Keil.STM32F0xx_DFP.2.1.0
                STMicroelectronics STM32F0 Series Device Support, Drivers and Examples

<h2>Collection of Component include folders:</h2>
  D:\softwares\MDK533\Arm\Packs\Keil\STM32F0xx_DFP\2.1.0\Drivers\CMSIS\Device\ST\STM32F0xx\Include

<h2>Collection of Component Files used:</h2>
Build Time Elapsed:  00:00:07
</pre>
</body>
</html>
