<html>
<body>
<pre>
<h1>礦ision Build Log</h1>
<h2>Tool Versions:</h2>
IDE-Version: μVision V5.33.0.0
Copyright (C) 2020 ARM Ltd and ARM Germany GmbH. All rights reserved.
License Information: xx Michael, xxx, LIC=----
 
Tool Versions:
Toolchain:       MDK-Lite  Version: 5.33.0.0
Toolchain Path:  D:\softwares\MDK533\ARM\ARMCLANG\Bin
C Compiler:      ArmClang.exe V6.15
Assembler:       Armasm.exe V6.15
Linker/Locator:  ArmLink.exe V6.15
Library Manager: ArmAr.exe V6.15
Hex Converter:   FromElf.exe V6.15
CPU DLL:         SARMCM3.DLL V5.33.0.0
Dialog DLL:      DARMCM1.DLL V1.19.4.0
Target DLL:      UL2CM3.DLL V1.163.9.0
Dialog DLL:      TARMCM1.DLL V1.14.3.0
 
<h2>Project:</h2>
F:\Company\tmp\stm32f030c8t6\4G_CAT1\NB-IoT-master\1.STM32开发\2.15 输入型任务：按键\NB-SDK(V1.0.2)\NB-SDK.uvprojx
Project File Date:  05/01/2022

<h2>Output:</h2>
*** Using Compiler 'V6.15', folder: 'D:\softwares\MDK533\ARM\ARMCLANG\Bin'
Build target 'Builder'
compiling svc_button.c...
compiling main.c...
compiling hal_button.c...
linking...
Program Size: Code=4612 RO-data=1792 RW-data=4 ZI-data=1208  
FromELF: creating hex file...
".\Objects\STM32F030.axf" - 0 Error(s), 0 Warning(s).

<h2>Software Packages used:</h2>

Package Vendor: Keil
                http://www.keil.com/pack/Keil.STM32F0xx_DFP.2.1.0.pack
                Keil.STM32F0xx_DFP.2.1.0
                STMicroelectronics STM32F0 Series Device Support, Drivers and Examples

<h2>Collection of Component include folders:</h2>
  D:\softwares\MDK533\Arm\Packs\Keil\STM32F0xx_DFP\2.1.0\Drivers\CMSIS\Device\ST\STM32F0xx\Include

<h2>Collection of Component Files used:</h2>
Build Time Elapsed:  00:00:02
</pre>
</body>
</html>
