Component: ARM Compiler 6.15 Tool: armlink [5dd79300]

==============================================================================

Section Cross References

    startup_stm32f030.o(RESET) refers to startup_stm32f030.o(STACK) for __initial_sp
    startup_stm32f030.o(RESET) refers to startup_stm32f030.o(.text) for Reset_Handler
    startup_stm32f030.o(RESET) refers to stm32f0xx_it.o(.text.NMI_Handler) for NMI_Handler
    startup_stm32f030.o(RESET) refers to stm32f0xx_it.o(.text.HardFault_Handler) for HardFault_Handler
    startup_stm32f030.o(RESET) refers to stm32f0xx_it.o(.text.SVC_Handler) for SVC_Handler
    startup_stm32f030.o(RESET) refers to stm32f0xx_it.o(.text.PendSV_Handler) for PendSV_Handler
    startup_stm32f030.o(RESET) refers to stm32f0xx_it.o(.text.SysTick_Handler) for SysTick_Handler
    startup_stm32f030.o(RESET) refers to hal_uart.o(.text.USART1_IRQHandler) for USART1_IRQHandler
    startup_stm32f030.o(.text) refers to startup_stm32f030.o(STACK) for __initial_sp
    startup_stm32f030.o(.text) refers to system_stm32f0xx.o(.text.SystemInit) for SystemInit
    startup_stm32f030.o(.text) refers to entry.o(.ARM.Collect$$$$00000000) for __main
    system_stm32f0xx.o(.text.SystemInit) refers to system_stm32f0xx.o(.text.SetSysClock) for SetSysClock
    system_stm32f0xx.o(.ARM.exidx.text.SystemInit) refers to system_stm32f0xx.o(.text.SystemInit) for [Anonymous Symbol]
    system_stm32f0xx.o(.text.SetSysClock) refers to stm32f0xx_rcc.o(.text.RCC_PLLConfig) for RCC_PLLConfig
    system_stm32f0xx.o(.text.SetSysClock) refers to stm32f0xx_rcc.o(.text.RCC_SYSCLKConfig) for RCC_SYSCLKConfig
    system_stm32f0xx.o(.ARM.exidx.text.SetSysClock) refers to system_stm32f0xx.o(.text.SetSysClock) for [Anonymous Symbol]
    system_stm32f0xx.o(.text.SystemCoreClockUpdate) refers to uidiv_div0.o(.text) for __aeabi_uidiv
    system_stm32f0xx.o(.text.SystemCoreClockUpdate) refers to system_stm32f0xx.o(.data.SystemCoreClock) for SystemCoreClock
    system_stm32f0xx.o(.text.SystemCoreClockUpdate) refers to system_stm32f0xx.o(.rodata.AHBPrescTable) for AHBPrescTable
    system_stm32f0xx.o(.ARM.exidx.text.SystemCoreClockUpdate) refers to system_stm32f0xx.o(.text.SystemCoreClockUpdate) for [Anonymous Symbol]
    stm32f0xx_adc.o(.text.ADC_DeInit) refers to stm32f0xx_rcc.o(.text.RCC_APB2PeriphResetCmd) for RCC_APB2PeriphResetCmd
    stm32f0xx_adc.o(.ARM.exidx.text.ADC_DeInit) refers to stm32f0xx_adc.o(.text.ADC_DeInit) for [Anonymous Symbol]
    stm32f0xx_adc.o(.ARM.exidx.text.ADC_Init) refers to stm32f0xx_adc.o(.text.ADC_Init) for [Anonymous Symbol]
    stm32f0xx_adc.o(.ARM.exidx.text.ADC_StructInit) refers to stm32f0xx_adc.o(.text.ADC_StructInit) for [Anonymous Symbol]
    stm32f0xx_adc.o(.ARM.exidx.text.ADC_Cmd) refers to stm32f0xx_adc.o(.text.ADC_Cmd) for [Anonymous Symbol]
    stm32f0xx_adc.o(.ARM.exidx.text.ADC_ClockModeConfig) refers to stm32f0xx_adc.o(.text.ADC_ClockModeConfig) for [Anonymous Symbol]
    stm32f0xx_adc.o(.ARM.exidx.text.ADC_JitterCmd) refers to stm32f0xx_adc.o(.text.ADC_JitterCmd) for [Anonymous Symbol]
    stm32f0xx_adc.o(.ARM.exidx.text.ADC_AutoPowerOffCmd) refers to stm32f0xx_adc.o(.text.ADC_AutoPowerOffCmd) for [Anonymous Symbol]
    stm32f0xx_adc.o(.ARM.exidx.text.ADC_WaitModeCmd) refers to stm32f0xx_adc.o(.text.ADC_WaitModeCmd) for [Anonymous Symbol]
    stm32f0xx_adc.o(.ARM.exidx.text.ADC_AnalogWatchdogCmd) refers to stm32f0xx_adc.o(.text.ADC_AnalogWatchdogCmd) for [Anonymous Symbol]
    stm32f0xx_adc.o(.ARM.exidx.text.ADC_AnalogWatchdogThresholdsConfig) refers to stm32f0xx_adc.o(.text.ADC_AnalogWatchdogThresholdsConfig) for [Anonymous Symbol]
    stm32f0xx_adc.o(.ARM.exidx.text.ADC_AnalogWatchdogSingleChannelConfig) refers to stm32f0xx_adc.o(.text.ADC_AnalogWatchdogSingleChannelConfig) for [Anonymous Symbol]
    stm32f0xx_adc.o(.ARM.exidx.text.ADC_AnalogWatchdogSingleChannelCmd) refers to stm32f0xx_adc.o(.text.ADC_AnalogWatchdogSingleChannelCmd) for [Anonymous Symbol]
    stm32f0xx_adc.o(.ARM.exidx.text.ADC_TempSensorCmd) refers to stm32f0xx_adc.o(.text.ADC_TempSensorCmd) for [Anonymous Symbol]
    stm32f0xx_adc.o(.ARM.exidx.text.ADC_VrefintCmd) refers to stm32f0xx_adc.o(.text.ADC_VrefintCmd) for [Anonymous Symbol]
    stm32f0xx_adc.o(.ARM.exidx.text.ADC_VbatCmd) refers to stm32f0xx_adc.o(.text.ADC_VbatCmd) for [Anonymous Symbol]
    stm32f0xx_adc.o(.ARM.exidx.text.ADC_ChannelConfig) refers to stm32f0xx_adc.o(.text.ADC_ChannelConfig) for [Anonymous Symbol]
    stm32f0xx_adc.o(.ARM.exidx.text.ADC_ContinuousModeCmd) refers to stm32f0xx_adc.o(.text.ADC_ContinuousModeCmd) for [Anonymous Symbol]
    stm32f0xx_adc.o(.ARM.exidx.text.ADC_DiscModeCmd) refers to stm32f0xx_adc.o(.text.ADC_DiscModeCmd) for [Anonymous Symbol]
    stm32f0xx_adc.o(.ARM.exidx.text.ADC_OverrunModeCmd) refers to stm32f0xx_adc.o(.text.ADC_OverrunModeCmd) for [Anonymous Symbol]
    stm32f0xx_adc.o(.ARM.exidx.text.ADC_GetCalibrationFactor) refers to stm32f0xx_adc.o(.text.ADC_GetCalibrationFactor) for [Anonymous Symbol]
[...]
    Removing task_data_upload.o(.ARM.exidx.text.atDefaultCheck), (8 bytes).
    Removing task_data_upload.o(.ARM.exidx.text.atDHCPCheck), (8 bytes).
    Removing task_data_upload.o(.ARM.exidx.text.atMqttOpenCheck), (8 bytes).
    Removing task_data_upload.o(.ARM.exidx.text.atMqttConnectCheck), (8 bytes).
    Removing dadd.o(.text), (356 bytes).
    Removing dmul.o(.text), (208 bytes).
    Removing ddiv.o(.text), (240 bytes).
    Removing dfixul.o(.text), (64 bytes).
    Removing cdrcmple.o(.text), (40 bytes).
    Removing depilogue.o(.text), (190 bytes).
    Removing depilogue.o(i.__ARM_clz), (46 bytes).

673 unused section(s) (total 11874 bytes) removed from the image.

==============================================================================

Image Symbol Table

    Local Symbols

    Symbol Name                              Value     Ov Type        Size  Object(Section)

    ../clib/division.s                       0x00000000   Number         0  aeabi_sdivfast.o ABSOLUTE
    ../clib/division.s                       0x00000000   Number         0  aeabi_sdivfast_div0.o ABSOLUTE
    ../clib/microlib/division.c              0x00000000   Number         0  uidiv.o ABSOLUTE
    ../clib/microlib/division.c              0x00000000   Number         0  uidiv_div0.o ABSOLUTE
    ../clib/microlib/division.c              0x00000000   Number         0  idiv_div0.o ABSOLUTE
    ../clib/microlib/division.c              0x00000000   Number         0  idiv0.o ABSOLUTE
    ../clib/microlib/division.c              0x00000000   Number         0  uldiv.o ABSOLUTE
    ../clib/microlib/init/entry.s            0x00000000   Number         0  entry.o ABSOLUTE
    ../clib/microlib/init/entry.s            0x00000000   Number         0  entry2.o ABSOLUTE
    ../clib/microlib/init/entry.s            0x00000000   Number         0  entry5.o ABSOLUTE
    ../clib/microlib/init/entry.s            0x00000000   Number         0  entry7a.o ABSOLUTE
    ../clib/microlib/init/entry.s            0x00000000   Number         0  entry7b.o ABSOLUTE
    ../clib/microlib/init/entry.s            0x00000000   Number         0  entry8a.o ABSOLUTE
    ../clib/microlib/init/entry.s            0x00000000   Number         0  entry8b.o ABSOLUTE
    ../clib/microlib/init/entry.s            0x00000000   Number         0  entry9a.o ABSOLUTE
    ../clib/microlib/init/entry.s            0x00000000   Number         0  entry9b.o ABSOLUTE
    ../clib/microlib/init/entry.s            0x00000000   Number         0  entry10a.o ABSOLUTE
    ../clib/microlib/init/entry.s            0x00000000   Number         0  entry10b.o ABSOLUTE
    ../clib/microlib/init/entry.s            0x00000000   Number         0  entry11a.o ABSOLUTE
    ../clib/microlib/init/entry.s            0x00000000   Number         0  entry11b.o ABSOLUTE
    ../clib/microlib/longlong.c              0x00000000   Number         0  llshl.o ABSOLUTE
    ../clib/microlib/longlong.c              0x00000000   Number         0  llushr.o ABSOLUTE
    ../clib/microlib/longlong.c              0x00000000   Number         0  llsshr.o ABSOLUTE
    ../clib/microlib/printf/printf.c         0x00000000   Number         0  printfb.o ABSOLUTE
    ../clib/microlib/printf/printf.c         0x00000000   Number         0  printf0.o ABSOLUTE
    ../clib/microlib/printf/printf.c         0x00000000   Number         0  printf1.o ABSOLUTE
    ../clib/microlib/printf/printf.c         0x00000000   Number         0  printf2.o ABSOLUTE
    ../clib/microlib/printf/printf.c         0x00000000   Number         0  printf3.o ABSOLUTE
    ../clib/microlib/printf/printf.c         0x00000000   Number         0  printf4.o ABSOLUTE
    ../clib/microlib/printf/printf.c         0x00000000   Number         0  printf5.o ABSOLUTE
    ../clib/microlib/printf/printf.c         0x00000000   Number         0  printf6.o ABSOLUTE
    ../clib/microlib/printf/printf.c         0x00000000   Number         0  printf7.o ABSOLUTE
    ../clib/microlib/printf/printf.c         0x00000000   Number         0  printf8.o ABSOLUTE
    ../clib/microlib/printf/printf.c         0x00000000   Number         0  printfa.o ABSOLUTE
    ../clib/microlib/printf/stubs.s          0x00000000   Number         0  printfstubs.o ABSOLUTE
    ../clib/microlib/stdio/fputc.c           0x00000000   Number         0  fputc.o ABSOLUTE
    ../clib/microlib/stdio/fputc.c           0x00000000   Number         0  fputc_h.o ABSOLUTE
    ../clib/microlib/stdio/semi.s            0x00000000   Number         0  semi.o ABSOLUTE
    ../clib/microlib/stdio/streams.c         0x00000000   Number         0  stdout.o ABSOLUTE
    ../clib/microlib/string/memcpy.c         0x00000000   Number         0  memcpya.o ABSOLUTE
    ../clib/microlib/string/memcpy.c         0x00000000   Number         0  memcpyb.o ABSOLUTE
    ../clib/microlib/string/memset.c         0x00000000   Number         0  memseta.o ABSOLUTE
    ../clib/microlib/string/strchr.c         0x00000000   Number         0  strchr.o ABSOLUTE
    ../clib/microlib/string/strlen.c         0x00000000   Number         0  strlen.o ABSOLUTE
    ../clib/microlib/string/strstr.c         0x00000000   Number         0  strstr.o ABSOLUTE
    ../clib/microlib/stubs.s                 0x00000000   Number         0  iusefp.o ABSOLUTE
    ../clib/microlib/stubs.s                 0x00000000   Number         0  iusesemip.o ABSOLUTE
    ../fplib/microlib/fpadd.c                0x00000000   Number         0  dadd.o ABSOLUTE
    ../fplib/microlib/fpdiv.c                0x00000000   Number         0  fdiv.o ABSOLUTE
    ../fplib/microlib/fpdiv.c                0x00000000   Number         0  ddiv.o ABSOLUTE
    ../fplib/microlib/fpepilogue.c           0x00000000   Number         0  fepilogue.o ABSOLUTE
    ../fplib/microlib/fpepilogue.c           0x00000000   Number         0  depilogue.o ABSOLUTE
    ../fplib/microlib/fpfix.c                0x00000000   Number         0  ffixi.o ABSOLUTE
    ../fplib/microlib/fpfix.c                0x00000000   Number         0  dfixul.o ABSOLUTE
    ../fplib/microlib/fpflt.c                0x00000000   Number         0  fflti.o ABSOLUTE
    ../fplib/microlib/fpmul.c                0x00000000   Number         0  dmul.o ABSOLUTE
    Libraries/CMSIS/Device/ST/STM32F0xx/Source/Templates/arm/startup_stm32f030.s 0x00000000   Number         0  startup_stm32f030.o ABSOLUTE
    cdrcmple.s                               0x00000000   Number         0  cdrcmple.o ABSOLUTE
    dc.s                                     0x00000000   Number         0  dc.o ABSOLUTE
    hal_adc.c                                0x00000000   Number         0  hal_adc.o ABSOLUTE
    hal_dht20.c                              0x00000000   Number         0  hal_dht20.o ABSOLUTE
    hal_lcd_spi.c                            0x00000000   Number         0  hal_lcd_spi.o ABSOLUTE
    hal_oled12864.c                          0x00000000   Number         0  hal_oled12864.o ABSOLUTE
    hal_spi.c                                0x00000000   Number         0  hal_spi.o ABSOLUTE
    hal_system.c                             0x00000000   Number         0  hal_system.o ABSOLUTE
    hal_uart.c                               0x00000000   Number         0  hal_uart.o ABSOLUTE
    handlers.s                               0x00000000   Number         0  handlers.o ABSOLUTE
    init.s                                   0x00000000   Number         0  init.o ABSOLUTE
    main.c                                   0x00000000   Number         0  main.o ABSOLUTE
    stm32f0xx_adc.c                          0x00000000   Number         0  stm32f0xx_adc.o ABSOLUTE
    stm32f0xx_dma.c                          0x00000000   Number         0  stm32f0xx_dma.o ABSOLUTE
    stm32f0xx_exti.c                         0x00000000   Number         0  stm32f0xx_exti.o ABSOLUTE
    stm32f0xx_gpio.c                         0x00000000   Number         0  stm32f0xx_gpio.o ABSOLUTE
    stm32f0xx_it.c                           0x00000000   Number         0  stm32f0xx_it.o ABSOLUTE
    stm32f0xx_misc.c                         0x00000000   Number         0  stm32f0xx_misc.o ABSOLUTE
    stm32f0xx_rcc.c                          0x00000000   Number         0  stm32f0xx_rcc.o ABSOLUTE
    stm32f0xx_spi.c                          0x00000000   Number         0  stm32f0xx_spi.o ABSOLUTE
    stm32f0xx_syscfg.c                       0x00000000   Number         0  stm32f0xx_syscfg.o ABSOLUTE
    stm32f0xx_tim.c                          0x00000000   Number         0  stm32f0xx_tim.o ABSOLUTE
    stm32f0xx_usart.c                        0x00000000   Number         0  stm32f0xx_usart.o ABSOLUTE
    svc_log.c                                0x00000000   Number         0  svc_log.o ABSOLUTE
    svc_msg.c                                0x00000000   Number         0  svc_msg.o ABSOLUTE
    svc_plugins.c                            0x00000000   Number         0  svc_plugins.o ABSOLUTE
    svc_task.c                               0x00000000   Number         0  svc_task.o ABSOLUTE
    system_stm32f0xx.c                       0x00000000   Number         0  system_stm32f0xx.o ABSOLUTE
    task_data_upload.c                       0x00000000   Number         0  task_data_upload.o ABSOLUTE
    RESET                                    0x08000000   Section      180  startup_stm32f030.o(RESET)
    .ARM.Collect$$$$00000000                 0x080000b4   Section        0  entry.o(.ARM.Collect$$$$00000000)
    .ARM.Collect$$$$00000001                 0x080000b4   Section        4  entry2.o(.ARM.Collect$$$$00000001)
    .ARM.Collect$$$$00000004                 0x080000b8   Section        4  entry5.o(.ARM.Collect$$$$00000004)
    .ARM.Collect$$$$00000008                 0x080000bc   Section        0  entry7b.o(.ARM.Collect$$$$00000008)
    .ARM.Collect$$$$0000000A                 0x080000bc   Section        0  entry8b.o(.ARM.Collect$$$$0000000A)
    .ARM.Collect$$$$0000000B                 0x080000bc   Section        8  entry9a.o(.ARM.Collect$$$$0000000B)
    __lit__00000000                          0x080000c4   Data           4  entry2.o(.ARM.Collect$$$$00002712)
    .ARM.Collect$$$$0000000D                 0x080000c4   Section        0  entry10a.o(.ARM.Collect$$$$0000000D)
    .ARM.Collect$$$$0000000F                 0x080000c4   Section        0  entry11a.o(.ARM.Collect$$$$0000000F)
    .ARM.Collect$$$$00002712                 0x080000c4   Section        4  entry2.o(.ARM.Collect$$$$00002712)
    .text                                    0x080000c8   Section       88  startup_stm32f030.o(.text)
    .text                                    0x08000120   Section        0  memcpya.o(.text)
    .text                                    0x08000144   Section        0  memseta.o(.text)
    .text                                    0x08000168   Section        0  strstr.o(.text)
    .text                                    0x08000190   Section        0  strchr.o(.text)
    .text                                    0x080001a4   Section        0  strlen.o(.text)
    .text                                    0x080001b2   Section        0  fdiv.o(.text)
    .text                                    0x0800022e   Section        0  fflti.o(.text)
    .text                                    0x08000244   Section        0  ffixi.o(.text)
    .text                                    0x08000276   Section        0  uidiv_div0.o(.text)
    .text                                    0x080002b4   Section        0  iusefp.o(.text)
    .text                                    0x080002b4   Section        0  fepilogue.o(.text)
    .text                                    0x08000338   Section       36  init.o(.text)
    [Anonymous Symbol]                       0x0800035c   Section        0  stm32f0xx_adc.o(.text.ADC_ChannelConfig)
    [Anonymous Symbol]                       0x08000366   Section        0  stm32f0xx_adc.o(.text.ADC_Cmd)
    [Anonymous Symbol]                       0x08000378   Section        0  stm32f0xx_adc.o(.text.ADC_DMACmd)
    [Anonymous Symbol]                       0x08000388   Section        0  stm32f0xx_adc.o(.text.ADC_DeInit)
    __arm_cp.0_0                             0x080003a8   Number         4  stm32f0xx_adc.o(.text.ADC_DeInit)
    [Anonymous Symbol]                       0x080003ac   Section        0  stm32f0xx_adc.o(.text.ADC_GetCalibrationFactor)
    __arm_cp.19_0                            0x080003d4   Number         4  stm32f0xx_adc.o(.text.ADC_GetCalibrationFactor)
    [Anonymous Symbol]                       0x080003d8   Section        0  stm32f0xx_adc.o(.text.ADC_GetFlagStatus)
    [Anonymous Symbol]                       0x080003f0   Section        0  stm32f0xx_adc.o(.text.ADC_Init)
    __arm_cp.1_0                             0x08000414   Number         4  stm32f0xx_adc.o(.text.ADC_Init)
    [Anonymous Symbol]                       0x08000418   Section        0  stm32f0xx_adc.o(.text.ADC_StartOfConversion)
    [Anonymous Symbol]                       0x08000422   Section        0  stm32f0xx_adc.o(.text.ADC_StructInit)
    [Anonymous Symbol]                       0x08000434   Section        0  hal_dht20.o(.text.AHT20GetData)
    __arm_cp.26_0                            0x08000498   Number         4  hal_dht20.o(.text.AHT20GetData)
    __arm_cp.26_1                            0x0800049c   Number         4  hal_dht20.o(.text.AHT20GetData)
    __arm_cp.26_2                            0x080004a0   Number         4  hal_dht20.o(.text.AHT20GetData)
    [Anonymous Symbol]                       0x080004a4   Section        0  hal_dht20.o(.text.AHT20_RD_Byte)
    [Anonymous Symbol]                       0x080004f0   Section        0  hal_dht20.o(.text.AHT20_Read_CTdata_crc)
    __arm_cp.23_0                            0x080005f8   Number         4  hal_dht20.o(.text.AHT20_Read_CTdata_crc)
    [Anonymous Symbol]                       0x080005fc   Section        0  hal_dht20.o(.text.AHT20_Read_Status)
    [Anonymous Symbol]                       0x0800061e   Section        0  hal_dht20.o(.text.AHT20_SendAC)
    [Anonymous Symbol]                       0x08000652   Section        0  hal_dht20.o(.text.AHT20_Start_Init)
    [Anonymous Symbol]                       0x08000668   Section        0  hal_dht20.o(.text.AHT20_WR_Byte)
    [Anonymous Symbol]                       0x080006b2   Section        0  hal_dht20.o(.text.Calc_CRC8)
    [Anonymous Symbol]                       0x080006ee   Section        0  hal_dht20.o(.text.Delay_1ms)
    [Anonymous Symbol]                       0x08000704   Section        0  hal_dht20.o(.text.Delay_4us)
    [Anonymous Symbol]                       0x0800070e   Section        0  hal_dht20.o(.text.Delay_5us)
    [Anonymous Symbol]                       0x08000718   Section        0  stm32f0xx_gpio.o(.text.GPIO_Init)
    [Anonymous Symbol]                       0x08000788   Section        0  stm32f0xx_gpio.o(.text.GPIO_PinAFConfig)
    [Anonymous Symbol]                       0x080007a8   Section        0  stm32f0xx_gpio.o(.text.GPIO_ReadInputDataBit)
    [Anonymous Symbol]                       0x080007b2   Section        0  stm32f0xx_gpio.o(.text.GPIO_ReadOutputDataBit)
    [Anonymous Symbol]                       0x080007bc   Section        0  stm32f0xx_gpio.o(.text.GPIO_ResetBits)
    [Anonymous Symbol]                       0x080007c0   Section        0  stm32f0xx_gpio.o(.text.GPIO_SetBits)
    [Anonymous Symbol]                       0x080007c4   Section        0  stm32f0xx_it.o(.text.HardFault_Handler)
    [Anonymous Symbol]                       0x080007c6   Section        0  hal_dht20.o(.text.I2C_Start)
    [Anonymous Symbol]                       0x080007f4   Section        0  hal_dht20.o(.text.Init_I2C_Sensor_Port)
    [Anonymous Symbol]                       0x08000842   Section        0  hal_dht20.o(.text.JH_Reset_REG)
    [Anonymous Symbol]                       0x080008ee   Section        0  stm32f0xx_it.o(.text.NMI_Handler)
    [Anonymous Symbol]                       0x080008f0   Section        0  stm32f0xx_misc.o(.text.NVIC_Init)
    __arm_cp.0_0                             0x08000934   Number         4  stm32f0xx_misc.o(.text.NVIC_Init)
    __arm_cp.0_1                             0x08000938   Number         4  stm32f0xx_misc.o(.text.NVIC_Init)
    __arm_cp.0_2                             0x0800093c   Number         4  stm32f0xx_misc.o(.text.NVIC_Init)
    [Anonymous Symbol]                       0x08000940   Section        0  stm32f0xx_it.o(.text.PendSV_Handler)
    [Anonymous Symbol]                       0x08000944   Section        0  stm32f0xx_rcc.o(.text.RCC_ADCCLKConfig)
    [Anonymous Symbol]                       0x0800096c   Section        0  stm32f0xx_rcc.o(.text.RCC_AHBPeriphClockCmd)
    __arm_cp.31_0                            0x08000984   Number         4  stm32f0xx_rcc.o(.text.RCC_AHBPeriphClockCmd)
    [Anonymous Symbol]                       0x08000988   Section        0  stm32f0xx_rcc.o(.text.RCC_APB1PeriphResetCmd)
    __arm_cp.36_0                            0x080009a0   Number         4  stm32f0xx_rcc.o(.text.RCC_APB1PeriphResetCmd)
    [Anonymous Symbol]                       0x080009a4   Section        0  stm32f0xx_rcc.o(.text.RCC_APB2PeriphClockCmd)
    __arm_cp.32_0                            0x080009bc   Number         4  stm32f0xx_rcc.o(.text.RCC_APB2PeriphClockCmd)
    [Anonymous Symbol]                       0x080009c0   Section        0  stm32f0xx_rcc.o(.text.RCC_APB2PeriphResetCmd)
    __arm_cp.35_0                            0x080009d8   Number         4  stm32f0xx_rcc.o(.text.RCC_APB2PeriphResetCmd)
    [Anonymous Symbol]                       0x080009dc   Section        0  stm32f0xx_rcc.o(.text.RCC_GetClocksFreq)
    __arm_cp.27_0                            0x08000b28   Number         4  stm32f0xx_rcc.o(.text.RCC_GetClocksFreq)
    __arm_cp.27_1                            0x08000b2c   Number         4  stm32f0xx_rcc.o(.text.RCC_GetClocksFreq)
    __arm_cp.27_2                            0x08000b30   Number         4  stm32f0xx_rcc.o(.text.RCC_GetClocksFreq)
    __arm_cp.27_3                            0x08000b34   Number         4  stm32f0xx_rcc.o(.text.RCC_GetClocksFreq)
    __arm_cp.27_4                            0x08000b38   Number         4  stm32f0xx_rcc.o(.text.RCC_GetClocksFreq)
    __arm_cp.27_5                            0x08000b3c   Number         4  stm32f0xx_rcc.o(.text.RCC_GetClocksFreq)
    [Anonymous Symbol]                       0x08000b40   Section        0  stm32f0xx_rcc.o(.text.RCC_PLLConfig)
    [Anonymous Symbol]                       0x08000b58   Section        0  stm32f0xx_rcc.o(.text.RCC_SYSCLKConfig)
    __arm_cp.18_0                            0x08000b68   Number         4  stm32f0xx_rcc.o(.text.RCC_SYSCLKConfig)
    [Anonymous Symbol]                       0x08000b6c   Section        0  hal_dht20.o(.text.Receive_ACK)
    [Anonymous Symbol]                       0x08000bb6   Section        0  hal_dht20.o(.text.SCL_Pin_Output_High)
    [Anonymous Symbol]                       0x08000bc4   Section        0  hal_dht20.o(.text.SCL_Pin_Output_Low)
    [Anonymous Symbol]                       0x08000bd2   Section        0  hal_dht20.o(.text.SDA_Pin_IN_FLOATING)
    [Anonymous Symbol]                       0x08000bf8   Section        0  hal_dht20.o(.text.SDA_Pin_Output_High)
    [Anonymous Symbol]                       0x08000c24   Section        0  hal_dht20.o(.text.SDA_Pin_Output_Low)
    [Anonymous Symbol]                       0x08000c50   Section        0  hal_spi.o(.text.SPI1_Transfer)
    [Anonymous Symbol]                       0x08000c80   Section        0  stm32f0xx_spi.o(.text.SPI_Cmd)
    [Anonymous Symbol]                       0x08000c94   Section        0  stm32f0xx_spi.o(.text.SPI_I2S_DeInit)
    __arm_cp.0_0                             0x08000ccc   Number         4  stm32f0xx_spi.o(.text.SPI_I2S_DeInit)
    __arm_cp.0_1                             0x08000cd0   Number         4  stm32f0xx_spi.o(.text.SPI_I2S_DeInit)
    [Anonymous Symbol]                       0x08000cd4   Section        0  stm32f0xx_spi.o(.text.SPI_I2S_GetFlagStatus)
    [Anonymous Symbol]                       0x08000ce0   Section        0  stm32f0xx_spi.o(.text.SPI_Init)
    __arm_cp.2_0                             0x08000d28   Number         4  stm32f0xx_spi.o(.text.SPI_Init)
    __arm_cp.2_1                             0x08000d2c   Number         4  stm32f0xx_spi.o(.text.SPI_Init)
    [Anonymous Symbol]                       0x08000d30   Section        0  stm32f0xx_spi.o(.text.SPI_ReceiveData8)
    [Anonymous Symbol]                       0x08000d34   Section        0  stm32f0xx_spi.o(.text.SPI_RxFIFOThresholdConfig)
    __arm_cp.9_0                             0x08000d44   Number         4  stm32f0xx_spi.o(.text.SPI_RxFIFOThresholdConfig)
    [Anonymous Symbol]                       0x08000d48   Section        0  stm32f0xx_spi.o(.text.SPI_SendData8)
    [Anonymous Symbol]                       0x08000d4c   Section        0  stm32f0xx_it.o(.text.SVC_Handler)
    [Anonymous Symbol]                       0x08000d4e   Section        0  hal_dht20.o(.text.Send_ACK)
    [Anonymous Symbol]                       0x08000d86   Section        0  hal_dht20.o(.text.Send_NOT_ACK)
    SetSysClock                              0x08000dc1   Thumb Code    72  system_stm32f0xx.o(.text.SetSysClock)
    [Anonymous Symbol]                       0x08000dc0   Section        0  system_stm32f0xx.o(.text.SetSysClock)
    __arm_cp.1_0                             0x08000e00   Number         4  system_stm32f0xx.o(.text.SetSysClock)
    __arm_cp.1_1                             0x08000e04   Number         4  system_stm32f0xx.o(.text.SetSysClock)
    [Anonymous Symbol]                       0x08000e08   Section        0  hal_dht20.o(.text.Stop_I2C)
    [Anonymous Symbol]                       0x08000e2c   Section        0  stm32f0xx_misc.o(.text.SysTick_CLKSourceConfig)
    __arm_cp.2_0                             0x08000e44   Number         4  stm32f0xx_misc.o(.text.SysTick_CLKSourceConfig)
    [Anonymous Symbol]                       0x08000e48   Section        0  stm32f0xx_it.o(.text.SysTick_Handler)
    [Anonymous Symbol]                       0x08000e4c   Section        0  system_stm32f0xx.o(.text.SystemInit)
    __arm_cp.0_0                             0x08000e9c   Number         4  system_stm32f0xx.o(.text.SystemInit)
    __arm_cp.0_1                             0x08000ea0   Number         4  system_stm32f0xx.o(.text.SystemInit)
    __arm_cp.0_2                             0x08000ea4   Number         4  system_stm32f0xx.o(.text.SystemInit)
    [Anonymous Symbol]                       0x08000ea8   Section        0  hal_uart.o(.text.USART1_IRQHandler)
    __arm_cp.6_1                             0x08000ed8   Number         4  hal_uart.o(.text.USART1_IRQHandler)
    __arm_cp.6_2                             0x08000edc   Number         4  hal_uart.o(.text.USART1_IRQHandler)
    [Anonymous Symbol]                       0x08000ee0   Section        0  stm32f0xx_usart.o(.text.USART_ClearFlag)
    [Anonymous Symbol]                       0x08000ee4   Section        0  stm32f0xx_usart.o(.text.USART_Cmd)
    [Anonymous Symbol]                       0x08000ef4   Section        0  stm32f0xx_usart.o(.text.USART_GetFlagStatus)
    [Anonymous Symbol]                       0x08000efe   Section        0  stm32f0xx_usart.o(.text.USART_GetITStatus)
    [Anonymous Symbol]                       0x08000f2a   Section        0  stm32f0xx_usart.o(.text.USART_ITConfig)
    [Anonymous Symbol]                       0x08000f58   Section        0  stm32f0xx_usart.o(.text.USART_Init)
    __arm_cp.1_0                             0x08001004   Number         4  stm32f0xx_usart.o(.text.USART_Init)
    __arm_cp.1_1                             0x08001008   Number         4  stm32f0xx_usart.o(.text.USART_Init)
    __arm_cp.1_2                             0x0800100c   Number         4  stm32f0xx_usart.o(.text.USART_Init)
    __arm_cp.1_3                             0x08001010   Number         4  stm32f0xx_usart.o(.text.USART_Init)
    __arm_cp.1_4                             0x08001014   Number         4  stm32f0xx_usart.o(.text.USART_Init)
    [Anonymous Symbol]                       0x08001018   Section        0  stm32f0xx_usart.o(.text.USART_ReceiveData)
    [Anonymous Symbol]                       0x08001020   Section        0  stm32f0xx_usart.o(.text.USART_SendData)
    __arm_cp.20_0                            0x08001028   Number         4  stm32f0xx_usart.o(.text.USART_SendData)
    atDHCPCheck                              0x0800102d   Thumb Code   112  task_data_upload.o(.text.atDHCPCheck)
    [Anonymous Symbol]                       0x0800102c   Section        0  task_data_upload.o(.text.atDHCPCheck)
    __arm_cp.4_0                             0x0800108c   Number         4  task_data_upload.o(.text.atDHCPCheck)
    atDefaultCheck                           0x0800109d   Thumb Code    60  task_data_upload.o(.text.atDefaultCheck)
    [Anonymous Symbol]                       0x0800109c   Section        0  task_data_upload.o(.text.atDefaultCheck)
    __arm_cp.3_0                             0x080010d4   Number         4  task_data_upload.o(.text.atDefaultCheck)
    atMqttConnectCheck                       0x080010d9   Thumb Code    68  task_data_upload.o(.text.atMqttConnectCheck)
    [Anonymous Symbol]                       0x080010d8   Section        0  task_data_upload.o(.text.atMqttConnectCheck)
    atMqttOpenCheck                          0x0800111d   Thumb Code    72  task_data_upload.o(.text.atMqttOpenCheck)
    [Anonymous Symbol]                       0x0800111c   Section        0  task_data_upload.o(.text.atMqttOpenCheck)
    dataUploadRunner                         0x08001165   Thumb Code  1188  task_data_upload.o(.text.dataUploadRunner)
    [Anonymous Symbol]                       0x08001164   Section        0  task_data_upload.o(.text.dataUploadRunner)
    __arm_cp.1_50                            0x080014c8   Number         4  task_data_upload.o(.text.dataUploadRunner)
    __arm_cp.1_51                            0x080014cc   Number         4  task_data_upload.o(.text.dataUploadRunner)
    __arm_cp.1_0                             0x080014d0   Number         4  task_data_upload.o(.text.dataUploadRunner)
    __arm_cp.1_1                             0x080014d4   Number         4  task_data_upload.o(.text.dataUploadRunner)
    __arm_cp.1_3                             0x080014ec   Number         4  task_data_upload.o(.text.dataUploadRunner)
    __arm_cp.1_6                             0x08001518   Number         4  task_data_upload.o(.text.dataUploadRunner)
    __arm_cp.1_8                             0x08001530   Number         4  task_data_upload.o(.text.dataUploadRunner)
    __arm_cp.1_9                             0x08001534   Number         4  task_data_upload.o(.text.dataUploadRunner)
    __arm_cp.1_10                            0x08001538   Number         4  task_data_upload.o(.text.dataUploadRunner)
    __arm_cp.1_12                            0x08001550   Number         4  task_data_upload.o(.text.dataUploadRunner)
    __arm_cp.1_13                            0x08001554   Number         4  task_data_upload.o(.text.dataUploadRunner)
    __arm_cp.1_14                            0x08001558   Number         4  task_data_upload.o(.text.dataUploadRunner)
    __arm_cp.1_15                            0x0800155c   Number         4  task_data_upload.o(.text.dataUploadRunner)
    __arm_cp.1_16                            0x08001560   Number         4  task_data_upload.o(.text.dataUploadRunner)
    __arm_cp.1_18                            0x08001594   Number         4  task_data_upload.o(.text.dataUploadRunner)
    __arm_cp.1_19                            0x08001598   Number         4  task_data_upload.o(.text.dataUploadRunner)
    __arm_cp.1_20                            0x0800159c   Number         4  task_data_upload.o(.text.dataUploadRunner)
    __arm_cp.1_21                            0x080015a0   Number         4  task_data_upload.o(.text.dataUploadRunner)
    __arm_cp.1_22                            0x080015a4   Number         4  task_data_upload.o(.text.dataUploadRunner)
    __arm_cp.1_23                            0x080015a8   Number         4  task_data_upload.o(.text.dataUploadRunner)
    __arm_cp.1_24                            0x080015ac   Number         4  task_data_upload.o(.text.dataUploadRunner)
    __arm_cp.1_25                            0x080015b0   Number         4  task_data_upload.o(.text.dataUploadRunner)
    __arm_cp.1_26                            0x080015b4   Number         4  task_data_upload.o(.text.dataUploadRunner)
    __arm_cp.1_27                            0x080015b8   Number         4  task_data_upload.o(.text.dataUploadRunner)
    __arm_cp.1_28                            0x080015bc   Number         4  task_data_upload.o(.text.dataUploadRunner)
    __arm_cp.1_29                            0x080015c0   Number         4  task_data_upload.o(.text.dataUploadRunner)
    __arm_cp.1_30                            0x080015c4   Number         4  task_data_upload.o(.text.dataUploadRunner)
    __arm_cp.1_31                            0x080015c8   Number         4  task_data_upload.o(.text.dataUploadRunner)
    __arm_cp.1_32                            0x080015cc   Number         4  task_data_upload.o(.text.dataUploadRunner)
    __arm_cp.1_33                            0x080015d0   Number         4  task_data_upload.o(.text.dataUploadRunner)
    __arm_cp.1_34                            0x080015d4   Number         4  task_data_upload.o(.text.dataUploadRunner)
    __arm_cp.1_35                            0x080015d8   Number         4  task_data_upload.o(.text.dataUploadRunner)
    __arm_cp.1_36                            0x080015dc   Number         4  task_data_upload.o(.text.dataUploadRunner)
    __arm_cp.1_37                            0x080015e0   Number         4  task_data_upload.o(.text.dataUploadRunner)
    __arm_cp.1_38                            0x080015e4   Number         4  task_data_upload.o(.text.dataUploadRunner)
    __arm_cp.1_39                            0x080015e8   Number         4  task_data_upload.o(.text.dataUploadRunner)
    __arm_cp.1_40                            0x080015ec   Number         4  task_data_upload.o(.text.dataUploadRunner)
    __arm_cp.1_41                            0x080015f0   Number         4  task_data_upload.o(.text.dataUploadRunner)
    __arm_cp.1_42                            0x080015f4   Number         4  task_data_upload.o(.text.dataUploadRunner)
    __arm_cp.1_43                            0x080015f8   Number         4  task_data_upload.o(.text.dataUploadRunner)
    __arm_cp.1_44                            0x080015fc   Number         4  task_data_upload.o(.text.dataUploadRunner)
    __arm_cp.1_45                            0x08001600   Number         4  task_data_upload.o(.text.dataUploadRunner)
    __arm_cp.1_46                            0x08001604   Number         4  task_data_upload.o(.text.dataUploadRunner)
    [Anonymous Symbol]                       0x08001608   Section        0  hal_adc.o(.text.halAdcInit)
    __arm_cp.0_0                             0x0800169c   Number         4  hal_adc.o(.text.halAdcInit)
    __arm_cp.0_1                             0x080016a0   Number         4  hal_adc.o(.text.halAdcInit)
    __arm_cp.0_2                             0x080016a4   Number         4  hal_adc.o(.text.halAdcInit)
    halInit                                  0x080016a9   Thumb Code    28  main.o(.text.halInit)
    [Anonymous Symbol]                       0x080016a8   Section        0  main.o(.text.halInit)
    [Anonymous Symbol]                       0x080016c4   Section        0  hal_lcd_spi.o(.text.halLcdSpiInit)
    halLcdSpiTxByte                          0x080016eb   Thumb Code     8  hal_lcd_spi.o(.text.halLcdSpiTxByte)
    [Anonymous Symbol]                       0x080016ea   Section        0  hal_lcd_spi.o(.text.halLcdSpiTxByte)
    [Anonymous Symbol]                       0x080016f2   Section        0  hal_lcd_spi.o(.text.halLcdSpiTxCmd)
    [Anonymous Symbol]                       0x08001712   Section        0  hal_lcd_spi.o(.text.halLcdSpiTxData)
    halOLED12864ChipInit                     0x08001733   Thumb Code   182  hal_oled12864.o(.text.halOLED12864ChipInit)
    [Anonymous Symbol]                       0x08001732   Section        0  hal_oled12864.o(.text.halOLED12864ChipInit)
    [Anonymous Symbol]                       0x080017e8   Section        0  hal_oled12864.o(.text.halOLED12864ClearScreen)
    [Anonymous Symbol]                       0x08001820   Section        0  hal_oled12864.o(.text.halOLED12864Init)
    halOLED12864Reset                        0x08001839   Thumb Code    64  hal_oled12864.o(.text.halOLED12864Reset)
    [Anonymous Symbol]                       0x08001838   Section        0  hal_oled12864.o(.text.halOLED12864Reset)
    __arm_cp.6_0                             0x08001874   Number         4  hal_oled12864.o(.text.halOLED12864Reset)
    halOLED12864SetPosition                  0x08001879   Thumb Code    32  hal_oled12864.o(.text.halOLED12864SetPosition)
    [Anonymous Symbol]                       0x08001878   Section        0  hal_oled12864.o(.text.halOLED12864SetPosition)
    [Anonymous Symbol]                       0x08001898   Section        0  hal_oled12864.o(.text.halOLED12864ShowX16)
    halOLEDShowChar8x16                      0x080018d5   Thumb Code   100  hal_oled12864.o(.text.halOLEDShowChar8x16)
    [Anonymous Symbol]                       0x080018d4   Section        0  hal_oled12864.o(.text.halOLEDShowChar8x16)
    __arm_cp.5_0                             0x08001934   Number         4  hal_oled12864.o(.text.halOLEDShowChar8x16)
    [Anonymous Symbol]                       0x08001938   Section        0  hal_spi.o(.text.halSpiDisable)
    [Anonymous Symbol]                       0x08001946   Section        0  hal_spi.o(.text.halSpiEnable)
    [Anonymous Symbol]                       0x08001964   Section        0  hal_spi.o(.text.halSpiInit)
    __arm_cp.2_0                             0x080019fc   Number         4  hal_spi.o(.text.halSpiInit)
    __arm_cp.2_1                             0x08001a00   Number         4  hal_spi.o(.text.halSpiInit)
    __arm_cp.2_2                             0x08001a04   Number         4  hal_spi.o(.text.halSpiInit)
    [Anonymous Symbol]                       0x08001a08   Section        0  hal_system.o(.text.halSystemDelayUs)
    __arm_cp.1_0                             0x08001a3c   Number         4  hal_system.o(.text.halSystemDelayUs)
    __arm_cp.1_1                             0x08001a40   Number         4  hal_system.o(.text.halSystemDelayUs)
    __arm_cp.1_2                             0x08001a44   Number         4  hal_system.o(.text.halSystemDelayUs)
    __arm_cp.1_3                             0x08001a48   Number         4  hal_system.o(.text.halSystemDelayUs)
    [Anonymous Symbol]                       0x08001a4c   Section        0  hal_system.o(.text.halSystemInit)
    halUartGpioInit                          0x08001a59   Thumb Code    82  hal_uart.o(.text.halUartGpioInit)
    [Anonymous Symbol]                       0x08001a58   Section        0  hal_uart.o(.text.halUartGpioInit)
    halUartIRQInit                           0x08001aad   Thumb Code    56  hal_uart.o(.text.halUartIRQInit)
    [Anonymous Symbol]                       0x08001aac   Section        0  hal_uart.o(.text.halUartIRQInit)
    __arm_cp.3_1                             0x08001adc   Number         4  hal_uart.o(.text.halUartIRQInit)
    __arm_cp.3_2                             0x08001ae0   Number         4  hal_uart.o(.text.halUartIRQInit)
    [Anonymous Symbol]                       0x08001ae4   Section        0  hal_uart.o(.text.halUartInit)
    halUartParamInit                         0x08001af9   Thumb Code    52  hal_uart.o(.text.halUartParamInit)
    [Anonymous Symbol]                       0x08001af8   Section        0  hal_uart.o(.text.halUartParamInit)
    [Anonymous Symbol]                       0x08001b2c   Section        0  hal_uart.o(.text.halUartSetIRQCallback)
    __arm_cp.4_0                             0x08001b34   Number         4  hal_uart.o(.text.halUartSetIRQCallback)
    [Anonymous Symbol]                       0x08001b38   Section        0  hal_uart.o(.text.halUartWrite)
    __arm_cp.5_0                             0x08001b68   Number         4  hal_uart.o(.text.halUartWrite)
    [Anonymous Symbol]                       0x08001b6c   Section        0  main.o(.text.main)
    svcInit                                  0x08001b89   Thumb Code    20  main.o(.text.svcInit)
    [Anonymous Symbol]                       0x08001b88   Section        0  main.o(.text.svcInit)
    [Anonymous Symbol]                       0x08001b9c   Section        0  svc_log.o(.text.svcLogInit)
    [Anonymous Symbol]                       0x08001b9e   Section        0  svc_log.o(.text.svcLogWriteLcd)
    [Anonymous Symbol]                       0x08001bec   Section        0  svc_msg.o(.text.svcMsgInit)
    __arm_cp.0_0                             0x08001bf8   Number         4  svc_msg.o(.text.svcMsgInit)
    svcMsgOnUart                             0x08001bfd   Thumb Code    20  svc_msg.o(.text.svcMsgOnUart)
    [Anonymous Symbol]                       0x08001bfc   Section        0  svc_msg.o(.text.svcMsgOnUart)
    [Anonymous Symbol]                       0x08001c10   Section        0  svc_msg.o(.text.svcMsgRead)
    __arm_cp.2_0                             0x08001c5c   Number         4  svc_msg.o(.text.svcMsgRead)
    __arm_cp.2_1                             0x08001c60   Number         4  svc_msg.o(.text.svcMsgRead)
    [Anonymous Symbol]                       0x08001c64   Section        0  svc_msg.o(.text.svcMsgWriteString)
    [Anonymous Symbol]                       0x08001c78   Section        0  svc_plugins.o(.text.svcPluginsGetTempHumi)
    [Anonymous Symbol]                       0x08001cb4   Section        0  svc_plugins.o(.text.svcPluginsInit)
    [Anonymous Symbol]                       0x08001cb8   Section        0  svc_task.o(.text.svcTaskAdd)
    [Anonymous Symbol]                       0x08001cf0   Section        0  svc_task.o(.text.svcTaskInit)
    [Anonymous Symbol]                       0x08001d00   Section        0  svc_task.o(.text.svcTaskPoll)
    __arm_cp.3_0                             0x08001d48   Number         4  svc_task.o(.text.svcTaskPoll)
    [Anonymous Symbol]                       0x08001d4c   Section        0  task_data_upload.o(.text.taskDataUploadInit)
    __arm_cp.0_0                             0x08001d64   Number         4  task_data_upload.o(.text.taskDataUploadInit)
    __arm_cp.0_1                             0x08001d68   Number         4  task_data_upload.o(.text.taskDataUploadInit)
    taskInit                                 0x08001d6d   Thumb Code     8  main.o(.text.taskInit)
    [Anonymous Symbol]                       0x08001d6c   Section        0  main.o(.text.taskInit)
    i.__0sprintf$3                           0x08001d74   Section        0  printf3.o(i.__0sprintf$3)
    i.__scatterload_copy                     0x08001d9c   Section       14  handlers.o(i.__scatterload_copy)
    i.__scatterload_null                     0x08001daa   Section        2  handlers.o(i.__scatterload_null)
    i.__scatterload_zeroinit                 0x08001dac   Section       14  handlers.o(i.__scatterload_zeroinit)
    _printf_core                             0x08001dbd   Thumb Code   456  printf3.o(i._printf_core)
    i._printf_core                           0x08001dbc   Section        0  printf3.o(i._printf_core)
    _sputc                                   0x08001f89   Thumb Code    10  printf3.o(i._sputc)
    i._sputc                                 0x08001f88   Section        0  printf3.o(i._sputc)
    [Anonymous Symbol]                       0x08001f94   Section        0  hal_dht20.o(.rodata..L__const.AHT20GetData.data)
    [Anonymous Symbol]                       0x08001fa0   Section        0  hal_spi.o(.rodata..L__const.halSpiInit.spiConfig)
    APBAHBPrescTable                         0x08001fb2   Data          16  stm32f0xx_rcc.o(.rodata.APBAHBPrescTable)
    [Anonymous Symbol]                       0x08001fb2   Section        0  stm32f0xx_rcc.o(.rodata.APBAHBPrescTable)
    FontTable_V_8X16                         0x08001fc2   Data        1520  hal_oled12864.o(.rodata.FontTable_V_8X16)
    [Anonymous Symbol]                       0x08001fc2   Section        0  hal_oled12864.o(.rodata.FontTable_V_8X16)
    .L.str.23                                0x080025b2   Data          30  task_data_upload.o(.rodata.str1.1)
    [Anonymous Symbol]                       0x080025b2   Section        0  task_data_upload.o(.rodata.str1.1)
    .L.str.1                                 0x080025d0   Data          15  task_data_upload.o(.rodata.str1.1)
    .L.str.8                                 0x080025df   Data          13  task_data_upload.o(.rodata.str1.1)
    .L.str.11                                0x080025ec   Data           7  task_data_upload.o(.rodata.str1.1)
    .L.str.3                                 0x080025f3   Data          12  task_data_upload.o(.rodata.str1.1)
    .L.str.20                                0x080025ff   Data          25  task_data_upload.o(.rodata.str1.1)
    .L.str.14                                0x08002618   Data          15  task_data_upload.o(.rodata.str1.1)
    .L.str.17                                0x08002627   Data          14  task_data_upload.o(.rodata.str1.1)
    .L.str.5                                 0x08002635   Data           5  task_data_upload.o(.rodata.str1.1)
    .L.str.31                                0x0800263a   Data          28  task_data_upload.o(.rodata.str1.1)
    .L.str.7                                 0x08002656   Data          19  task_data_upload.o(.rodata.str1.1)
    .L.str.9                                 0x08002669   Data          19  task_data_upload.o(.rodata.str1.1)
    .L.str.10                                0x0800267c   Data          16  task_data_upload.o(.rodata.str1.1)
    .L.str.12                                0x0800268c   Data          16  task_data_upload.o(.rodata.str1.1)
    .L.str.13                                0x0800269c   Data          19  task_data_upload.o(.rodata.str1.1)
    .L.str.15                                0x080026af   Data          19  task_data_upload.o(.rodata.str1.1)
    .L.str.19                                0x080026c2   Data          19  task_data_upload.o(.rodata.str1.1)
    .L.str.21                                0x080026d5   Data          19  task_data_upload.o(.rodata.str1.1)
    .L.str.22                                0x080026e8   Data          19  task_data_upload.o(.rodata.str1.1)
    .L.str.24                                0x080026fb   Data          19  task_data_upload.o(.rodata.str1.1)
    .L.str.16                                0x0800270e   Data          16  task_data_upload.o(.rodata.str1.1)
    .L.str.18                                0x0800271e   Data          16  task_data_upload.o(.rodata.str1.1)
    .L.str.4                                 0x0800272e   Data          14  task_data_upload.o(.rodata.str1.1)
    .L.str.6                                 0x0800273c   Data          14  task_data_upload.o(.rodata.str1.1)
    .L.str.26                                0x0800274a   Data          20  task_data_upload.o(.rodata.str1.1)
    .L.str.2                                 0x0800275e   Data          14  task_data_upload.o(.rodata.str1.1)
    .L.str.42                                0x0800276c   Data          76  task_data_upload.o(.rodata.str1.1)
    .L.str.41                                0x080027b8   Data          51  task_data_upload.o(.rodata.str1.1)
    .L.str.28                                0x080027eb   Data           6  task_data_upload.o(.rodata.str1.1)
    .L.str.36                                0x080027f1   Data           3  task_data_upload.o(.rodata.str1.1)
    .L.str.27                                0x080027f4   Data          10  task_data_upload.o(.rodata.str1.1)
    .L.str                                   0x080027fe   Data          13  task_data_upload.o(.rodata.str1.1)
    .L.str.38                                0x0800280b   Data          39  task_data_upload.o(.rodata.str1.1)
    .L.str.40                                0x08002832   Data          15  task_data_upload.o(.rodata.str1.1)
    .L.str.30                                0x08002841   Data          94  task_data_upload.o(.rodata.str1.1)
    .L.str.25                                0x0800289e   Data           1  task_data_upload.o(.rodata.str1.1)
    atString                                 0x20000008   Data         256  task_data_upload.o(.bss.atString)
    [Anonymous Symbol]                       0x20000008   Section        0  task_data_upload.o(.bss.atString)
    dataString                               0x20000108   Data         256  task_data_upload.o(.bss.dataString)
    [Anonymous Symbol]                       0x20000108   Section        0  task_data_upload.o(.bss.dataString)
    halUartOnIRQ                             0x20000208   Data           4  hal_uart.o(.bss.halUartOnIRQ)
    [Anonymous Symbol]                       0x20000208   Section        0  hal_uart.o(.bss.halUartOnIRQ)
    isSendAT                                 0x2000020c   Data           1  task_data_upload.o(.bss.isSendAT)
    [Anonymous Symbol]                       0x2000020c   Section        0  task_data_upload.o(.bss.isSendAT)
    lcdString                                0x2000020d   Data          16  task_data_upload.o(.bss.lcdString)
    [Anonymous Symbol]                       0x2000020d   Section        0  task_data_upload.o(.bss.lcdString)
    nbStep                                   0x20000220   Data           4  task_data_upload.o(.bss.nbStep)
    [Anonymous Symbol]                       0x20000220   Section        0  task_data_upload.o(.bss.nbStep)
    timeCounter                              0x20000348   Data           4  task_data_upload.o(.bss.timeCounter)
    [Anonymous Symbol]                       0x20000348   Section        0  task_data_upload.o(.bss.timeCounter)
    valueA                                   0x2000034c   Data           4  task_data_upload.o(.bss.valueA)
    [Anonymous Symbol]                       0x2000034c   Section        0  task_data_upload.o(.bss.valueA)
    valueB                                   0x20000350   Data           4  task_data_upload.o(.bss.valueB)
    [Anonymous Symbol]                       0x20000350   Section        0  task_data_upload.o(.bss.valueB)
    STACK                                    0x20000358   Section     1024  startup_stm32f030.o(STACK)

    Global Symbols

    Symbol Name                              Value     Ov Type        Size  Object(Section)

    BuildAttributes$$THM_ISAv3M$S$PE$A:L22$X:L11$S22$IEEE1$IW$~IW$USESV6$~STKCKD$USESV7$~SHL$OTIME$ROPI$EBA8$MICROLIB$REQ8$PRES8$EABIv2 0x00000000   Number         0  anon$$obj.o ABSOLUTE
    _printf_a                                0x00000000   Number         0  printfstubs.o ABSOLUTE
    _printf_c                                0x00000000   Number         0  printfstubs.o ABSOLUTE
    _printf_charcount                        0x00000000   Number         0  printfstubs.o ABSOLUTE
    _printf_d                                0x00000000   Number         0  printfstubs.o ABSOLUTE
    _printf_e                                0x00000000   Number         0  printfstubs.o ABSOLUTE
    _printf_f                                0x00000000   Number         0  printfstubs.o ABSOLUTE
    _printf_flags                            0x00000000   Number         0  printfstubs.o ABSOLUTE
    _printf_fp_dec                           0x00000000   Number         0  printfstubs.o ABSOLUTE
    _printf_fp_hex                           0x00000000   Number         0  printfstubs.o ABSOLUTE
    _printf_g                                0x00000000   Number         0  printfstubs.o ABSOLUTE
    _printf_i                                0x00000000   Number         0  printfstubs.o ABSOLUTE
    _printf_int_dec                          0x00000000   Number         0  printfstubs.o ABSOLUTE
    _printf_l                                0x00000000   Number         0  printfstubs.o ABSOLUTE
    _printf_lc                               0x00000000   Number         0  printfstubs.o ABSOLUTE
    _printf_ll                               0x00000000   Number         0  printfstubs.o ABSOLUTE
    _printf_lld                              0x00000000   Number         0  printfstubs.o ABSOLUTE
    _printf_lli                              0x00000000   Number         0  printfstubs.o ABSOLUTE
    _printf_llo                              0x00000000   Number         0  printfstubs.o ABSOLUTE
    _printf_llu                              0x00000000   Number         0  printfstubs.o ABSOLUTE
    _printf_llx                              0x00000000   Number         0  printfstubs.o ABSOLUTE
    _printf_longlong_dec                     0x00000000   Number         0  printfstubs.o ABSOLUTE
    _printf_longlong_hex                     0x00000000   Number         0  printfstubs.o ABSOLUTE
    _printf_longlong_oct                     0x00000000   Number         0  printfstubs.o ABSOLUTE
    _printf_ls                               0x00000000   Number         0  printfstubs.o ABSOLUTE
    _printf_mbtowc                           0x00000000   Number         0  printfstubs.o ABSOLUTE
    _printf_n                                0x00000000   Number         0  printfstubs.o ABSOLUTE
    _printf_o                                0x00000000   Number         0  printfstubs.o ABSOLUTE
    _printf_p                                0x00000000   Number         0  printfstubs.o ABSOLUTE
    _printf_percent                          0x00000000   Number         0  printfstubs.o ABSOLUTE
    _printf_pre_padding                      0x00000000   Number         0  printfstubs.o ABSOLUTE
    _printf_return_value                     0x00000000   Number         0  printfstubs.o ABSOLUTE
    _printf_s                                0x00000000   Number         0  printfstubs.o ABSOLUTE
    _printf_sizespec                         0x00000000   Number         0  printfstubs.o ABSOLUTE
    _printf_str                              0x00000000   Number         0  printfstubs.o ABSOLUTE
    _printf_truncate_signed                  0x00000000   Number         0  printfstubs.o ABSOLUTE
    _printf_truncate_unsigned                0x00000000   Number         0  printfstubs.o ABSOLUTE
    _printf_u                                0x00000000   Number         0  printfstubs.o ABSOLUTE
    _printf_wc                               0x00000000   Number         0  printfstubs.o ABSOLUTE
    _printf_wctomb                           0x00000000   Number         0  printfstubs.o ABSOLUTE
    _printf_widthprec                        0x00000000   Number         0  printfstubs.o ABSOLUTE
    _printf_x                                0x00000000   Number         0  printfstubs.o ABSOLUTE
    __cpp_initialize__aeabi_                  - Undefined Weak Reference
    __cxa_finalize                            - Undefined Weak Reference
    __decompress                              - Undefined Weak Reference
    _clock_init                               - Undefined Weak Reference
    _microlib_exit                            - Undefined Weak Reference
    __Vectors_Size                           0x000000b4   Number         0  startup_stm32f030.o ABSOLUTE
    __Vectors                                0x08000000   Data           4  startup_stm32f030.o(RESET)
    __Vectors_End                            0x080000b4   Data           0  startup_stm32f030.o(RESET)
    __main                                   0x080000b5   Thumb Code     0  entry.o(.ARM.Collect$$$$00000000)
    _main_stk                                0x080000b5   Thumb Code     0  entry2.o(.ARM.Collect$$$$00000001)
    _main_scatterload                        0x080000b9   Thumb Code     0  entry5.o(.ARM.Collect$$$$00000004)
    __main_after_scatterload                 0x080000bd   Thumb Code     0  entry5.o(.ARM.Collect$$$$00000004)
    _main_clock                              0x080000bd   Thumb Code     0  entry7b.o(.ARM.Collect$$$$00000008)
    _main_cpp_init                           0x080000bd   Thumb Code     0  entry8b.o(.ARM.Collect$$$$0000000A)
    _main_init                               0x080000bd   Thumb Code     0  entry9a.o(.ARM.Collect$$$$0000000B)
    __rt_final_cpp                           0x080000c5   Thumb Code     0  entry10a.o(.ARM.Collect$$$$0000000D)
    __rt_final_exit                          0x080000c5   Thumb Code     0  entry11a.o(.ARM.Collect$$$$0000000F)
    Reset_Handler                            0x080000c9   Thumb Code    38  startup_stm32f030.o(.text)
    ADC1_IRQHandler                          0x080000f9   Thumb Code     0  startup_stm32f030.o(.text)
    DMA1_Channel1_IRQHandler                 0x080000f9   Thumb Code     0  startup_stm32f030.o(.text)
    DMA1_Channel2_3_IRQHandler               0x080000f9   Thumb Code     0  startup_stm32f030.o(.text)
    DMA1_Channel4_5_IRQHandler               0x080000f9   Thumb Code     0  startup_stm32f030.o(.text)
    EXTI0_1_IRQHandler                       0x080000f9   Thumb Code     0  startup_stm32f030.o(.text)
    EXTI2_3_IRQHandler                       0x080000f9   Thumb Code     0  startup_stm32f030.o(.text)
    EXTI4_15_IRQHandler                      0x080000f9   Thumb Code     0  startup_stm32f030.o(.text)
    FLASH_IRQHandler                         0x080000f9   Thumb Code     0  startup_stm32f030.o(.text)
    I2C1_IRQHandler                          0x080000f9   Thumb Code     0  startup_stm32f030.o(.text)
    I2C2_IRQHandler                          0x080000f9   Thumb Code     0  startup_stm32f030.o(.text)
    RCC_IRQHandler                           0x080000f9   Thumb Code     0  startup_stm32f030.o(.text)
    RTC_IRQHandler                           0x080000f9   Thumb Code     0  startup_stm32f030.o(.text)
    SPI1_IRQHandler                          0x080000f9   Thumb Code     0  startup_stm32f030.o(.text)
    SPI2_IRQHandler                          0x080000f9   Thumb Code     0  startup_stm32f030.o(.text)
    TIM14_IRQHandler                         0x080000f9   Thumb Code     0  startup_stm32f030.o(.text)
    TIM15_IRQHandler                         0x080000f9   Thumb Code     0  startup_stm32f030.o(.text)
    TIM16_IRQHandler                         0x080000f9   Thumb Code     0  startup_stm32f030.o(.text)
    TIM17_IRQHandler                         0x080000f9   Thumb Code     0  startup_stm32f030.o(.text)
    TIM1_BRK_UP_TRG_COM_IRQHandler           0x080000f9   Thumb Code     0  startup_stm32f030.o(.text)
    TIM1_CC_IRQHandler                       0x080000f9   Thumb Code     0  startup_stm32f030.o(.text)
    TIM3_IRQHandler                          0x080000f9   Thumb Code     0  startup_stm32f030.o(.text)
    USART2_IRQHandler                        0x080000f9   Thumb Code     0  startup_stm32f030.o(.text)
    WWDG_IRQHandler                          0x080000f9   Thumb Code     0  startup_stm32f030.o(.text)
    __aeabi_memcpy                           0x08000121   Thumb Code    36  memcpya.o(.text)
    __aeabi_memcpy4                          0x08000121   Thumb Code     0  memcpya.o(.text)
    __aeabi_memcpy8                          0x08000121   Thumb Code     0  memcpya.o(.text)
    __aeabi_memset                           0x08000145   Thumb Code    14  memseta.o(.text)
    __aeabi_memset4                          0x08000145   Thumb Code     0  memseta.o(.text)
    __aeabi_memset8                          0x08000145   Thumb Code     0  memseta.o(.text)
    __aeabi_memclr                           0x08000153   Thumb Code     4  memseta.o(.text)
    __aeabi_memclr4                          0x08000153   Thumb Code     0  memseta.o(.text)
    __aeabi_memclr8                          0x08000153   Thumb Code     0  memseta.o(.text)
    _memset$wrapper                          0x08000157   Thumb Code    18  memseta.o(.text)
    strstr                                   0x08000169   Thumb Code    40  strstr.o(.text)
    strchr                                   0x08000191   Thumb Code    20  strchr.o(.text)
    strlen                                   0x080001a5   Thumb Code    14  strlen.o(.text)
    __aeabi_fdiv                             0x080001b3   Thumb Code   124  fdiv.o(.text)
    __aeabi_i2f                              0x0800022f   Thumb Code    22  fflti.o(.text)
    __aeabi_f2iz                             0x08000245   Thumb Code    50  ffixi.o(.text)
    __aeabi_uidiv                            0x08000277   Thumb Code     0  uidiv_div0.o(.text)
    __aeabi_uidivmod                         0x08000277   Thumb Code    62  uidiv_div0.o(.text)
    __I$use$fp                               0x080002b5   Thumb Code     0  iusefp.o(.text)
    _float_round                             0x080002b5   Thumb Code    16  fepilogue.o(.text)
    _float_epilogue                          0x080002c5   Thumb Code   114  fepilogue.o(.text)
    __scatterload                            0x08000339   Thumb Code    28  init.o(.text)
    __scatterload_rt2                        0x08000339   Thumb Code     0  init.o(.text)
    ADC_ChannelConfig                        0x0800035d   Thumb Code    10  stm32f0xx_adc.o(.text.ADC_ChannelConfig)
    ADC_Cmd                                  0x08000367   Thumb Code    18  stm32f0xx_adc.o(.text.ADC_Cmd)
    ADC_DMACmd                               0x08000379   Thumb Code    16  stm32f0xx_adc.o(.text.ADC_DMACmd)
    ADC_DeInit                               0x08000389   Thumb Code    36  stm32f0xx_adc.o(.text.ADC_DeInit)
    ADC_GetCalibrationFactor                 0x080003ad   Thumb Code    44  stm32f0xx_adc.o(.text.ADC_GetCalibrationFactor)
    ADC_GetFlagStatus                        0x080003d9   Thumb Code    24  stm32f0xx_adc.o(.text.ADC_GetFlagStatus)
    ADC_Init                                 0x080003f1   Thumb Code    40  stm32f0xx_adc.o(.text.ADC_Init)
    ADC_StartOfConversion                    0x08000419   Thumb Code    10  stm32f0xx_adc.o(.text.ADC_StartOfConversion)
    ADC_StructInit                           0x08000423   Thumb Code    16  stm32f0xx_adc.o(.text.ADC_StructInit)
    AHT20GetData                             0x08000435   Thumb Code   112  hal_dht20.o(.text.AHT20GetData)
    AHT20_RD_Byte                            0x080004a5   Thumb Code    76  hal_dht20.o(.text.AHT20_RD_Byte)
    AHT20_Read_CTdata_crc                    0x080004f1   Thumb Code   268  hal_dht20.o(.text.AHT20_Read_CTdata_crc)
    AHT20_Read_Status                        0x080005fd   Thumb Code    34  hal_dht20.o(.text.AHT20_Read_Status)
    AHT20_SendAC                             0x0800061f   Thumb Code    52  hal_dht20.o(.text.AHT20_SendAC)
    AHT20_Start_Init                         0x08000653   Thumb Code    22  hal_dht20.o(.text.AHT20_Start_Init)
    AHT20_WR_Byte                            0x08000669   Thumb Code    74  hal_dht20.o(.text.AHT20_WR_Byte)
    Calc_CRC8                                0x080006b3   Thumb Code    60  hal_dht20.o(.text.Calc_CRC8)
    Delay_1ms                                0x080006ef   Thumb Code    22  hal_dht20.o(.text.Delay_1ms)
    Delay_4us                                0x08000705   Thumb Code    10  hal_dht20.o(.text.Delay_4us)
    Delay_5us                                0x0800070f   Thumb Code    10  hal_dht20.o(.text.Delay_5us)
    GPIO_Init                                0x08000719   Thumb Code   112  stm32f0xx_gpio.o(.text.GPIO_Init)
    GPIO_PinAFConfig                         0x08000789   Thumb Code    32  stm32f0xx_gpio.o(.text.GPIO_PinAFConfig)
    GPIO_ReadInputDataBit                    0x080007a9   Thumb Code    10  stm32f0xx_gpio.o(.text.GPIO_ReadInputDataBit)
    GPIO_ReadOutputDataBit                   0x080007b3   Thumb Code    10  stm32f0xx_gpio.o(.text.GPIO_ReadOutputDataBit)
    GPIO_ResetBits                           0x080007bd   Thumb Code     4  stm32f0xx_gpio.o(.text.GPIO_ResetBits)
    GPIO_SetBits                             0x080007c1   Thumb Code     4  stm32f0xx_gpio.o(.text.GPIO_SetBits)
    HardFault_Handler                        0x080007c5   Thumb Code     2  stm32f0xx_it.o(.text.HardFault_Handler)
    I2C_Start                                0x080007c7   Thumb Code    46  hal_dht20.o(.text.I2C_Start)
    Init_I2C_Sensor_Port                     0x080007f5   Thumb Code    78  hal_dht20.o(.text.Init_I2C_Sensor_Port)
    JH_Reset_REG                             0x08000843   Thumb Code   172  hal_dht20.o(.text.JH_Reset_REG)
    NMI_Handler                              0x080008ef   Thumb Code     2  stm32f0xx_it.o(.text.NMI_Handler)
    NVIC_Init                                0x080008f1   Thumb Code    80  stm32f0xx_misc.o(.text.NVIC_Init)
    PendSV_Handler                           0x08000941   Thumb Code     2  stm32f0xx_it.o(.text.PendSV_Handler)
    RCC_ADCCLKConfig                         0x08000945   Thumb Code    40  stm32f0xx_rcc.o(.text.RCC_ADCCLKConfig)
    RCC_AHBPeriphClockCmd                    0x0800096d   Thumb Code    28  stm32f0xx_rcc.o(.text.RCC_AHBPeriphClockCmd)
    RCC_APB1PeriphResetCmd                   0x08000989   Thumb Code    28  stm32f0xx_rcc.o(.text.RCC_APB1PeriphResetCmd)
    RCC_APB2PeriphClockCmd                   0x080009a5   Thumb Code    28  stm32f0xx_rcc.o(.text.RCC_APB2PeriphClockCmd)
    RCC_APB2PeriphResetCmd                   0x080009c1   Thumb Code    28  stm32f0xx_rcc.o(.text.RCC_APB2PeriphResetCmd)
    RCC_GetClocksFreq                        0x080009dd   Thumb Code   356  stm32f0xx_rcc.o(.text.RCC_GetClocksFreq)
    RCC_PLLConfig                            0x08000b41   Thumb Code    24  stm32f0xx_rcc.o(.text.RCC_PLLConfig)
    RCC_SYSCLKConfig                         0x08000b59   Thumb Code    20  stm32f0xx_rcc.o(.text.RCC_SYSCLKConfig)
    Receive_ACK                              0x08000b6d   Thumb Code    74  hal_dht20.o(.text.Receive_ACK)
    SCL_Pin_Output_High                      0x08000bb7   Thumb Code    14  hal_dht20.o(.text.SCL_Pin_Output_High)
    SCL_Pin_Output_Low                       0x08000bc5   Thumb Code    14  hal_dht20.o(.text.SCL_Pin_Output_Low)
    SDA_Pin_IN_FLOATING                      0x08000bd3   Thumb Code    38  hal_dht20.o(.text.SDA_Pin_IN_FLOATING)
    SDA_Pin_Output_High                      0x08000bf9   Thumb Code    44  hal_dht20.o(.text.SDA_Pin_Output_High)
    SDA_Pin_Output_Low                       0x08000c25   Thumb Code    44  hal_dht20.o(.text.SDA_Pin_Output_Low)
    SPI1_Transfer                            0x08000c51   Thumb Code    48  hal_spi.o(.text.SPI1_Transfer)
    SPI_Cmd                                  0x08000c81   Thumb Code    18  stm32f0xx_spi.o(.text.SPI_Cmd)
    SPI_I2S_DeInit                           0x08000c95   Thumb Code    64  stm32f0xx_spi.o(.text.SPI_I2S_DeInit)
    SPI_I2S_GetFlagStatus                    0x08000cd5   Thumb Code    10  stm32f0xx_spi.o(.text.SPI_I2S_GetFlagStatus)
    SPI_Init                                 0x08000ce1   Thumb Code    80  stm32f0xx_spi.o(.text.SPI_Init)
    SPI_ReceiveData8                         0x08000d31   Thumb Code     4  stm32f0xx_spi.o(.text.SPI_ReceiveData8)
    SPI_RxFIFOThresholdConfig                0x08000d35   Thumb Code    20  stm32f0xx_spi.o(.text.SPI_RxFIFOThresholdConfig)
    SPI_SendData8                            0x08000d49   Thumb Code     4  stm32f0xx_spi.o(.text.SPI_SendData8)
    SVC_Handler                              0x08000d4d   Thumb Code     2  stm32f0xx_it.o(.text.SVC_Handler)
    Send_ACK                                 0x08000d4f   Thumb Code    56  hal_dht20.o(.text.Send_ACK)
    Send_NOT_ACK                             0x08000d87   Thumb Code    56  hal_dht20.o(.text.Send_NOT_ACK)
    Stop_I2C                                 0x08000e09   Thumb Code    36  hal_dht20.o(.text.Stop_I2C)
    SysTick_CLKSourceConfig                  0x08000e2d   Thumb Code    28  stm32f0xx_misc.o(.text.SysTick_CLKSourceConfig)
    SysTick_Handler                          0x08000e49   Thumb Code     2  stm32f0xx_it.o(.text.SysTick_Handler)
    SystemInit                               0x08000e4d   Thumb Code    92  system_stm32f0xx.o(.text.SystemInit)
    USART1_IRQHandler                        0x08000ea9   Thumb Code    56  hal_uart.o(.text.USART1_IRQHandler)
    USART_ClearFlag                          0x08000ee1   Thumb Code     4  stm32f0xx_usart.o(.text.USART_ClearFlag)
    USART_Cmd                                0x08000ee5   Thumb Code    16  stm32f0xx_usart.o(.text.USART_Cmd)
    USART_GetFlagStatus                      0x08000ef5   Thumb Code    10  stm32f0xx_usart.o(.text.USART_GetFlagStatus)
    USART_GetITStatus                        0x08000eff   Thumb Code    44  stm32f0xx_usart.o(.text.USART_GetITStatus)
    USART_ITConfig                           0x08000f2b   Thumb Code    46  stm32f0xx_usart.o(.text.USART_ITConfig)
    USART_Init                               0x08000f59   Thumb Code   192  stm32f0xx_usart.o(.text.USART_Init)
    USART_ReceiveData                        0x08001019   Thumb Code     8  stm32f0xx_usart.o(.text.USART_ReceiveData)
    USART_SendData                           0x08001021   Thumb Code    12  stm32f0xx_usart.o(.text.USART_SendData)
    halAdcInit                               0x08001609   Thumb Code   160  hal_adc.o(.text.halAdcInit)
    halLcdSpiInit                            0x080016c5   Thumb Code    38  hal_lcd_spi.o(.text.halLcdSpiInit)
    halLcdSpiTxCmd                           0x080016f3   Thumb Code    32  hal_lcd_spi.o(.text.halLcdSpiTxCmd)
    halLcdSpiTxData                          0x08001713   Thumb Code    32  hal_lcd_spi.o(.text.halLcdSpiTxData)
    halOLED12864ClearScreen                  0x080017e9   Thumb Code    56  hal_oled12864.o(.text.halOLED12864ClearScreen)
    halOLED12864Init                         0x08001821   Thumb Code    24  hal_oled12864.o(.text.halOLED12864Init)
    halOLED12864ShowX16                      0x08001899   Thumb Code    58  hal_oled12864.o(.text.halOLED12864ShowX16)
    halSpiDisable                            0x08001939   Thumb Code    14  hal_spi.o(.text.halSpiDisable)
    halSpiEnable                             0x08001947   Thumb Code    28  hal_spi.o(.text.halSpiEnable)
    halSpiInit                               0x08001965   Thumb Code   164  hal_spi.o(.text.halSpiInit)
    halSystemDelayUs                         0x08001a09   Thumb Code    68  hal_system.o(.text.halSystemDelayUs)
    halSystemInit                            0x08001a4d   Thumb Code    12  hal_system.o(.text.halSystemInit)
    halUartInit                              0x08001ae5   Thumb Code    20  hal_uart.o(.text.halUartInit)
    halUartSetIRQCallback                    0x08001b2d   Thumb Code    12  hal_uart.o(.text.halUartSetIRQCallback)
    halUartWrite                             0x08001b39   Thumb Code    52  hal_uart.o(.text.halUartWrite)
    main                                     0x08001b6d   Thumb Code    28  main.o(.text.main)
    svcLogInit                               0x08001b9d   Thumb Code     2  svc_log.o(.text.svcLogInit)
    svcLogWriteLcd                           0x08001b9f   Thumb Code    76  svc_log.o(.text.svcLogWriteLcd)
    svcMsgInit                               0x08001bed   Thumb Code    16  svc_msg.o(.text.svcMsgInit)
    svcMsgRead                               0x08001c11   Thumb Code    84  svc_msg.o(.text.svcMsgRead)
    svcMsgWriteString                        0x08001c65   Thumb Code    20  svc_msg.o(.text.svcMsgWriteString)
    svcPluginsGetTempHumi                    0x08001c79   Thumb Code    60  svc_plugins.o(.text.svcPluginsGetTempHumi)
    svcPluginsInit                           0x08001cb5   Thumb Code     2  svc_plugins.o(.text.svcPluginsInit)
    svcTaskAdd                               0x08001cb9   Thumb Code    56  svc_task.o(.text.svcTaskAdd)
    svcTaskInit                              0x08001cf1   Thumb Code    16  svc_task.o(.text.svcTaskInit)
    svcTaskPoll                              0x08001d01   Thumb Code    76  svc_task.o(.text.svcTaskPoll)
    taskDataUploadInit                       0x08001d4d   Thumb Code    32  task_data_upload.o(.text.taskDataUploadInit)
    __0sprintf$3                             0x08001d75   Thumb Code    36  printf3.o(i.__0sprintf$3)
    __1sprintf$3                             0x08001d75   Thumb Code     0  printf3.o(i.__0sprintf$3)
    __2sprintf                               0x08001d75   Thumb Code     0  printf3.o(i.__0sprintf$3)
    __scatterload_copy                       0x08001d9d   Thumb Code    14  handlers.o(i.__scatterload_copy)
    __scatterload_null                       0x08001dab   Thumb Code     2  handlers.o(i.__scatterload_null)
    __scatterload_zeroinit                   0x08001dad   Thumb Code    14  handlers.o(i.__scatterload_zeroinit)
    Region$$Table$$Base                      0x080028a0   Number         0  anon$$obj.o(Region$$Table)
    Region$$Table$$Limit                     0x080028c0   Number         0  anon$$obj.o(Region$$Table)
    SystemCoreClock                          0x20000000   Data           4  system_stm32f0xx.o(.data.SystemCoreClock)
    svcMsgBuf                                0x20000224   Data         128  svc_msg.o(.bss.svcMsgBuf)
    svcMsgCounter                            0x200002a4   Data           2  svc_msg.o(.bss.svcMsgCounter)
    svcTasks                                 0x200002a8   Data         160  svc_task.o(.bss.svcTasks)
    __initial_sp                             0x20000758   Data           0  startup_stm32f030.o(STACK)



==============================================================================

Memory Map of the image

  Image Entry point : 0x080000c9

  Load Region LR_1 (Base: 0x08000000, Size: 0x000028c4, Max: 0xffffffff, ABSOLUTE)

    Execution Region ER_RO (Exec base: 0x08000000, Load base: 0x08000000, Size: 0x000028c0, Max: 0xffffffff, ABSOLUTE)

    Exec Addr    Load Addr    Size         Type   Attr      Idx    E Section Name        Object

    0x08000000   0x08000000   0x000000b4   Data   RO            3    RESET               startup_stm32f030.o
    0x080000b4   0x080000b4   0x00000000   Code   RO          981  * .ARM.Collect$$$$00000000  mc_p.l(entry.o)
    0x080000b4   0x080000b4   0x00000004   Code   RO         1269    .ARM.Collect$$$$00000001  mc_p.l(entry2.o)
    0x080000b8   0x080000b8   0x00000004   Code   RO         1272    .ARM.Collect$$$$00000004  mc_p.l(entry5.o)
    0x080000bc   0x080000bc   0x00000000   Code   RO         1274    .ARM.Collect$$$$00000008  mc_p.l(entry7b.o)
    0x080000bc   0x080000bc   0x00000000   Code   RO         1276    .ARM.Collect$$$$0000000A  mc_p.l(entry8b.o)
    0x080000bc   0x080000bc   0x00000008   Code   RO         1277    .ARM.Collect$$$$0000000B  mc_p.l(entry9a.o)
    0x080000c4   0x080000c4   0x00000000   Code   RO         1279    .ARM.Collect$$$$0000000D  mc_p.l(entry10a.o)
    0x080000c4   0x080000c4   0x00000000   Code   RO         1281    .ARM.Collect$$$$0000000F  mc_p.l(entry11a.o)
    0x080000c4   0x080000c4   0x00000004   Code   RO         1270    .ARM.Collect$$$$00002712  mc_p.l(entry2.o)
    0x080000c8   0x080000c8   0x00000058   Code   RO            4  * .text               startup_stm32f030.o
    0x08000120   0x08000120   0x00000024   Code   RO          990    .text               mc_p.l(memcpya.o)
    0x08000144   0x08000144   0x00000024   Code   RO          992    .text               mc_p.l(memseta.o)
    0x08000168   0x08000168   0x00000028   Code   RO          994    .text               mc_p.l(strstr.o)
    0x08000190   0x08000190   0x00000014   Code   RO          996    .text               mc_p.l(strchr.o)
    0x080001a4   0x080001a4   0x0000000e   Code   RO          998    .text               mc_p.l(strlen.o)
    0x080001b2   0x080001b2   0x0000007c   Code   RO         1263    .text               mf_p.l(fdiv.o)
    0x0800022e   0x0800022e   0x00000016   Code   RO         1265    .text               mf_p.l(fflti.o)
    0x08000244   0x08000244   0x00000032   Code   RO         1267    .text               mf_p.l(ffixi.o)
    0x08000276   0x08000276   0x0000003e   Code   RO         1292    .text               mc_p.l(uidiv_div0.o)
    0x080002b4   0x080002b4   0x00000000   Code   RO         1300    .text               mc_p.l(iusefp.o)
    0x080002b4   0x080002b4   0x00000082   Code   RO         1301    .text               mf_p.l(fepilogue.o)
    0x08000336   0x08000336   0x00000002   PAD
    0x08000338   0x08000338   0x00000024   Code   RO         1313    .text               mc_p.l(init.o)
    0x0800035c   0x0800035c   0x0000000a   Code   RO           57    .text.ADC_ChannelConfig  stm32f0xx_adc.o
    0x08000366   0x08000366   0x00000012   Code   RO           33    .text.ADC_Cmd       stm32f0xx_adc.o
    0x08000378   0x08000378   0x00000010   Code   RO           73    .text.ADC_DMACmd    stm32f0xx_adc.o
    0x08000388   0x08000388   0x00000024   Code   RO           27    .text.ADC_DeInit    stm32f0xx_adc.o
    0x080003ac   0x080003ac   0x0000002c   Code   RO           65    .text.ADC_GetCalibrationFactor  stm32f0xx_adc.o
    0x080003d8   0x080003d8   0x00000018   Code   RO           79    .text.ADC_GetFlagStatus  stm32f0xx_adc.o
    0x080003f0   0x080003f0   0x00000028   Code   RO           29    .text.ADC_Init      stm32f0xx_adc.o
    0x08000418   0x08000418   0x0000000a   Code   RO           69    .text.ADC_StartOfConversion  stm32f0xx_adc.o
    0x08000422   0x08000422   0x00000010   Code   RO           31    .text.ADC_StructInit  stm32f0xx_adc.o
    0x08000432   0x08000432   0x00000002   PAD
    0x08000434   0x08000434   0x00000070   Code   RO          861    .text.AHT20GetData  hal_dht20.o
    0x080004a4   0x080004a4   0x0000004c   Code   RO          837    .text.AHT20_RD_Byte  hal_dht20.o
    0x080004f0   0x080004f0   0x0000010c   Code   RO          855    .text.AHT20_Read_CTdata_crc  hal_dht20.o
    0x080005fc   0x080005fc   0x00000022   Code   RO          829    .text.AHT20_Read_Status  hal_dht20.o
    0x0800061e   0x0800061e   0x00000034   Code   RO          849    .text.AHT20_SendAC  hal_dht20.o
    0x08000652   0x08000652   0x00000016   Code   RO          831    .text.AHT20_Start_Init  hal_dht20.o
    0x08000668   0x08000668   0x0000004a   Code   RO          835    .text.AHT20_WR_Byte  hal_dht20.o
    0x080006b2   0x080006b2   0x0000003c   Code   RO          851    .text.Calc_CRC8     hal_dht20.o
    0x080006ee   0x080006ee   0x00000016   Code   RO          813    .text.Delay_1ms     hal_dht20.o
    0x08000704   0x08000704   0x0000000a   Code   RO          809    .text.Delay_4us     hal_dht20.o
    0x0800070e   0x0800070e   0x0000000a   Code   RO          811    .text.Delay_5us     hal_dht20.o
    0x08000718   0x08000718   0x00000070   Code   RO          121    .text.GPIO_Init     stm32f0xx_gpio.o
    0x08000788   0x08000788   0x00000020   Code   RO          143    .text.GPIO_PinAFConfig  stm32f0xx_gpio.o
    0x080007a8   0x080007a8   0x0000000a   Code   RO          127    .text.GPIO_ReadInputDataBit  stm32f0xx_gpio.o
    0x080007b2   0x080007b2   0x0000000a   Code   RO          131    .text.GPIO_ReadOutputDataBit  stm32f0xx_gpio.o
    0x080007bc   0x080007bc   0x00000004   Code   RO          137    .text.GPIO_ResetBits  stm32f0xx_gpio.o
    0x080007c0   0x080007c0   0x00000004   Code   RO          135    .text.GPIO_SetBits  stm32f0xx_gpio.o
    0x080007c4   0x080007c4   0x00000002   Code   RO          690    .text.HardFault_Handler  stm32f0xx_it.o
    0x080007c6   0x080007c6   0x0000002e   Code   RO          833    .text.I2C_Start     hal_dht20.o
    0x080007f4   0x080007f4   0x0000004e   Code   RO          827    .text.Init_I2C_Sensor_Port  hal_dht20.o
    0x08000842   0x08000842   0x000000ac   Code   RO          859    .text.JH_Reset_REG  hal_dht20.o
    0x080008ee   0x080008ee   0x00000002   Code   RO          688    .text.NMI_Handler   stm32f0xx_it.o
    0x080008f0   0x080008f0   0x00000050   Code   RO          153    .text.NVIC_Init     stm32f0xx_misc.o
    0x08000940   0x08000940   0x00000002   Code   RO          694    .text.PendSV_Handler  stm32f0xx_it.o
    0x08000942   0x08000942   0x00000002   PAD
    0x08000944   0x08000944   0x00000028   Code   RO          211    .text.RCC_ADCCLKConfig  stm32f0xx_rcc.o
    0x0800096c   0x0800096c   0x0000001c   Code   RO          229    .text.RCC_AHBPeriphClockCmd  stm32f0xx_rcc.o
    0x08000988   0x08000988   0x0000001c   Code   RO          239    .text.RCC_APB1PeriphResetCmd  stm32f0xx_rcc.o
    0x080009a4   0x080009a4   0x0000001c   Code   RO          231    .text.RCC_APB2PeriphClockCmd  stm32f0xx_rcc.o
    0x080009c0   0x080009c0   0x0000001c   Code   RO          237    .text.RCC_APB2PeriphResetCmd  stm32f0xx_rcc.o
    0x080009dc   0x080009dc   0x00000164   Code   RO          221    .text.RCC_GetClocksFreq  stm32f0xx_rcc.o
    0x08000b40   0x08000b40   0x00000018   Code   RO          191    .text.RCC_PLLConfig  stm32f0xx_rcc.o
    0x08000b58   0x08000b58   0x00000014   Code   RO          203    .text.RCC_SYSCLKConfig  stm32f0xx_rcc.o
    0x08000b6c   0x08000b6c   0x0000004a   Code   RO          839    .text.Receive_ACK   hal_dht20.o
    0x08000bb6   0x08000bb6   0x0000000e   Code   RO          823    .text.SCL_Pin_Output_High  hal_dht20.o
    0x08000bc4   0x08000bc4   0x0000000e   Code   RO          825    .text.SCL_Pin_Output_Low  hal_dht20.o
    0x08000bd2   0x08000bd2   0x00000026   Code   RO          821    .text.SDA_Pin_IN_FLOATING  hal_dht20.o
    0x08000bf8   0x08000bf8   0x0000002c   Code   RO          817    .text.SDA_Pin_Output_High  hal_dht20.o
    0x08000c24   0x08000c24   0x0000002c   Code   RO          819    .text.SDA_Pin_Output_Low  hal_dht20.o
    0x08000c50   0x08000c50   0x00000030   Code   RO          711    .text.SPI1_Transfer  hal_spi.o
    0x08000c80   0x08000c80   0x00000012   Code   RO          300    .text.SPI_Cmd       stm32f0xx_spi.o
    0x08000c92   0x08000c92   0x00000002   PAD
    0x08000c94   0x08000c94   0x00000040   Code   RO          290    .text.SPI_I2S_DeInit  stm32f0xx_spi.o
    0x08000cd4   0x08000cd4   0x0000000a   Code   RO          346    .text.SPI_I2S_GetFlagStatus  stm32f0xx_spi.o
    0x08000cde   0x08000cde   0x00000002   PAD
    0x08000ce0   0x08000ce0   0x00000050   Code   RO          294    .text.SPI_Init      stm32f0xx_spi.o
    0x08000d30   0x08000d30   0x00000004   Code   RO          322    .text.SPI_ReceiveData8  stm32f0xx_spi.o
    0x08000d34   0x08000d34   0x00000014   Code   RO          308    .text.SPI_RxFIFOThresholdConfig  stm32f0xx_spi.o
    0x08000d48   0x08000d48   0x00000004   Code   RO          318    .text.SPI_SendData8  stm32f0xx_spi.o
    0x08000d4c   0x08000d4c   0x00000002   Code   RO          692    .text.SVC_Handler   stm32f0xx_it.o
    0x08000d4e   0x08000d4e   0x00000038   Code   RO          841    .text.Send_ACK      hal_dht20.o
    0x08000d86   0x08000d86   0x00000038   Code   RO          843    .text.Send_NOT_ACK  hal_dht20.o
    0x08000dbe   0x08000dbe   0x00000002   PAD
    0x08000dc0   0x08000dc0   0x00000048   Code   RO           13    .text.SetSysClock   system_stm32f0xx.o
    0x08000e08   0x08000e08   0x00000024   Code   RO          845    .text.Stop_I2C      hal_dht20.o
    0x08000e2c   0x08000e2c   0x0000001c   Code   RO          157    .text.SysTick_CLKSourceConfig  stm32f0xx_misc.o
    0x08000e48   0x08000e48   0x00000002   Code   RO          696    .text.SysTick_Handler  stm32f0xx_it.o
    0x08000e4a   0x08000e4a   0x00000002   PAD
    0x08000e4c   0x08000e4c   0x0000005c   Code   RO           11    .text.SystemInit    system_stm32f0xx.o
    0x08000ea8   0x08000ea8   0x00000038   Code   RO          798    .text.USART1_IRQHandler  hal_uart.o
    0x08000ee0   0x08000ee0   0x00000004   Code   RO          480    .text.USART_ClearFlag  stm32f0xx_usart.o
    0x08000ee4   0x08000ee4   0x00000010   Code   RO          398    .text.USART_Cmd     stm32f0xx_usart.o
    0x08000ef4   0x08000ef4   0x0000000a   Code   RO          478    .text.USART_GetFlagStatus  stm32f0xx_usart.o
    0x08000efe   0x08000efe   0x0000002c   Code   RO          482    .text.USART_GetITStatus  stm32f0xx_usart.o
    0x08000f2a   0x08000f2a   0x0000002e   Code   RO          472    .text.USART_ITConfig  stm32f0xx_usart.o
    0x08000f58   0x08000f58   0x000000c0   Code   RO          390    .text.USART_Init    stm32f0xx_usart.o
    0x08001018   0x08001018   0x00000008   Code   RO          430    .text.USART_ReceiveData  stm32f0xx_usart.o
    0x08001020   0x08001020   0x0000000c   Code   RO          428    .text.USART_SendData  stm32f0xx_usart.o
    0x0800102c   0x0800102c   0x00000070   Code   RO          959    .text.atDHCPCheck   task_data_upload.o
    0x0800109c   0x0800109c   0x0000003c   Code   RO          957    .text.atDefaultCheck  task_data_upload.o
    0x080010d8   0x080010d8   0x00000044   Code   RO          963    .text.atMqttConnectCheck  task_data_upload.o
    0x0800111c   0x0800111c   0x00000048   Code   RO          961    .text.atMqttOpenCheck  task_data_upload.o
    0x08001164   0x08001164   0x000004a4   Code   RO          953    .text.dataUploadRunner  task_data_upload.o
    0x08001608   0x08001608   0x000000a0   Code   RO          775    .text.halAdcInit    hal_adc.o
    0x080016a8   0x080016a8   0x0000001c   Code   RO          937    .text.halInit       main.o
    0x080016c4   0x080016c4   0x00000026   Code   RO          724    .text.halLcdSpiInit  hal_lcd_spi.o
    0x080016ea   0x080016ea   0x00000008   Code   RO          728    .text.halLcdSpiTxByte  hal_lcd_spi.o
    0x080016f2   0x080016f2   0x00000020   Code   RO          726    .text.halLcdSpiTxCmd  hal_lcd_spi.o
    0x08001712   0x08001712   0x00000020   Code   RO          730    .text.halLcdSpiTxData  hal_lcd_spi.o
    0x08001732   0x08001732   0x000000b6   Code   RO          742    .text.halOLED12864ChipInit  hal_oled12864.o
    0x080017e8   0x080017e8   0x00000038   Code   RO          744    .text.halOLED12864ClearScreen  hal_oled12864.o
    0x08001820   0x08001820   0x00000018   Code   RO          740    .text.halOLED12864Init  hal_oled12864.o
    0x08001838   0x08001838   0x00000040   Code   RO          752    .text.halOLED12864Reset  hal_oled12864.o
    0x08001878   0x08001878   0x00000020   Code   RO          746    .text.halOLED12864SetPosition  hal_oled12864.o
    0x08001898   0x08001898   0x0000003a   Code   RO          748    .text.halOLED12864ShowX16  hal_oled12864.o
    0x080018d2   0x080018d2   0x00000002   PAD
    0x080018d4   0x080018d4   0x00000064   Code   RO          750    .text.halOLEDShowChar8x16  hal_oled12864.o
    0x08001938   0x08001938   0x0000000e   Code   RO          707    .text.halSpiDisable  hal_spi.o
    0x08001946   0x08001946   0x0000001c   Code   RO          705    .text.halSpiEnable  hal_spi.o
    0x08001962   0x08001962   0x00000002   PAD
    0x08001964   0x08001964   0x000000a4   Code   RO          709    .text.halSpiInit    hal_spi.o
    0x08001a08   0x08001a08   0x00000044   Code   RO          765    .text.halSystemDelayUs  hal_system.o
    0x08001a4c   0x08001a4c   0x0000000c   Code   RO          763    .text.halSystemInit  hal_system.o
    0x08001a58   0x08001a58   0x00000052   Code   RO          788    .text.halUartGpioInit  hal_uart.o
    0x08001aaa   0x08001aaa   0x00000002   PAD
    0x08001aac   0x08001aac   0x00000038   Code   RO          792    .text.halUartIRQInit  hal_uart.o
    0x08001ae4   0x08001ae4   0x00000014   Code   RO          786    .text.halUartInit   hal_uart.o
    0x08001af8   0x08001af8   0x00000034   Code   RO          790    .text.halUartParamInit  hal_uart.o
    0x08001b2c   0x08001b2c   0x0000000c   Code   RO          794    .text.halUartSetIRQCallback  hal_uart.o
    0x08001b38   0x08001b38   0x00000034   Code   RO          796    .text.halUartWrite  hal_uart.o
    0x08001b6c   0x08001b6c   0x0000001c   Code   RO          935    .text.main          main.o
    0x08001b88   0x08001b88   0x00000014   Code   RO          939    .text.svcInit       main.o
    0x08001b9c   0x08001b9c   0x00000002   Code   RO          909    .text.svcLogInit    svc_log.o
    0x08001b9e   0x08001b9e   0x0000004c   Code   RO          911    .text.svcLogWriteLcd  svc_log.o
    0x08001bea   0x08001bea   0x00000002   PAD
    0x08001bec   0x08001bec   0x00000010   Code   RO          872    .text.svcMsgInit    svc_msg.o
    0x08001bfc   0x08001bfc   0x00000014   Code   RO          874    .text.svcMsgOnUart  svc_msg.o
    0x08001c10   0x08001c10   0x00000054   Code   RO          876    .text.svcMsgRead    svc_msg.o
    0x08001c64   0x08001c64   0x00000014   Code   RO          880    .text.svcMsgWriteString  svc_msg.o
    0x08001c78   0x08001c78   0x0000003c   Code   RO          923    .text.svcPluginsGetTempHumi  svc_plugins.o
    0x08001cb4   0x08001cb4   0x00000002   Code   RO          921    .text.svcPluginsInit  svc_plugins.o
    0x08001cb6   0x08001cb6   0x00000002   PAD
    0x08001cb8   0x08001cb8   0x00000038   Code   RO          894    .text.svcTaskAdd    svc_task.o
    0x08001cf0   0x08001cf0   0x00000010   Code   RO          892    .text.svcTaskInit   svc_task.o
    0x08001d00   0x08001d00   0x0000004c   Code   RO          898    .text.svcTaskPoll   svc_task.o
    0x08001d4c   0x08001d4c   0x00000020   Code   RO          951    .text.taskDataUploadInit  task_data_upload.o
    0x08001d6c   0x08001d6c   0x00000008   Code   RO          941    .text.taskInit      main.o
    0x08001d74   0x08001d74   0x00000028   Code   RO         1093    i.__0sprintf$3      mc_p.l(printf3.o)
    0x08001d9c   0x08001d9c   0x0000000e   Code   RO         1329    i.__scatterload_copy  mc_p.l(handlers.o)
    0x08001daa   0x08001daa   0x00000002   Code   RO         1330    i.__scatterload_null  mc_p.l(handlers.o)
    0x08001dac   0x08001dac   0x0000000e   Code   RO         1331    i.__scatterload_zeroinit  mc_p.l(handlers.o)
    0x08001dba   0x08001dba   0x00000002   PAD
    0x08001dbc   0x08001dbc   0x000001cc   Code   RO         1098    i._printf_core      mc_p.l(printf3.o)
    0x08001f88   0x08001f88   0x0000000a   Code   RO         1100    i._sputc            mc_p.l(printf3.o)
    0x08001f92   0x08001f92   0x00000002   PAD
    0x08001f94   0x08001f94   0x0000000c   Data   RO          863    .rodata..L__const.AHT20GetData.data  hal_dht20.o
    0x08001fa0   0x08001fa0   0x00000012   Data   RO          715    .rodata..L__const.halSpiInit.spiConfig  hal_spi.o
    0x08001fb2   0x08001fb2   0x00000010   Data   RO          249    .rodata.APBAHBPrescTable  stm32f0xx_rcc.o
    0x08001fc2   0x08001fc2   0x000005f0   Data   RO          754    .rodata.FontTable_V_8X16  hal_oled12864.o
    0x080025b2   0x080025b2   0x000002ed   Data   RO          966    .rodata.str1.1      task_data_upload.o
    0x0800289f   0x0800289f   0x00000001   PAD
    0x080028a0   0x080028a0   0x00000020   Data   RO         1328    Region$$Table       anon$$obj.o


    Execution Region ER_RW (Exec base: 0x20000000, Load base: 0x080028c0, Size: 0x00000004, Max: 0xffffffff, ABSOLUTE)

    Exec Addr    Load Addr    Size         Type   Attr      Idx    E Section Name        Object

    0x20000000   0x080028c0   0x00000004   Data   RW           17    .data.SystemCoreClock  system_stm32f0xx.o


    Execution Region ER_ZI (Exec base: 0x20000008, Load base: 0x080028c4, Size: 0x00000750, Max: 0xffffffff, ABSOLUTE)

    Exec Addr    Load Addr    Size         Type   Attr      Idx    E Section Name        Object

    0x20000008        -       0x00000100   Zero   RW          968    .bss.atString       task_data_upload.o
    0x20000108        -       0x00000100   Zero   RW          972    .bss.dataString     task_data_upload.o
    0x20000208        -       0x00000004   Zero   RW          800    .bss.halUartOnIRQ   hal_uart.o
    0x2000020c        -       0x00000001   Zero   RW          973    .bss.isSendAT       task_data_upload.o
    0x2000020d        -       0x00000010   Zero   RW          971    .bss.lcdString      task_data_upload.o
    0x2000021d   0x080028c4   0x00000003   PAD
    0x20000220        -       0x00000004   Zero   RW          965    .bss.nbStep         task_data_upload.o
    0x20000224        -       0x00000080   Zero   RW          883    .bss.svcMsgBuf      svc_msg.o
    0x200002a4        -       0x00000002   Zero   RW          882    .bss.svcMsgCounter  svc_msg.o
    0x200002a6   0x080028c4   0x00000002   PAD
    0x200002a8        -       0x000000a0   Zero   RW          900    .bss.svcTasks       svc_task.o
    0x20000348        -       0x00000004   Zero   RW          967    .bss.timeCounter    task_data_upload.o
    0x2000034c        -       0x00000004   Zero   RW          969    .bss.valueA         task_data_upload.o
    0x20000350        -       0x00000004   Zero   RW          970    .bss.valueB         task_data_upload.o
    0x20000354   0x080028c4   0x00000004   PAD
    0x20000358        -       0x00000400   Zero   RW            1    STACK               startup_stm32f030.o


==============================================================================

Image component sizes


      Code (inc. data)   RO Data    RW Data    ZI Data      Debug   Object Name

       160         12          0          0          0       2588   hal_adc.o
      1412         16         12          0          0       7762   hal_dht20.o
       110          0          0          0          0       2374   hal_lcd_spi.o
       516          8       1520          0          0       3790   hal_oled12864.o
       254         12         18          0          0       3492   hal_spi.o
        80         16          0          0          0       1054   hal_system.o
       330         24          0          0          4       4563   hal_uart.o
        84          0          0          0          0        662   main.o
        88         38        180          0       1024        724   startup_stm32f030.o
       214         12          0          0          0       7560   stm32f0xx_adc.o
       172          0          0          0          0       4723   stm32f0xx_gpio.o
        10          0          0          0          0        683   stm32f0xx_it.o
       108         16          0          0          0       2545   stm32f0xx_misc.o
       552         44         16          0          0      10441   stm32f0xx_rcc.o
       200         20          0          0          0       9026   stm32f0xx_spi.o
       332         24          0          0          0      12131   stm32f0xx_usart.o
        78          0          0          0          0        976   svc_log.o
       140         12          0          0        130       1866   svc_msg.o
        62          0          0          0          0       1112   svc_plugins.o
       148          4          0          0        160       1803   svc_task.o
       164         20          0          4          0       2137   system_stm32f0xx.o
      1532        468        749          0        545       4273   task_data_upload.o

    ----------------------------------------------------------------------
      6768        746       2528          4       1872      86285   Object Totals
         0          0         32          0          0          0   (incl. Generated)
        22          0          1          0          9          0   (incl. Padding)

    ----------------------------------------------------------------------

      Code (inc. data)   RO Data    RW Data    ZI Data      Debug   Library Member Name

         0          0          0          0          0          0   entry.o
         0          0          0          0          0          0   entry10a.o
         0          0          0          0          0          0   entry11a.o
         8          4          0          0          0          0   entry2.o
         4          0          0          0          0          0   entry5.o
         0          0          0          0          0          0   entry7b.o
         0          0          0          0          0          0   entry8b.o
         8          4          0          0          0          0   entry9a.o
        30          0          0          0          0          0   handlers.o
        36          8          0          0          0         68   init.o
         0          0          0          0          0          0   iusefp.o
        36          0          0          0          0         60   memcpya.o
        36          0          0          0          0        100   memseta.o
       510          8          0          0          0        228   printf3.o
        20          0          0          0          0         60   strchr.o
        14          0          0          0          0         60   strlen.o
        40          0          0          0          0         72   strstr.o
        62          0          0          0          0         72   uidiv_div0.o
       124          0          0          0          0         72   fdiv.o
       130          0          0          0          0        144   fepilogue.o
        50          0          0          0          0         60   ffixi.o
        22          0          0          0          0         68   fflti.o

    ----------------------------------------------------------------------
      1136         24          0          0          0       1064   Library Totals
         6          0          0          0          0          0   (incl. Padding)

    ----------------------------------------------------------------------

      Code (inc. data)   RO Data    RW Data    ZI Data      Debug   Library Name

       804         24          0          0          0        720   mc_p.l
       326          0          0          0          0        344   mf_p.l

    ----------------------------------------------------------------------
      1136         24          0          0          0       1064   Library Totals

    ----------------------------------------------------------------------

==============================================================================


      Code (inc. data)   RO Data    RW Data    ZI Data      Debug   

      7904        770       2528          4       1872      86741   Grand Totals
      7904        770       2528          4       1872      86741   ELF Image Totals
      7904        770       2528          4          0          0   ROM Totals

==============================================================================

    Total RO  Size (Code + RO Data)                10432 (  10.19kB)
    Total RW  Size (RW Data + ZI Data)              1876 (   1.83kB)
    Total ROM Size (Code + RO Data + RW Data)      10436 (  10.19kB)

==============================================================================

