<html>
<body>
<pre>
<h1>猩ision Build Log</h1>
<h2>Tool Versions:</h2>
IDE-Version: μVision V5.37.0.0
Copyright (C) 2022 ARM Ltd and ARM Germany GmbH. All rights reserved.
License Information: xyz xyz, xyz, LIC=3UURY-IY3LV-068QU-S7YZ8-TQ56G-JT07Y
 
Tool Versions:
Toolchain:       MDK-ARM Professional  Version: 5.37.0.0
Toolchain Path:  C:\Keil_v5\ARM\ARMCLANG\Bin
C Compiler:      ArmClang.exe V6.18
Assembler:       Armasm.exe V6.18
Linker/Locator:  ArmLink.exe V6.18
Library Manager: ArmAr.exe V6.18
Hex Converter:   FromElf.exe V6.18
CPU DLL:         SARMCM3.DLL V5.37.0.0
Dialog DLL:      DARMCM1.DLL V1.19.6.0
Target DLL:      UL2CM3.DLL V1.164.7.0
Dialog DLL:      TARMCM1.DLL V1.14.6.0
 
<h2>Project:</h2>
H:\Software\STM32\善學坊開發指南\善學坊_STM32開發指南\STM32 Std 主板 配套源代碼\17. 高精度溫溼度傳感器實驗\CIOT-SDK(V1.0.3)\SDK.uvprojx
Project File Date:  07/20/2022

<h2>Output:</h2>
*** Using Compiler 'V6.18', folder: 'C:\Keil_v5\ARM\ARMCLANG\Bin'
Rebuild target 'Builder'
assembling startup_stm32f030.s...
compiling system_stm32f0xx.c...
compiling stm32f0xx_exti.c...
compiling stm32f0xx_misc.c...
compiling stm32f0xx_syscfg.c...
compiling stm32f0xx_gpio.c...
compiling stm32f0xx_dma.c...
compiling stm32f0xx_spi.c...
compiling stm32f0xx_adc.c...
compiling stm32f0xx_rcc.c...
compiling stm32f0xx_usart.c...
compiling stm32f0xx_it.c...
compiling hal_adc.c...
compiling hal_button.c...
compiling hal_led.c...
compiling hal_lcd_spi.c...
compiling hal_spi.c...
compiling hal_oled12864.c...
compiling hal_system.c...
compiling hal_timer.c...
compiling hal_uart.c...
compiling stm32f0xx_tim.c...
compiling svc_log.c...
compiling svc_button.c...
compiling svc_task.c...
compiling svc_plugins.c...
compiling svc_sensor.c...
compiling task_test.c...
compiling task_uart.c...
compiling task_led.c...
compiling task_lcd.c...
compiling hal_dht20.c...
compiling task_sensor.c...
compiling task_input.c...
compiling main.c...
linking...
Program Size: Code=10576 RO-data=1768 RW-data=4 ZI-data=1336  
FromELF: creating hex file...
".\Objects\STM32F030.axf" - 0 Error(s), 0 Warning(s).

<h2>Software Packages used:</h2>

Package Vendor: Keil
                http://www.keil.com/pack/Keil.STM32F0xx_DFP.2.1.0.pack
                Keil.STM32F0xx_DFP.2.1.0
                STMicroelectronics STM32F0 Series Device Support, Drivers and Examples

<h2>Collection of Component include folders:</h2>
  C:/Users/Petrushka/AppData/Local/Arm/Packs/Keil/STM32F0xx_DFP/2.1.0/Drivers/CMSIS/Device/ST/STM32F0xx/Include

<h2>Collection of Component Files used:</h2>
Build Time Elapsed:  00:00:01
</pre>
</body>
</html>
