<!doctype html public "-//w3c//dtd html 4.0 transitional//en">
<html><head>
<title>Static Call Graph - [STM32F030\STM32F030.axf]</title></head>
<body><HR>
<H1>Static Call Graph for image STM32F030\STM32F030.axf</H1><HR>
<BR><P>#&#060CALLGRAPH&#062# ARM Linker, 5060960: Last Updated: Mon Aug 09 19:44:27 2021
<BR><P>
<H3>Maximum Stack Usage =        100 bytes + Unknown(Cycles, Untraceable Function Pointers)</H3><H3>
Call chain for Maximum Stack Depth:</H3>
main &rArr; halOLED12864Init &rArr; halLcdSpiInit &rArr; halSpiInit &rArr; GPIO_Init
<P>
<H3>
Mutually Recursive functions
</H3> <LI><a href="#[10]">ADC1_IRQHandler</a>&nbsp;&nbsp;&nbsp;&rArr;&nbsp;&nbsp;&nbsp;<a href="#[10]">ADC1_IRQHandler</a><BR>
 <LI><a href="#[2]">HardFault_Handler</a>&nbsp;&nbsp;&nbsp;&rArr;&nbsp;&nbsp;&nbsp;<a href="#[2]">HardFault_Handler</a><BR>
</UL>
<P>
<H3>
Function Pointers
</H3><UL>
 <LI><a href="#[10]">ADC1_IRQHandler</a> from startup_stm32f030.o(.text) referenced from startup_stm32f030.o(RESET)
 <LI><a href="#[d]">DMA1_Channel1_IRQHandler</a> from startup_stm32f030.o(.text) referenced from startup_stm32f030.o(RESET)
 <LI><a href="#[e]">DMA1_Channel2_3_IRQHandler</a> from startup_stm32f030.o(.text) referenced from startup_stm32f030.o(RESET)
 <LI><a href="#[f]">DMA1_Channel4_5_IRQHandler</a> from startup_stm32f030.o(.text) referenced from startup_stm32f030.o(RESET)
 <LI><a href="#[a]">EXTI0_1_IRQHandler</a> from hal_button.o(i.EXTI0_1_IRQHandler) referenced from startup_stm32f030.o(RESET)
 <LI><a href="#[b]">EXTI2_3_IRQHandler</a> from startup_stm32f030.o(.text) referenced from startup_stm32f030.o(RESET)
 <LI><a href="#[c]">EXTI4_15_IRQHandler</a> from startup_stm32f030.o(.text) referenced from startup_stm32f030.o(RESET)
 <LI><a href="#[8]">FLASH_IRQHandler</a> from startup_stm32f030.o(.text) referenced from startup_stm32f030.o(RESET)
 <LI><a href="#[2]">HardFault_Handler</a> from stm32f0xx_it.o(i.HardFault_Handler) referenced from startup_stm32f030.o(RESET)
 <LI><a href="#[18]">I2C1_IRQHandler</a> from startup_stm32f030.o(.text) referenced from startup_stm32f030.o(RESET)
 <LI><a href="#[19]">I2C2_IRQHandler</a> from startup_stm32f030.o(.text) referenced from startup_stm32f030.o(RESET)
 <LI><a href="#[1]">NMI_Handler</a> from stm32f0xx_it.o(i.NMI_Handler) referenced from startup_stm32f030.o(RESET)
 <LI><a href="#[4]">PendSV_Handler</a> from stm32f0xx_it.o(i.PendSV_Handler) referenced from startup_stm32f030.o(RESET)
 <LI><a href="#[9]">RCC_IRQHandler</a> from startup_stm32f030.o(.text) referenced from startup_stm32f030.o(RESET)
 <LI><a href="#[7]">RTC_IRQHandler</a> from startup_stm32f030.o(.text) referenced from startup_stm32f030.o(RESET)
 <LI><a href="#[0]">Reset_Handler</a> from startup_stm32f030.o(.text) referenced from startup_stm32f030.o(RESET)
 <LI><a href="#[1a]">SPI1_IRQHandler</a> from startup_stm32f030.o(.text) referenced from startup_stm32f030.o(RESET)
 <LI><a href="#[1b]">SPI2_IRQHandler</a> from startup_stm32f030.o(.text) referenced from startup_stm32f030.o(RESET)
 <LI><a href="#[3]">SVC_Handler</a> from stm32f0xx_it.o(i.SVC_Handler) referenced from startup_stm32f030.o(RESET)
 <LI><a href="#[5]">SysTick_Handler</a> from stm32f0xx_it.o(i.SysTick_Handler) referenced from startup_stm32f030.o(RESET)
 <LI><a href="#[1f]">SystemInit</a> from system_stm32f0xx.o(i.SystemInit) referenced from startup_stm32f030.o(.text)
 <LI><a href="#[14]">TIM14_IRQHandler</a> from startup_stm32f030.o(.text) referenced from startup_stm32f030.o(RESET)
 <LI><a href="#[15]">TIM15_IRQHandler</a> from startup_stm32f030.o(.text) referenced from startup_stm32f030.o(RESET)
 <LI><a href="#[16]">TIM16_IRQHandler</a> from startup_stm32f030.o(.text) referenced from startup_stm32f030.o(RESET)
 <LI><a href="#[17]">TIM17_IRQHandler</a> from startup_stm32f030.o(.text) referenced from startup_stm32f030.o(RESET)
 <LI><a href="#[11]">TIM1_BRK_UP_TRG_COM_IRQHandler</a> from startup_stm32f030.o(.text) referenced from startup_stm32f030.o(RESET)
 <LI><a href="#[12]">TIM1_CC_IRQHandler</a> from startup_stm32f030.o(.text) referenced from startup_stm32f030.o(RESET)
 <LI><a href="#[13]">TIM3_IRQHandler</a> from hal_timer.o(i.TIM3_IRQHandler) referenced from startup_stm32f030.o(RESET)
 <LI><a href="#[1c]">USART1_IRQHandler</a> from hal_uart.o(i.USART1_IRQHandler) referenced from startup_stm32f030.o(RESET)
 <LI><a href="#[1d]">USART2_IRQHandler</a> from startup_stm32f030.o(.text) referenced from startup_stm32f030.o(RESET)
 <LI><a href="#[6]">WWDG_IRQHandler</a> from startup_stm32f030.o(.text) referenced from startup_stm32f030.o(RESET)
 <LI><a href="#[20]">__main</a> from entry.o(.ARM.Collect$$$$00000000) referenced from startup_stm32f030.o(.text)
 <LI><a href="#[1e]">main</a> from main.o(i.main) referenced from entry9a.o(.ARM.Collect$$$$0000000B)
</UL>
<P>
<H3>
Global Symbols
</H3>
<P><STRONG><a name="[20]"></a>__main</STRONG> (Thumb, 0 bytes, Stack size unknown bytes, entry.o(.ARM.Collect$$$$00000000))
<BR>[Address Reference Count : 1]<UL><LI> startup_stm32f030.o(.text)
</UL>
<P><STRONG><a name="[53]"></a>_main_stk</STRONG> (Thumb, 0 bytes, Stack size unknown bytes, entry2.o(.ARM.Collect$$$$00000001))

<P><STRONG><a name="[21]"></a>_main_scatterload</STRONG> (Thumb, 0 bytes, Stack size unknown bytes, entry5.o(.ARM.Collect$$$$00000004))
<BR><BR>[Calls]<UL><LI><a href="#[22]">&gt;&gt;</a>&nbsp;&nbsp;&nbsp;__scatterload
</UL>

<P><STRONG><a name="[25]"></a>__main_after_scatterload</STRONG> (Thumb, 0 bytes, Stack size unknown bytes, entry5.o(.ARM.Collect$$$$00000004))
<BR><BR>[Called By]<UL><LI><a href="#[22]">&gt;&gt;</a>&nbsp;&nbsp;&nbsp;__scatterload
</UL>

<P><STRONG><a name="[54]"></a>_main_clock</STRONG> (Thumb, 0 bytes, Stack size unknown bytes, entry7b.o(.ARM.Collect$$$$00000008))

<P><STRONG><a name="[55]"></a>_main_cpp_init</STRONG> (Thumb, 0 bytes, Stack size unknown bytes, entry8b.o(.ARM.Collect$$$$0000000A))

<P><STRONG><a name="[56]"></a>_main_init</STRONG> (Thumb, 0 bytes, Stack size unknown bytes, entry9a.o(.ARM.Collect$$$$0000000B))

<P><STRONG><a name="[23]"></a>__rt_lib_shutdown_fini</STRONG> (Thumb, 0 bytes, Stack size unknown bytes, entry12b.o(.ARM.Collect$$$$0000000E))
<BR><BR>[Calls]<UL><LI><a href="#[24]">&gt;&gt;</a>&nbsp;&nbsp;&nbsp;__arm_fini_ (Weak Reference)
</UL>

<P><STRONG><a name="[57]"></a>__rt_final_cpp</STRONG> (Thumb, 0 bytes, Stack size unknown bytes, entry10a.o(.ARM.Collect$$$$0000000F))

<P><STRONG><a name="[58]"></a>__rt_final_exit</STRONG> (Thumb, 0 bytes, Stack size unknown bytes, entry11a.o(.ARM.Collect$$$$00000011))

<P><STRONG><a name="[0]"></a>Reset_Handler</STRONG> (Thumb, 38 bytes, Stack size 0 bytes, startup_stm32f030.o(.text))
<BR>[Address Reference Count : 1]<UL><LI> startup_stm32f030.o(RESET)
</UL>
<P><STRONG><a name="[10]"></a>ADC1_IRQHandler</STRONG> (Thumb, 0 bytes, Stack size 0 bytes, startup_stm32f030.o(.text))
<BR><BR>[Calls]<UL><LI><a href="#[10]">&gt;&gt;</a>&nbsp;&nbsp;&nbsp;ADC1_IRQHandler
</UL>
<BR>[Called By]<UL><LI><a href="#[10]">&gt;&gt;</a>&nbsp;&nbsp;&nbsp;ADC1_IRQHandler
</UL>
<BR>[Address Reference Count : 1]<UL><LI> startup_stm32f030.o(RESET)
</UL>
<P><STRONG><a name="[d]"></a>DMA1_Channel1_IRQHandler</STRONG> (Thumb, 0 bytes, Stack size 0 bytes, startup_stm32f030.o(.text))
<BR>[Address Reference Count : 1]<UL><LI> startup_stm32f030.o(RESET)
</UL>
<P><STRONG><a name="[e]"></a>DMA1_Channel2_3_IRQHandler</STRONG> (Thumb, 0 bytes, Stack size 0 bytes, startup_stm32f030.o(.text))
<BR>[Address Reference Count : 1]<UL><LI> startup_stm32f030.o(RESET)
</UL>
<P><STRONG><a name="[f]"></a>DMA1_Channel4_5_IRQHandler</STRONG> (Thumb, 0 bytes, Stack size 0 bytes, startup_stm32f030.o(.text))
<BR>[Address Reference Count : 1]<UL><LI> startup_stm32f030.o(RESET)
</UL>
<P><STRONG><a name="[b]"></a>EXTI2_3_IRQHandler</STRONG> (Thumb, 0 bytes, Stack size 0 bytes, startup_stm32f030.o(.text))
<BR>[Address Reference Count : 1]<UL><LI> startup_stm32f030.o(RESET)
</UL>
<P><STRONG><a name="[c]"></a>EXTI4_15_IRQHandler</STRONG> (Thumb, 0 bytes, Stack size 0 bytes, startup_stm32f030.o(.text))
<BR>[Address Reference Count : 1]<UL><LI> startup_stm32f030.o(RESET)
</UL>
<P><STRONG><a name="[8]"></a>FLASH_IRQHandler</STRONG> (Thumb, 0 bytes, Stack size 0 bytes, startup_stm32f030.o(.text))
<BR>[Address Reference Count : 1]<UL><LI> startup_stm32f030.o(RESET)
</UL>
<P><STRONG><a name="[18]"></a>I2C1_IRQHandler</STRONG> (Thumb, 0 bytes, Stack size 0 bytes, startup_stm32f030.o(.text))
<BR>[Address Reference Count : 1]<UL><LI> startup_stm32f030.o(RESET)
</UL>
<P><STRONG><a name="[19]"></a>I2C2_IRQHandler</STRONG> (Thumb, 0 bytes, Stack size 0 bytes, startup_stm32f030.o(.text))
<BR>[Address Reference Count : 1]<UL><LI> startup_stm32f030.o(RESET)
</UL>
<P><STRONG><a name="[9]"></a>RCC_IRQHandler</STRONG> (Thumb, 0 bytes, Stack size 0 bytes, startup_stm32f030.o(.text))
<BR>[Address Reference Count : 1]<UL><LI> startup_stm32f030.o(RESET)
</UL>
<P><STRONG><a name="[7]"></a>RTC_IRQHandler</STRONG> (Thumb, 0 bytes, Stack size 0 bytes, startup_stm32f030.o(.text))
<BR>[Address Reference Count : 1]<UL><LI> startup_stm32f030.o(RESET)
</UL>
<P><STRONG><a name="[1a]"></a>SPI1_IRQHandler</STRONG> (Thumb, 0 bytes, Stack size 0 bytes, startup_stm32f030.o(.text))
<BR>[Address Reference Count : 1]<UL><LI> startup_stm32f030.o(RESET)
</UL>
<P><STRONG><a name="[1b]"></a>SPI2_IRQHandler</STRONG> (Thumb, 0 bytes, Stack size 0 bytes, startup_stm32f030.o(.text))
<BR>[Address Reference Count : 1]<UL><LI> startup_stm32f030.o(RESET)
</UL>
<P><STRONG><a name="[14]"></a>TIM14_IRQHandler</STRONG> (Thumb, 0 bytes, Stack size 0 bytes, startup_stm32f030.o(.text))
<BR>[Address Reference Count : 1]<UL><LI> startup_stm32f030.o(RESET)
</UL>
<P><STRONG><a name="[15]"></a>TIM15_IRQHandler</STRONG> (Thumb, 0 bytes, Stack size 0 bytes, startup_stm32f030.o(.text))
<BR>[Address Reference Count : 1]<UL><LI> startup_stm32f030.o(RESET)
</UL>
<P><STRONG><a name="[16]"></a>TIM16_IRQHandler</STRONG> (Thumb, 0 bytes, Stack size 0 bytes, startup_stm32f030.o(.text))
<BR>[Address Reference Count : 1]<UL><LI> startup_stm32f030.o(RESET)
</UL>
<P><STRONG><a name="[17]"></a>TIM17_IRQHandler</STRONG> (Thumb, 0 bytes, Stack size 0 bytes, startup_stm32f030.o(.text))
<BR>[Address Reference Count : 1]<UL><LI> startup_stm32f030.o(RESET)
</UL>
<P><STRONG><a name="[11]"></a>TIM1_BRK_UP_TRG_COM_IRQHandler</STRONG> (Thumb, 0 bytes, Stack size 0 bytes, startup_stm32f030.o(.text))
<BR>[Address Reference Count : 1]<UL><LI> startup_stm32f030.o(RESET)
</UL>
<P><STRONG><a name="[12]"></a>TIM1_CC_IRQHandler</STRONG> (Thumb, 0 bytes, Stack size 0 bytes, startup_stm32f030.o(.text))
<BR>[Address Reference Count : 1]<UL><LI> startup_stm32f030.o(RESET)
</UL>
<P><STRONG><a name="[1d]"></a>USART2_IRQHandler</STRONG> (Thumb, 0 bytes, Stack size 0 bytes, startup_stm32f030.o(.text))
<BR>[Address Reference Count : 1]<UL><LI> startup_stm32f030.o(RESET)
</UL>
<P><STRONG><a name="[6]"></a>WWDG_IRQHandler</STRONG> (Thumb, 0 bytes, Stack size 0 bytes, startup_stm32f030.o(.text))
<BR>[Address Reference Count : 1]<UL><LI> startup_stm32f030.o(RESET)
</UL>
<P><STRONG><a name="[59]"></a>__aeabi_uidiv</STRONG> (Thumb, 0 bytes, Stack size 12 bytes, uidiv.o(.text), UNUSED)

<P><STRONG><a name="[50]"></a>__aeabi_uidivmod</STRONG> (Thumb, 44 bytes, Stack size 12 bytes, uidiv.o(.text))
<BR><BR>[Stack]<UL><LI>Max Depth = 12<LI>Call Chain = __aeabi_uidivmod
</UL>
<BR>[Called By]<UL><LI><a href="#[27]">&gt;&gt;</a>&nbsp;&nbsp;&nbsp;halSystemDelayUs
</UL>

<P><STRONG><a name="[5a]"></a>__aeabi_memcpy</STRONG> (Thumb, 36 bytes, Stack size 0 bytes, memcpya.o(.text), UNUSED)

<P><STRONG><a name="[4c]"></a>__aeabi_memcpy4</STRONG> (Thumb, 0 bytes, Stack size 0 bytes, memcpya.o(.text))
<BR><BR>[Called By]<UL><LI><a href="#[3c]">&gt;&gt;</a>&nbsp;&nbsp;&nbsp;halSpiInit
</UL>

<P><STRONG><a name="[5b]"></a>__aeabi_memcpy8</STRONG> (Thumb, 0 bytes, Stack size 0 bytes, memcpya.o(.text), UNUSED)

<P><STRONG><a name="[22]"></a>__scatterload</STRONG> (Thumb, 28 bytes, Stack size 0 bytes, init.o(.text))
<BR><BR>[Calls]<UL><LI><a href="#[25]">&gt;&gt;</a>&nbsp;&nbsp;&nbsp;__main_after_scatterload
</UL>
<BR>[Called By]<UL><LI><a href="#[21]">&gt;&gt;</a>&nbsp;&nbsp;&nbsp;_main_scatterload
</UL>

<P><STRONG><a name="[5c]"></a>__scatterload_rt2</STRONG> (Thumb, 0 bytes, Stack size 0 bytes, init.o(.text), UNUSED)

<P><STRONG><a name="[a]"></a>EXTI0_1_IRQHandler</STRONG> (Thumb, 52 bytes, Stack size 8 bytes, hal_button.o(i.EXTI0_1_IRQHandler))
<BR><BR>[Stack]<UL><LI>Max Depth = 36<LI>Call Chain = EXTI0_1_IRQHandler &rArr; halSystemDelayUs &rArr; __aeabi_uidivmod
</UL>
<BR>[Calls]<UL><LI><a href="#[26]">&gt;&gt;</a>&nbsp;&nbsp;&nbsp;EXTI_GetITStatus
<LI><a href="#[29]">&gt;&gt;</a>&nbsp;&nbsp;&nbsp;EXTI_ClearFlag
<LI><a href="#[28]">&gt;&gt;</a>&nbsp;&nbsp;&nbsp;GPIO_ReadInputDataBit
<LI><a href="#[27]">&gt;&gt;</a>&nbsp;&nbsp;&nbsp;halSystemDelayUs
</UL>
<BR>[Address Reference Count : 1]<UL><LI> startup_stm32f030.o(RESET)
</UL>
<P><STRONG><a name="[29]"></a>EXTI_ClearFlag</STRONG> (Thumb, 6 bytes, Stack size 0 bytes, stm32f0xx_exti.o(i.EXTI_ClearFlag))
<BR><BR>[Called By]<UL><LI><a href="#[a]">&gt;&gt;</a>&nbsp;&nbsp;&nbsp;EXTI0_1_IRQHandler
</UL>

<P><STRONG><a name="[26]"></a>EXTI_GetITStatus</STRONG> (Thumb, 16 bytes, Stack size 0 bytes, stm32f0xx_exti.o(i.EXTI_GetITStatus))
<BR><BR>[Called By]<UL><LI><a href="#[a]">&gt;&gt;</a>&nbsp;&nbsp;&nbsp;EXTI0_1_IRQHandler
</UL>

<P><STRONG><a name="[3b]"></a>GPIO_Init</STRONG> (Thumb, 112 bytes, Stack size 20 bytes, stm32f0xx_gpio.o(i.GPIO_Init))
<BR><BR>[Stack]<UL><LI>Max Depth = 20<LI>Call Chain = GPIO_Init
</UL>
<BR>[Called By]<UL><LI><a href="#[39]">&gt;&gt;</a>&nbsp;&nbsp;&nbsp;halLcdSpiInit
<LI><a href="#[43]">&gt;&gt;</a>&nbsp;&nbsp;&nbsp;halOLED12864ChipInit
<LI><a href="#[3c]">&gt;&gt;</a>&nbsp;&nbsp;&nbsp;halSpiInit
</UL>

<P><STRONG><a name="[4b]"></a>GPIO_PinAFConfig</STRONG> (Thumb, 32 bytes, Stack size 8 bytes, stm32f0xx_gpio.o(i.GPIO_PinAFConfig))
<BR><BR>[Stack]<UL><LI>Max Depth = 8<LI>Call Chain = GPIO_PinAFConfig
</UL>
<BR>[Called By]<UL><LI><a href="#[3c]">&gt;&gt;</a>&nbsp;&nbsp;&nbsp;halSpiInit
</UL>

<P><STRONG><a name="[28]"></a>GPIO_ReadInputDataBit</STRONG> (Thumb, 14 bytes, Stack size 0 bytes, stm32f0xx_gpio.o(i.GPIO_ReadInputDataBit))
<BR><BR>[Called By]<UL><LI><a href="#[a]">&gt;&gt;</a>&nbsp;&nbsp;&nbsp;EXTI0_1_IRQHandler
</UL>

<P><STRONG><a name="[49]"></a>GPIO_ReadOutputDataBit</STRONG> (Thumb, 14 bytes, Stack size 0 bytes, stm32f0xx_gpio.o(i.GPIO_ReadOutputDataBit))
<BR><BR>[Called By]<UL><LI><a href="#[3e]">&gt;&gt;</a>&nbsp;&nbsp;&nbsp;halSpiEnable
</UL>

<P><STRONG><a name="[3f]"></a>GPIO_ResetBits</STRONG> (Thumb, 4 bytes, Stack size 0 bytes, stm32f0xx_gpio.o(i.GPIO_ResetBits))
<BR><BR>[Called By]<UL><LI><a href="#[3d]">&gt;&gt;</a>&nbsp;&nbsp;&nbsp;halLcdSpiTxCmd
<LI><a href="#[43]">&gt;&gt;</a>&nbsp;&nbsp;&nbsp;halOLED12864ChipInit
<LI><a href="#[3e]">&gt;&gt;</a>&nbsp;&nbsp;&nbsp;halSpiEnable
</UL>

<P><STRONG><a name="[42]"></a>GPIO_SetBits</STRONG> (Thumb, 4 bytes, Stack size 0 bytes, stm32f0xx_gpio.o(i.GPIO_SetBits))
<BR><BR>[Called By]<UL><LI><a href="#[41]">&gt;&gt;</a>&nbsp;&nbsp;&nbsp;halLcdSpiTxData
<LI><a href="#[43]">&gt;&gt;</a>&nbsp;&nbsp;&nbsp;halOLED12864ChipInit
<LI><a href="#[3c]">&gt;&gt;</a>&nbsp;&nbsp;&nbsp;halSpiInit
<LI><a href="#[40]">&gt;&gt;</a>&nbsp;&nbsp;&nbsp;halSpiDisable
</UL>

<P><STRONG><a name="[2]"></a>HardFault_Handler</STRONG> (Thumb, 2 bytes, Stack size 0 bytes, stm32f0xx_it.o(i.HardFault_Handler))
<BR><BR>[Calls]<UL><LI><a href="#[2]">&gt;&gt;</a>&nbsp;&nbsp;&nbsp;HardFault_Handler
</UL>
<BR>[Called By]<UL><LI><a href="#[2]">&gt;&gt;</a>&nbsp;&nbsp;&nbsp;HardFault_Handler
</UL>
<BR>[Address Reference Count : 1]<UL><LI> startup_stm32f030.o(RESET)
</UL>
<P><STRONG><a name="[1]"></a>NMI_Handler</STRONG> (Thumb, 2 bytes, Stack size 0 bytes, stm32f0xx_it.o(i.NMI_Handler))
<BR>[Address Reference Count : 1]<UL><LI> startup_stm32f030.o(RESET)
</UL>
<P><STRONG><a name="[4]"></a>PendSV_Handler</STRONG> (Thumb, 2 bytes, Stack size 0 bytes, stm32f0xx_it.o(i.PendSV_Handler))
<BR>[Address Reference Count : 1]<UL><LI> startup_stm32f030.o(RESET)
</UL>
<P><STRONG><a name="[3a]"></a>RCC_AHBPeriphClockCmd</STRONG> (Thumb, 18 bytes, Stack size 0 bytes, stm32f0xx_rcc.o(i.RCC_AHBPeriphClockCmd))
<BR><BR>[Called By]<UL><LI><a href="#[39]">&gt;&gt;</a>&nbsp;&nbsp;&nbsp;halLcdSpiInit
<LI><a href="#[43]">&gt;&gt;</a>&nbsp;&nbsp;&nbsp;halOLED12864ChipInit
<LI><a href="#[3c]">&gt;&gt;</a>&nbsp;&nbsp;&nbsp;halSpiInit
</UL>

<P><STRONG><a name="[30]"></a>RCC_APB1PeriphResetCmd</STRONG> (Thumb, 18 bytes, Stack size 0 bytes, stm32f0xx_rcc.o(i.RCC_APB1PeriphResetCmd))
<BR><BR>[Called By]<UL><LI><a href="#[2e]">&gt;&gt;</a>&nbsp;&nbsp;&nbsp;SPI_I2S_DeInit
</UL>

<P><STRONG><a name="[4a]"></a>RCC_APB2PeriphClockCmd</STRONG> (Thumb, 18 bytes, Stack size 0 bytes, stm32f0xx_rcc.o(i.RCC_APB2PeriphClockCmd))
<BR><BR>[Called By]<UL><LI><a href="#[3c]">&gt;&gt;</a>&nbsp;&nbsp;&nbsp;halSpiInit
</UL>

<P><STRONG><a name="[2f]"></a>RCC_APB2PeriphResetCmd</STRONG> (Thumb, 18 bytes, Stack size 0 bytes, stm32f0xx_rcc.o(i.RCC_APB2PeriphResetCmd))
<BR><BR>[Called By]<UL><LI><a href="#[2e]">&gt;&gt;</a>&nbsp;&nbsp;&nbsp;SPI_I2S_DeInit
</UL>

<P><STRONG><a name="[32]"></a>RCC_PLLConfig</STRONG> (Thumb, 24 bytes, Stack size 8 bytes, stm32f0xx_rcc.o(i.RCC_PLLConfig))
<BR><BR>[Stack]<UL><LI>Max Depth = 8<LI>Call Chain = RCC_PLLConfig
</UL>
<BR>[Called By]<UL><LI><a href="#[31]">&gt;&gt;</a>&nbsp;&nbsp;&nbsp;SetSysClock
</UL>

<P><STRONG><a name="[33]"></a>RCC_SYSCLKConfig</STRONG> (Thumb, 14 bytes, Stack size 0 bytes, stm32f0xx_rcc.o(i.RCC_SYSCLKConfig))
<BR><BR>[Called By]<UL><LI><a href="#[31]">&gt;&gt;</a>&nbsp;&nbsp;&nbsp;SetSysClock
</UL>

<P><STRONG><a name="[2a]"></a>SPI1_Transfer</STRONG> (Thumb, 46 bytes, Stack size 16 bytes, hal_spi.o(i.SPI1_Transfer))
<BR><BR>[Stack]<UL><LI>Max Depth = 16<LI>Call Chain = SPI1_Transfer
</UL>
<BR>[Calls]<UL><LI><a href="#[2c]">&gt;&gt;</a>&nbsp;&nbsp;&nbsp;SPI_SendData8
<LI><a href="#[2d]">&gt;&gt;</a>&nbsp;&nbsp;&nbsp;SPI_ReceiveData8
<LI><a href="#[2b]">&gt;&gt;</a>&nbsp;&nbsp;&nbsp;SPI_I2S_GetFlagStatus
</UL>
<BR>[Called By]<UL><LI><a href="#[41]">&gt;&gt;</a>&nbsp;&nbsp;&nbsp;halLcdSpiTxData
<LI><a href="#[3d]">&gt;&gt;</a>&nbsp;&nbsp;&nbsp;halLcdSpiTxCmd
</UL>

<P><STRONG><a name="[4f]"></a>SPI_Cmd</STRONG> (Thumb, 18 bytes, Stack size 0 bytes, stm32f0xx_spi.o(i.SPI_Cmd))
<BR><BR>[Called By]<UL><LI><a href="#[3c]">&gt;&gt;</a>&nbsp;&nbsp;&nbsp;halSpiInit
</UL>

<P><STRONG><a name="[2e]"></a>SPI_I2S_DeInit</STRONG> (Thumb, 54 bytes, Stack size 8 bytes, stm32f0xx_spi.o(i.SPI_I2S_DeInit))
<BR><BR>[Stack]<UL><LI>Max Depth = 8<LI>Call Chain = SPI_I2S_DeInit
</UL>
<BR>[Calls]<UL><LI><a href="#[2f]">&gt;&gt;</a>&nbsp;&nbsp;&nbsp;RCC_APB2PeriphResetCmd
<LI><a href="#[30]">&gt;&gt;</a>&nbsp;&nbsp;&nbsp;RCC_APB1PeriphResetCmd
</UL>
<BR>[Called By]<UL><LI><a href="#[3c]">&gt;&gt;</a>&nbsp;&nbsp;&nbsp;halSpiInit
</UL>

<P><STRONG><a name="[2b]"></a>SPI_I2S_GetFlagStatus</STRONG> (Thumb, 14 bytes, Stack size 0 bytes, stm32f0xx_spi.o(i.SPI_I2S_GetFlagStatus))
<BR><BR>[Called By]<UL><LI><a href="#[2a]">&gt;&gt;</a>&nbsp;&nbsp;&nbsp;SPI1_Transfer
</UL>

<P><STRONG><a name="[4d]"></a>SPI_Init</STRONG> (Thumb, 74 bytes, Stack size 12 bytes, stm32f0xx_spi.o(i.SPI_Init))
<BR><BR>[Stack]<UL><LI>Max Depth = 12<LI>Call Chain = SPI_Init
</UL>
<BR>[Called By]<UL><LI><a href="#[3c]">&gt;&gt;</a>&nbsp;&nbsp;&nbsp;halSpiInit
</UL>

<P><STRONG><a name="[2d]"></a>SPI_ReceiveData8</STRONG> (Thumb, 4 bytes, Stack size 0 bytes, stm32f0xx_spi.o(i.SPI_ReceiveData8))
<BR><BR>[Called By]<UL><LI><a href="#[2a]">&gt;&gt;</a>&nbsp;&nbsp;&nbsp;SPI1_Transfer
</UL>

<P><STRONG><a name="[4e]"></a>SPI_RxFIFOThresholdConfig</STRONG> (Thumb, 16 bytes, Stack size 0 bytes, stm32f0xx_spi.o(i.SPI_RxFIFOThresholdConfig))
<BR><BR>[Called By]<UL><LI><a href="#[3c]">&gt;&gt;</a>&nbsp;&nbsp;&nbsp;halSpiInit
</UL>

<P><STRONG><a name="[2c]"></a>SPI_SendData8</STRONG> (Thumb, 4 bytes, Stack size 0 bytes, stm32f0xx_spi.o(i.SPI_SendData8))
<BR><BR>[Called By]<UL><LI><a href="#[2a]">&gt;&gt;</a>&nbsp;&nbsp;&nbsp;SPI1_Transfer
</UL>

<P><STRONG><a name="[3]"></a>SVC_Handler</STRONG> (Thumb, 2 bytes, Stack size 0 bytes, stm32f0xx_it.o(i.SVC_Handler))
<BR>[Address Reference Count : 1]<UL><LI> startup_stm32f030.o(RESET)
</UL>
<P><STRONG><a name="[52]"></a>SysTick_CLKSourceConfig</STRONG> (Thumb, 20 bytes, Stack size 0 bytes, stm32f0xx_misc.o(i.SysTick_CLKSourceConfig))
<BR><BR>[Called By]<UL><LI><a href="#[51]">&gt;&gt;</a>&nbsp;&nbsp;&nbsp;halSystemInit
</UL>

<P><STRONG><a name="[5]"></a>SysTick_Handler</STRONG> (Thumb, 2 bytes, Stack size 0 bytes, stm32f0xx_it.o(i.SysTick_Handler))
<BR>[Address Reference Count : 1]<UL><LI> startup_stm32f030.o(RESET)
</UL>
<P><STRONG><a name="[1f]"></a>SystemInit</STRONG> (Thumb, 84 bytes, Stack size 8 bytes, system_stm32f0xx.o(i.SystemInit))
<BR><BR>[Stack]<UL><LI>Max Depth = 40<LI>Call Chain = SystemInit &rArr; SetSysClock &rArr; RCC_PLLConfig
</UL>
<BR>[Calls]<UL><LI><a href="#[31]">&gt;&gt;</a>&nbsp;&nbsp;&nbsp;SetSysClock
</UL>
<BR>[Address Reference Count : 1]<UL><LI> startup_stm32f030.o(.text)
</UL>
<P><STRONG><a name="[13]"></a>TIM3_IRQHandler</STRONG> (Thumb, 36 bytes, Stack size 8 bytes, hal_timer.o(i.TIM3_IRQHandler))
<BR><BR>[Stack]<UL><LI>Max Depth = 8<LI>Call Chain = TIM3_IRQHandler
</UL>
<BR>[Calls]<UL><LI><a href="#[34]">&gt;&gt;</a>&nbsp;&nbsp;&nbsp;TIM_GetITStatus
<LI><a href="#[35]">&gt;&gt;</a>&nbsp;&nbsp;&nbsp;TIM_ClearITPendingBit
</UL>
<BR>[Address Reference Count : 1]<UL><LI> startup_stm32f030.o(RESET)
</UL>
<P><STRONG><a name="[35]"></a>TIM_ClearITPendingBit</STRONG> (Thumb, 6 bytes, Stack size 0 bytes, stm32f0xx_tim.o(i.TIM_ClearITPendingBit))
<BR><BR>[Called By]<UL><LI><a href="#[13]">&gt;&gt;</a>&nbsp;&nbsp;&nbsp;TIM3_IRQHandler
</UL>

<P><STRONG><a name="[34]"></a>TIM_GetITStatus</STRONG> (Thumb, 24 bytes, Stack size 0 bytes, stm32f0xx_tim.o(i.TIM_GetITStatus))
<BR><BR>[Called By]<UL><LI><a href="#[13]">&gt;&gt;</a>&nbsp;&nbsp;&nbsp;TIM3_IRQHandler
</UL>

<P><STRONG><a name="[1c]"></a>USART1_IRQHandler</STRONG> (Thumb, 46 bytes, Stack size 8 bytes, hal_uart.o(i.USART1_IRQHandler))
<BR><BR>[Stack]<UL><LI>Max Depth = 20<LI>Call Chain = USART1_IRQHandler &rArr; USART_GetITStatus
</UL>
<BR>[Calls]<UL><LI><a href="#[37]">&gt;&gt;</a>&nbsp;&nbsp;&nbsp;USART_ReceiveData
<LI><a href="#[36]">&gt;&gt;</a>&nbsp;&nbsp;&nbsp;USART_GetITStatus
<LI><a href="#[38]">&gt;&gt;</a>&nbsp;&nbsp;&nbsp;USART_ClearFlag
</UL>
<BR>[Address Reference Count : 1]<UL><LI> startup_stm32f030.o(RESET)
</UL>
<P><STRONG><a name="[38]"></a>USART_ClearFlag</STRONG> (Thumb, 4 bytes, Stack size 0 bytes, stm32f0xx_usart.o(i.USART_ClearFlag))
<BR><BR>[Called By]<UL><LI><a href="#[1c]">&gt;&gt;</a>&nbsp;&nbsp;&nbsp;USART1_IRQHandler
</UL>

<P><STRONG><a name="[36]"></a>USART_GetITStatus</STRONG> (Thumb, 56 bytes, Stack size 12 bytes, stm32f0xx_usart.o(i.USART_GetITStatus))
<BR><BR>[Stack]<UL><LI>Max Depth = 12<LI>Call Chain = USART_GetITStatus
</UL>
<BR>[Called By]<UL><LI><a href="#[1c]">&gt;&gt;</a>&nbsp;&nbsp;&nbsp;USART1_IRQHandler
</UL>

<P><STRONG><a name="[37]"></a>USART_ReceiveData</STRONG> (Thumb, 8 bytes, Stack size 0 bytes, stm32f0xx_usart.o(i.USART_ReceiveData))
<BR><BR>[Called By]<UL><LI><a href="#[1c]">&gt;&gt;</a>&nbsp;&nbsp;&nbsp;USART1_IRQHandler
</UL>

<P><STRONG><a name="[5d]"></a>__scatterload_copy</STRONG> (Thumb, 14 bytes, Stack size unknown bytes, handlers.o(i.__scatterload_copy), UNUSED)

<P><STRONG><a name="[5e]"></a>__scatterload_null</STRONG> (Thumb, 2 bytes, Stack size unknown bytes, handlers.o(i.__scatterload_null), UNUSED)

<P><STRONG><a name="[5f]"></a>__scatterload_zeroinit</STRONG> (Thumb, 14 bytes, Stack size unknown bytes, handlers.o(i.__scatterload_zeroinit), UNUSED)

<P><STRONG><a name="[39]"></a>halLcdSpiInit</STRONG> (Thumb, 40 bytes, Stack size 16 bytes, hal_lcd_spi.o(i.halLcdSpiInit))
<BR><BR>[Stack]<UL><LI>Max Depth = 92<LI>Call Chain = halLcdSpiInit &rArr; halSpiInit &rArr; GPIO_Init
</UL>
<BR>[Calls]<UL><LI><a href="#[3c]">&gt;&gt;</a>&nbsp;&nbsp;&nbsp;halSpiInit
<LI><a href="#[3a]">&gt;&gt;</a>&nbsp;&nbsp;&nbsp;RCC_AHBPeriphClockCmd
<LI><a href="#[3b]">&gt;&gt;</a>&nbsp;&nbsp;&nbsp;GPIO_Init
</UL>
<BR>[Called By]<UL><LI><a href="#[45]">&gt;&gt;</a>&nbsp;&nbsp;&nbsp;halOLED12864Init
</UL>

<P><STRONG><a name="[3d]"></a>halLcdSpiTxCmd</STRONG> (Thumb, 30 bytes, Stack size 8 bytes, hal_lcd_spi.o(i.halLcdSpiTxCmd))
<BR><BR>[Stack]<UL><LI>Max Depth = 24<LI>Call Chain = halLcdSpiTxCmd &rArr; SPI1_Transfer
</UL>
<BR>[Calls]<UL><LI><a href="#[3e]">&gt;&gt;</a>&nbsp;&nbsp;&nbsp;halSpiEnable
<LI><a href="#[40]">&gt;&gt;</a>&nbsp;&nbsp;&nbsp;halSpiDisable
<LI><a href="#[2a]">&gt;&gt;</a>&nbsp;&nbsp;&nbsp;SPI1_Transfer
<LI><a href="#[3f]">&gt;&gt;</a>&nbsp;&nbsp;&nbsp;GPIO_ResetBits
</UL>
<BR>[Called By]<UL><LI><a href="#[46]">&gt;&gt;</a>&nbsp;&nbsp;&nbsp;halOLED12864SetPosition
<LI><a href="#[43]">&gt;&gt;</a>&nbsp;&nbsp;&nbsp;halOLED12864ChipInit
<LI><a href="#[44]">&gt;&gt;</a>&nbsp;&nbsp;&nbsp;halOLED12864ClearScreen
</UL>

<P><STRONG><a name="[41]"></a>halLcdSpiTxData</STRONG> (Thumb, 30 bytes, Stack size 8 bytes, hal_lcd_spi.o(i.halLcdSpiTxData))
<BR><BR>[Stack]<UL><LI>Max Depth = 24<LI>Call Chain = halLcdSpiTxData &rArr; SPI1_Transfer
</UL>
<BR>[Calls]<UL><LI><a href="#[3e]">&gt;&gt;</a>&nbsp;&nbsp;&nbsp;halSpiEnable
<LI><a href="#[40]">&gt;&gt;</a>&nbsp;&nbsp;&nbsp;halSpiDisable
<LI><a href="#[2a]">&gt;&gt;</a>&nbsp;&nbsp;&nbsp;SPI1_Transfer
<LI><a href="#[42]">&gt;&gt;</a>&nbsp;&nbsp;&nbsp;GPIO_SetBits
</UL>
<BR>[Called By]<UL><LI><a href="#[48]">&gt;&gt;</a>&nbsp;&nbsp;&nbsp;halOLEDShowChar8x16
<LI><a href="#[44]">&gt;&gt;</a>&nbsp;&nbsp;&nbsp;halOLED12864ClearScreen
</UL>

<P><STRONG><a name="[44]"></a>halOLED12864ClearScreen</STRONG> (Thumb, 52 bytes, Stack size 16 bytes, hal_oled12864.o(i.halOLED12864ClearScreen))
<BR><BR>[Stack]<UL><LI>Max Depth = 40<LI>Call Chain = halOLED12864ClearScreen &rArr; halLcdSpiTxData &rArr; SPI1_Transfer
</UL>
<BR>[Calls]<UL><LI><a href="#[41]">&gt;&gt;</a>&nbsp;&nbsp;&nbsp;halLcdSpiTxData
<LI><a href="#[3d]">&gt;&gt;</a>&nbsp;&nbsp;&nbsp;halLcdSpiTxCmd
</UL>
<BR>[Called By]<UL><LI><a href="#[45]">&gt;&gt;</a>&nbsp;&nbsp;&nbsp;halOLED12864Init
<LI><a href="#[1e]">&gt;&gt;</a>&nbsp;&nbsp;&nbsp;main
</UL>

<P><STRONG><a name="[45]"></a>halOLED12864Init</STRONG> (Thumb, 24 bytes, Stack size 8 bytes, hal_oled12864.o(i.halOLED12864Init))
<BR><BR>[Stack]<UL><LI>Max Depth = 100<LI>Call Chain = halOLED12864Init &rArr; halLcdSpiInit &rArr; halSpiInit &rArr; GPIO_Init
</UL>
<BR>[Calls]<UL><LI><a href="#[39]">&gt;&gt;</a>&nbsp;&nbsp;&nbsp;halLcdSpiInit
<LI><a href="#[46]">&gt;&gt;</a>&nbsp;&nbsp;&nbsp;halOLED12864SetPosition
<LI><a href="#[43]">&gt;&gt;</a>&nbsp;&nbsp;&nbsp;halOLED12864ChipInit
<LI><a href="#[44]">&gt;&gt;</a>&nbsp;&nbsp;&nbsp;halOLED12864ClearScreen
</UL>
<BR>[Called By]<UL><LI><a href="#[1e]">&gt;&gt;</a>&nbsp;&nbsp;&nbsp;main
</UL>

<P><STRONG><a name="[47]"></a>halOLED12864ShowX16</STRONG> (Thumb, 52 bytes, Stack size 16 bytes, hal_oled12864.o(i.halOLED12864ShowX16))
<BR><BR>[Stack]<UL><LI>Max Depth = 80<LI>Call Chain = halOLED12864ShowX16 &rArr; halOLEDShowChar8x16 &rArr; halOLED12864SetPosition &rArr; halLcdSpiTxCmd &rArr; SPI1_Transfer
</UL>
<BR>[Calls]<UL><LI><a href="#[48]">&gt;&gt;</a>&nbsp;&nbsp;&nbsp;halOLEDShowChar8x16
</UL>
<BR>[Called By]<UL><LI><a href="#[1e]">&gt;&gt;</a>&nbsp;&nbsp;&nbsp;main
</UL>

<P><STRONG><a name="[40]"></a>halSpiDisable</STRONG> (Thumb, 14 bytes, Stack size 8 bytes, hal_spi.o(i.halSpiDisable))
<BR><BR>[Stack]<UL><LI>Max Depth = 8<LI>Call Chain = halSpiDisable
</UL>
<BR>[Calls]<UL><LI><a href="#[42]">&gt;&gt;</a>&nbsp;&nbsp;&nbsp;GPIO_SetBits
</UL>
<BR>[Called By]<UL><LI><a href="#[41]">&gt;&gt;</a>&nbsp;&nbsp;&nbsp;halLcdSpiTxData
<LI><a href="#[3d]">&gt;&gt;</a>&nbsp;&nbsp;&nbsp;halLcdSpiTxCmd
</UL>

<P><STRONG><a name="[3e]"></a>halSpiEnable</STRONG> (Thumb, 28 bytes, Stack size 8 bytes, hal_spi.o(i.halSpiEnable))
<BR><BR>[Stack]<UL><LI>Max Depth = 8<LI>Call Chain = halSpiEnable
</UL>
<BR>[Calls]<UL><LI><a href="#[49]">&gt;&gt;</a>&nbsp;&nbsp;&nbsp;GPIO_ReadOutputDataBit
<LI><a href="#[3f]">&gt;&gt;</a>&nbsp;&nbsp;&nbsp;GPIO_ResetBits
</UL>
<BR>[Called By]<UL><LI><a href="#[41]">&gt;&gt;</a>&nbsp;&nbsp;&nbsp;halLcdSpiTxData
<LI><a href="#[3d]">&gt;&gt;</a>&nbsp;&nbsp;&nbsp;halLcdSpiTxCmd
</UL>

<P><STRONG><a name="[3c]"></a>halSpiInit</STRONG> (Thumb, 144 bytes, Stack size 56 bytes, hal_spi.o(i.halSpiInit))
<BR><BR>[Stack]<UL><LI>Max Depth = 76<LI>Call Chain = halSpiInit &rArr; GPIO_Init
</UL>
<BR>[Calls]<UL><LI><a href="#[4e]">&gt;&gt;</a>&nbsp;&nbsp;&nbsp;SPI_RxFIFOThresholdConfig
<LI><a href="#[4d]">&gt;&gt;</a>&nbsp;&nbsp;&nbsp;SPI_Init
<LI><a href="#[2e]">&gt;&gt;</a>&nbsp;&nbsp;&nbsp;SPI_I2S_DeInit
<LI><a href="#[4f]">&gt;&gt;</a>&nbsp;&nbsp;&nbsp;SPI_Cmd
<LI><a href="#[4a]">&gt;&gt;</a>&nbsp;&nbsp;&nbsp;RCC_APB2PeriphClockCmd
<LI><a href="#[4b]">&gt;&gt;</a>&nbsp;&nbsp;&nbsp;GPIO_PinAFConfig
<LI><a href="#[3a]">&gt;&gt;</a>&nbsp;&nbsp;&nbsp;RCC_AHBPeriphClockCmd
<LI><a href="#[42]">&gt;&gt;</a>&nbsp;&nbsp;&nbsp;GPIO_SetBits
<LI><a href="#[3b]">&gt;&gt;</a>&nbsp;&nbsp;&nbsp;GPIO_Init
<LI><a href="#[4c]">&gt;&gt;</a>&nbsp;&nbsp;&nbsp;__aeabi_memcpy4
</UL>
<BR>[Called By]<UL><LI><a href="#[39]">&gt;&gt;</a>&nbsp;&nbsp;&nbsp;halLcdSpiInit
</UL>

<P><STRONG><a name="[27]"></a>halSystemDelayUs</STRONG> (Thumb, 60 bytes, Stack size 16 bytes, hal_system.o(i.halSystemDelayUs))
<BR><BR>[Stack]<UL><LI>Max Depth = 28<LI>Call Chain = halSystemDelayUs &rArr; __aeabi_uidivmod
</UL>
<BR>[Calls]<UL><LI><a href="#[50]">&gt;&gt;</a>&nbsp;&nbsp;&nbsp;__aeabi_uidivmod
</UL>
<BR>[Called By]<UL><LI><a href="#[43]">&gt;&gt;</a>&nbsp;&nbsp;&nbsp;halOLED12864ChipInit
<LI><a href="#[a]">&gt;&gt;</a>&nbsp;&nbsp;&nbsp;EXTI0_1_IRQHandler
<LI><a href="#[1e]">&gt;&gt;</a>&nbsp;&nbsp;&nbsp;main
</UL>

<P><STRONG><a name="[51]"></a>halSystemInit</STRONG> (Thumb, 12 bytes, Stack size 8 bytes, hal_system.o(i.halSystemInit))
<BR><BR>[Stack]<UL><LI>Max Depth = 8<LI>Call Chain = halSystemInit
</UL>
<BR>[Calls]<UL><LI><a href="#[52]">&gt;&gt;</a>&nbsp;&nbsp;&nbsp;SysTick_CLKSourceConfig
</UL>
<BR>[Called By]<UL><LI><a href="#[1e]">&gt;&gt;</a>&nbsp;&nbsp;&nbsp;main
</UL>

<P><STRONG><a name="[1e]"></a>main</STRONG> (Thumb, 70 bytes, Stack size 0 bytes, main.o(i.main))
<BR><BR>[Stack]<UL><LI>Max Depth = 100<LI>Call Chain = main &rArr; halOLED12864Init &rArr; halLcdSpiInit &rArr; halSpiInit &rArr; GPIO_Init
</UL>
<BR>[Calls]<UL><LI><a href="#[51]">&gt;&gt;</a>&nbsp;&nbsp;&nbsp;halSystemInit
<LI><a href="#[27]">&gt;&gt;</a>&nbsp;&nbsp;&nbsp;halSystemDelayUs
<LI><a href="#[47]">&gt;&gt;</a>&nbsp;&nbsp;&nbsp;halOLED12864ShowX16
<LI><a href="#[45]">&gt;&gt;</a>&nbsp;&nbsp;&nbsp;halOLED12864Init
<LI><a href="#[44]">&gt;&gt;</a>&nbsp;&nbsp;&nbsp;halOLED12864ClearScreen
</UL>
<BR>[Address Reference Count : 1]<UL><LI> entry9a.o(.ARM.Collect$$$$0000000B)
</UL><P>
<H3>
Local Symbols
</H3>
<P><STRONG><a name="[31]"></a>SetSysClock</STRONG> (Thumb, 190 bytes, Stack size 24 bytes, system_stm32f0xx.o(i.SetSysClock))
<BR><BR>[Stack]<UL><LI>Max Depth = 32<LI>Call Chain = SetSysClock &rArr; RCC_PLLConfig
</UL>
<BR>[Calls]<UL><LI><a href="#[33]">&gt;&gt;</a>&nbsp;&nbsp;&nbsp;RCC_SYSCLKConfig
<LI><a href="#[32]">&gt;&gt;</a>&nbsp;&nbsp;&nbsp;RCC_PLLConfig
</UL>
<BR>[Called By]<UL><LI><a href="#[1f]">&gt;&gt;</a>&nbsp;&nbsp;&nbsp;SystemInit
</UL>

<P><STRONG><a name="[43]"></a>halOLED12864ChipInit</STRONG> (Thumb, 228 bytes, Stack size 16 bytes, hal_oled12864.o(i.halOLED12864ChipInit))
<BR><BR>[Stack]<UL><LI>Max Depth = 44<LI>Call Chain = halOLED12864ChipInit &rArr; halSystemDelayUs &rArr; __aeabi_uidivmod
</UL>
<BR>[Calls]<UL><LI><a href="#[3d]">&gt;&gt;</a>&nbsp;&nbsp;&nbsp;halLcdSpiTxCmd
<LI><a href="#[3a]">&gt;&gt;</a>&nbsp;&nbsp;&nbsp;RCC_AHBPeriphClockCmd
<LI><a href="#[42]">&gt;&gt;</a>&nbsp;&nbsp;&nbsp;GPIO_SetBits
<LI><a href="#[3f]">&gt;&gt;</a>&nbsp;&nbsp;&nbsp;GPIO_ResetBits
<LI><a href="#[3b]">&gt;&gt;</a>&nbsp;&nbsp;&nbsp;GPIO_Init
<LI><a href="#[27]">&gt;&gt;</a>&nbsp;&nbsp;&nbsp;halSystemDelayUs
</UL>
<BR>[Called By]<UL><LI><a href="#[45]">&gt;&gt;</a>&nbsp;&nbsp;&nbsp;halOLED12864Init
</UL>

<P><STRONG><a name="[46]"></a>halOLED12864SetPosition</STRONG> (Thumb, 34 bytes, Stack size 8 bytes, hal_oled12864.o(i.halOLED12864SetPosition))
<BR><BR>[Stack]<UL><LI>Max Depth = 32<LI>Call Chain = halOLED12864SetPosition &rArr; halLcdSpiTxCmd &rArr; SPI1_Transfer
</UL>
<BR>[Calls]<UL><LI><a href="#[3d]">&gt;&gt;</a>&nbsp;&nbsp;&nbsp;halLcdSpiTxCmd
</UL>
<BR>[Called By]<UL><LI><a href="#[48]">&gt;&gt;</a>&nbsp;&nbsp;&nbsp;halOLEDShowChar8x16
<LI><a href="#[45]">&gt;&gt;</a>&nbsp;&nbsp;&nbsp;halOLED12864Init
</UL>

<P><STRONG><a name="[48]"></a>halOLEDShowChar8x16</STRONG> (Thumb, 86 bytes, Stack size 32 bytes, hal_oled12864.o(i.halOLEDShowChar8x16))
<BR><BR>[Stack]<UL><LI>Max Depth = 64<LI>Call Chain = halOLEDShowChar8x16 &rArr; halOLED12864SetPosition &rArr; halLcdSpiTxCmd &rArr; SPI1_Transfer
</UL>
<BR>[Calls]<UL><LI><a href="#[41]">&gt;&gt;</a>&nbsp;&nbsp;&nbsp;halLcdSpiTxData
<LI><a href="#[46]">&gt;&gt;</a>&nbsp;&nbsp;&nbsp;halOLED12864SetPosition
</UL>
<BR>[Called By]<UL><LI><a href="#[47]">&gt;&gt;</a>&nbsp;&nbsp;&nbsp;halOLED12864ShowX16
</UL>
<P>
<H3>
Undefined Global Symbols
</H3>
<P><STRONG><a name="[24]"></a>__arm_fini_</STRONG> (Unknown, 0 bytes, Stack size 0 bytes, UNDEFINED)
<BR><BR>[Called By]<UL><LI><a href="#[23]">&gt;&gt;</a>&nbsp;&nbsp;&nbsp;__rt_lib_shutdown_fini
</UL>
<HR></body></html>
