<html>
<body>
<pre>
<h1>礦ision Build Log</h1>
<h2>Tool Versions:</h2>
IDE-Version: μVision V5.33.0.0
Copyright (C) 2020 ARM Ltd and ARM Germany GmbH. All rights reserved.
License Information: Study J, SXF, LIC=----
 
Tool Versions:
Toolchain:       MDK-Lite  Version: 5.33.0.0
Toolchain Path:  H:\Program Files\Keil_v5\ARM\ARMCLANG\Bin
C Compiler:      ArmClang.exe V6.15
Assembler:       Armasm.exe V6.15
Linker/Locator:  ArmLink.exe V6.15
Library Manager: ArmAr.exe V6.15
Hex Converter:   FromElf.exe V6.15
CPU DLL:         SARMCM3.DLL V5.33.0.0
Dialog DLL:      DARMCM1.DLL V1.19.4.0
Target DLL:      UL2CM3.DLL V1.163.9.0
Dialog DLL:      TARMCM1.DLL V1.14.3.0
 
<h2>Project:</h2>
H:\学习资料\测试\源代码 for STM32 Pro + NB-IoT\NB-SDK.uvprojx
Project File Date:  06/20/2022

<h2>Output:</h2>
*** Using Compiler 'V6.15', folder: 'H:\Program Files\Keil_v5\ARM\ARMCLANG\Bin'
Rebuild target 'Builder'
compiling system_stm32f0xx.c...
assembling startup_stm32f030.s...
compiling stm32f0xx_adc.c...
compiling stm32f0xx_gpio.c...
compiling stm32f0xx_exti.c...
compiling stm32f0xx_misc.c...
compiling stm32f0xx_dma.c...
compiling stm32f0xx_spi.c...
compiling stm32f0xx_rcc.c...
compiling stm32f0xx_syscfg.c...
compiling stm32f0xx_usart.c...
compiling stm32f0xx_it.c...
compiling stm32f0xx_tim.c...
compiling hal_spi.c...
compiling hal_lcd_spi.c...
compiling hal_system.c...
compiling hal_oled12864.c...
compiling hal_adc.c...
compiling hal_uart.c...
compiling svc_msg.c...
compiling hal_dht20.c...
compiling svc_task.c...
compiling svc_log.c...
compiling svc_plugins.c...
compiling main.c...
compiling task_data_upload.c...
linking...
Program Size: Code=7904 RO-data=2528 RW-data=4 ZI-data=1872  
FromELF: creating hex file...
".\Objects\NBDevice.axf" - 0 Error(s), 0 Warning(s).

<h2>Software Packages used:</h2>

Package Vendor: Keil
                http://www.keil.com/pack/Keil.STM32F0xx_DFP.2.1.0.pack
                Keil.STM32F0xx_DFP.2.1.0
                STMicroelectronics STM32F0 Series Device Support, Drivers and Examples

<h2>Collection of Component include folders:</h2>
  H:\Projects\Arm\Packs\Keil\STM32F0xx_DFP\2.1.0\Drivers\CMSIS\Device\ST\STM32F0xx\Include

<h2>Collection of Component Files used:</h2>
Build Time Elapsed:  00:00:04
</pre>
</body>
</html>
