Component: ARM Compiler 6.15 Tool: armlink [5dd79300]

==============================================================================

Section Cross References

    startup_stm32f030.o(RESET) refers to startup_stm32f030.o(STACK) for __initial_sp
    startup_stm32f030.o(RESET) refers to startup_stm32f030.o(.text) for Reset_Handler
    startup_stm32f030.o(RESET) refers to stm32f0xx_it.o(.text.NMI_Handler) for NMI_Handler
    startup_stm32f030.o(RESET) refers to stm32f0xx_it.o(.text.HardFault_Handler) for HardFault_Handler
    startup_stm32f030.o(RESET) refers to stm32f0xx_it.o(.text.SVC_Handler) for SVC_Handler
    startup_stm32f030.o(RESET) refers to stm32f0xx_it.o(.text.PendSV_Handler) for PendSV_Handler
    startup_stm32f030.o(RESET) refers to stm32f0xx_it.o(.text.SysTick_Handler) for SysTick_Handler
    startup_stm32f030.o(RESET) refers to hal_button.o(.text.EXTI0_1_IRQHandler) for EXTI0_1_IRQHandler
    startup_stm32f030.o(RESET) refers to hal_timer.o(.text.TIM3_IRQHandler) for TIM3_IRQHandler
    startup_stm32f030.o(RESET) refers to hal_uart.o(.text.USART1_IRQHandler) for USART1_IRQHandler
    startup_stm32f030.o(.text) refers to startup_stm32f030.o(STACK) for __initial_sp
    startup_stm32f030.o(.text) refers to system_stm32f0xx.o(.text.SystemInit) for SystemInit
    startup_stm32f030.o(.text) refers to entry.o(.ARM.Collect$$$$00000000) for __main
    system_stm32f0xx.o(.text.SystemInit) refers to system_stm32f0xx.o(.text.SetSysClock) for SetSysClock
    system_stm32f0xx.o(.ARM.exidx.text.SystemInit) refers to system_stm32f0xx.o(.text.SystemInit) for [Anonymous Symbol]
    system_stm32f0xx.o(.text.SetSysClock) refers to stm32f0xx_rcc.o(.text.RCC_PLLConfig) for RCC_PLLConfig
    system_stm32f0xx.o(.text.SetSysClock) refers to stm32f0xx_rcc.o(.text.RCC_SYSCLKConfig) for RCC_SYSCLKConfig
    system_stm32f0xx.o(.ARM.exidx.text.SetSysClock) refers to system_stm32f0xx.o(.text.SetSysClock) for [Anonymous Symbol]
    system_stm32f0xx.o(.text.SystemCoreClockUpdate) refers to uidiv_div0.o(.text) for __aeabi_uidiv
    system_stm32f0xx.o(.text.SystemCoreClockUpdate) refers to system_stm32f0xx.o(.data.SystemCoreClock) for SystemCoreClock
    system_stm32f0xx.o(.text.SystemCoreClockUpdate) refers to system_stm32f0xx.o(.rodata.AHBPrescTable) for AHBPrescTable
    system_stm32f0xx.o(.ARM.exidx.text.SystemCoreClockUpdate) refers to system_stm32f0xx.o(.text.SystemCoreClockUpdate) for [Anonymous Symbol]
    stm32f0xx_adc.o(.text.ADC_DeInit) refers to stm32f0xx_rcc.o(.text.RCC_APB2PeriphResetCmd) for RCC_APB2PeriphResetCmd
    stm32f0xx_adc.o(.ARM.exidx.text.ADC_DeInit) refers to stm32f0xx_adc.o(.text.ADC_DeInit) for [Anonymous Symbol]
    stm32f0xx_adc.o(.ARM.exidx.text.ADC_Init) refers to stm32f0xx_adc.o(.text.ADC_Init) for [Anonymous Symbol]
    stm32f0xx_adc.o(.ARM.exidx.text.ADC_StructInit) refers to stm32f0xx_adc.o(.text.ADC_StructInit) for [Anonymous Symbol]
    stm32f0xx_adc.o(.ARM.exidx.text.ADC_Cmd) refers to stm32f0xx_adc.o(.text.ADC_Cmd) for [Anonymous Symbol]
    stm32f0xx_adc.o(.ARM.exidx.text.ADC_ClockModeConfig) refers to stm32f0xx_adc.o(.text.ADC_ClockModeConfig) for [Anonymous Symbol]
    stm32f0xx_adc.o(.ARM.exidx.text.ADC_JitterCmd) refers to stm32f0xx_adc.o(.text.ADC_JitterCmd) for [Anonymous Symbol]
    stm32f0xx_adc.o(.ARM.exidx.text.ADC_AutoPowerOffCmd) refers to stm32f0xx_adc.o(.text.ADC_AutoPowerOffCmd) for [Anonymous Symbol]
    stm32f0xx_adc.o(.ARM.exidx.text.ADC_WaitModeCmd) refers to stm32f0xx_adc.o(.text.ADC_WaitModeCmd) for [Anonymous Symbol]
    stm32f0xx_adc.o(.ARM.exidx.text.ADC_AnalogWatchdogCmd) refers to stm32f0xx_adc.o(.text.ADC_AnalogWatchdogCmd) for [Anonymous Symbol]
    stm32f0xx_adc.o(.ARM.exidx.text.ADC_AnalogWatchdogThresholdsConfig) refers to stm32f0xx_adc.o(.text.ADC_AnalogWatchdogThresholdsConfig) for [Anonymous Symbol]
    stm32f0xx_adc.o(.ARM.exidx.text.ADC_AnalogWatchdogSingleChannelConfig) refers to stm32f0xx_adc.o(.text.ADC_AnalogWatchdogSingleChannelConfig) for [Anonymous Symbol]
    stm32f0xx_adc.o(.ARM.exidx.text.ADC_AnalogWatchdogSingleChannelCmd) refers to stm32f0xx_adc.o(.text.ADC_AnalogWatchdogSingleChannelCmd) for [Anonymous Symbol]
    stm32f0xx_adc.o(.ARM.exidx.text.ADC_TempSensorCmd) refers to stm32f0xx_adc.o(.text.ADC_TempSensorCmd) for [Anonymous Symbol]
    stm32f0xx_adc.o(.ARM.exidx.text.ADC_VrefintCmd) refers to stm32f0xx_adc.o(.text.ADC_VrefintCmd) for [Anonymous Symbol]
    stm32f0xx_adc.o(.ARM.exidx.text.ADC_VbatCmd) refers to stm32f0xx_adc.o(.text.ADC_VbatCmd) for [Anonymous Symbol]
    stm32f0xx_adc.o(.ARM.exidx.text.ADC_ChannelConfig) refers to stm32f0xx_adc.o(.text.ADC_ChannelConfig) for [Anonymous Symbol]
    stm32f0xx_adc.o(.ARM.exidx.text.ADC_ContinuousModeCmd) refers to stm32f0xx_adc.o(.text.ADC_ContinuousModeCmd) for [Anonymous Symbol]
    stm32f0xx_adc.o(.ARM.exidx.text.ADC_DiscModeCmd) refers to stm32f0xx_adc.o(.text.ADC_DiscModeCmd) for [Anonymous Symbol]
[...]
    ../clib/microlib/init/entry.s            0x00000000   Number         0  entry7b.o ABSOLUTE
    ../clib/microlib/init/entry.s            0x00000000   Number         0  entry8a.o ABSOLUTE
    ../clib/microlib/init/entry.s            0x00000000   Number         0  entry8b.o ABSOLUTE
    ../clib/microlib/init/entry.s            0x00000000   Number         0  entry9a.o ABSOLUTE
    ../clib/microlib/init/entry.s            0x00000000   Number         0  entry9b.o ABSOLUTE
    ../clib/microlib/init/entry.s            0x00000000   Number         0  entry10a.o ABSOLUTE
    ../clib/microlib/init/entry.s            0x00000000   Number         0  entry10b.o ABSOLUTE
    ../clib/microlib/init/entry.s            0x00000000   Number         0  entry11a.o ABSOLUTE
    ../clib/microlib/init/entry.s            0x00000000   Number         0  entry11b.o ABSOLUTE
    ../clib/microlib/longlong.c              0x00000000   Number         0  llshl.o ABSOLUTE
    ../clib/microlib/longlong.c              0x00000000   Number         0  llushr.o ABSOLUTE
    ../clib/microlib/longlong.c              0x00000000   Number         0  llsshr.o ABSOLUTE
    ../clib/microlib/printf/printf.c         0x00000000   Number         0  printfb.o ABSOLUTE
    ../clib/microlib/printf/printf.c         0x00000000   Number         0  printf0.o ABSOLUTE
    ../clib/microlib/printf/printf.c         0x00000000   Number         0  printf1.o ABSOLUTE
    ../clib/microlib/printf/printf.c         0x00000000   Number         0  printf2.o ABSOLUTE
    ../clib/microlib/printf/printf.c         0x00000000   Number         0  printf3.o ABSOLUTE
    ../clib/microlib/printf/printf.c         0x00000000   Number         0  printf4.o ABSOLUTE
    ../clib/microlib/printf/printf.c         0x00000000   Number         0  printf5.o ABSOLUTE
    ../clib/microlib/printf/printf.c         0x00000000   Number         0  printf6.o ABSOLUTE
    ../clib/microlib/printf/printf.c         0x00000000   Number         0  printf7.o ABSOLUTE
    ../clib/microlib/printf/printf.c         0x00000000   Number         0  printf8.o ABSOLUTE
    ../clib/microlib/printf/printf.c         0x00000000   Number         0  printfa.o ABSOLUTE
    ../clib/microlib/printf/stubs.s          0x00000000   Number         0  printfstubs.o ABSOLUTE
    ../clib/microlib/stdio/fputc.c           0x00000000   Number         0  fputc.o ABSOLUTE
    ../clib/microlib/stdio/fputc.c           0x00000000   Number         0  fputc_h.o ABSOLUTE
    ../clib/microlib/stdio/semi.s            0x00000000   Number         0  semi.o ABSOLUTE
    ../clib/microlib/stdio/streams.c         0x00000000   Number         0  stdout.o ABSOLUTE
    ../clib/microlib/string/memcpy.c         0x00000000   Number         0  memcpya.o ABSOLUTE
    ../clib/microlib/string/memcpy.c         0x00000000   Number         0  memcpyb.o ABSOLUTE
    ../clib/microlib/string/memset.c         0x00000000   Number         0  memseta.o ABSOLUTE
    ../clib/microlib/string/strlen.c         0x00000000   Number         0  strlen.o ABSOLUTE
    ../clib/microlib/stubs.s                 0x00000000   Number         0  iusefp.o ABSOLUTE
    ../clib/microlib/stubs.s                 0x00000000   Number         0  iusesemip.o ABSOLUTE
    ../fplib/microlib/f2d.c                  0x00000000   Number         0  f2d.o ABSOLUTE
    ../fplib/microlib/fpadd.c                0x00000000   Number         0  dadd.o ABSOLUTE
    ../fplib/microlib/fpdiv.c                0x00000000   Number         0  fdiv.o ABSOLUTE
    ../fplib/microlib/fpdiv.c                0x00000000   Number         0  ddiv.o ABSOLUTE
    ../fplib/microlib/fpepilogue.c           0x00000000   Number         0  fepilogue.o ABSOLUTE
    ../fplib/microlib/fpepilogue.c           0x00000000   Number         0  depilogue.o ABSOLUTE
    ../fplib/microlib/fpfix.c                0x00000000   Number         0  dfixul.o ABSOLUTE
    ../fplib/microlib/fpflt.c                0x00000000   Number         0  fflti.o ABSOLUTE
    ../fplib/microlib/fpmul.c                0x00000000   Number         0  dmul.o ABSOLUTE
    Libraries/CMSIS/Device/ST/STM32F0xx/Source/Templates/arm/startup_stm32f030.s 0x00000000   Number         0  startup_stm32f030.o ABSOLUTE
    cdrcmple.s                               0x00000000   Number         0  cdrcmple.o ABSOLUTE
    dc.s                                     0x00000000   Number         0  dc.o ABSOLUTE
    hal_adc.c                                0x00000000   Number         0  hal_adc.o ABSOLUTE
    hal_button.c                             0x00000000   Number         0  hal_button.o ABSOLUTE
    hal_dht20.c                              0x00000000   Number         0  hal_dht20.o ABSOLUTE
    hal_lcd_spi.c                            0x00000000   Number         0  hal_lcd_spi.o ABSOLUTE
    hal_led.c                                0x00000000   Number         0  hal_led.o ABSOLUTE
    hal_oled12864.c                          0x00000000   Number         0  hal_oled12864.o ABSOLUTE
    hal_spi.c                                0x00000000   Number         0  hal_spi.o ABSOLUTE
    hal_system.c                             0x00000000   Number         0  hal_system.o ABSOLUTE
    hal_timer.c                              0x00000000   Number         0  hal_timer.o ABSOLUTE
    hal_uart.c                               0x00000000   Number         0  hal_uart.o ABSOLUTE
    handlers.s                               0x00000000   Number         0  handlers.o ABSOLUTE
    init.s                                   0x00000000   Number         0  init.o ABSOLUTE
    main.c                                   0x00000000   Number         0  main.o ABSOLUTE
    stm32f0xx_adc.c                          0x00000000   Number         0  stm32f0xx_adc.o ABSOLUTE
    stm32f0xx_dma.c                          0x00000000   Number         0  stm32f0xx_dma.o ABSOLUTE
    stm32f0xx_exti.c                         0x00000000   Number         0  stm32f0xx_exti.o ABSOLUTE
    stm32f0xx_gpio.c                         0x00000000   Number         0  stm32f0xx_gpio.o ABSOLUTE
    stm32f0xx_it.c                           0x00000000   Number         0  stm32f0xx_it.o ABSOLUTE
    stm32f0xx_misc.c                         0x00000000   Number         0  stm32f0xx_misc.o ABSOLUTE
    stm32f0xx_rcc.c                          0x00000000   Number         0  stm32f0xx_rcc.o ABSOLUTE
    stm32f0xx_spi.c                          0x00000000   Number         0  stm32f0xx_spi.o ABSOLUTE
    stm32f0xx_syscfg.c                       0x00000000   Number         0  stm32f0xx_syscfg.o ABSOLUTE
    stm32f0xx_tim.c                          0x00000000   Number         0  stm32f0xx_tim.o ABSOLUTE
    stm32f0xx_usart.c                        0x00000000   Number         0  stm32f0xx_usart.o ABSOLUTE
    svc_button.c                             0x00000000   Number         0  svc_button.o ABSOLUTE
    svc_log.c                                0x00000000   Number         0  svc_log.o ABSOLUTE
    svc_plugins.c                            0x00000000   Number         0  svc_plugins.o ABSOLUTE
    svc_sensor.c                             0x00000000   Number         0  svc_sensor.o ABSOLUTE
    svc_task.c                               0x00000000   Number         0  svc_task.o ABSOLUTE
    system_stm32f0xx.c                       0x00000000   Number         0  system_stm32f0xx.o ABSOLUTE
    task_input.c                             0x00000000   Number         0  task_input.o ABSOLUTE
    task_lcd.c                               0x00000000   Number         0  task_lcd.o ABSOLUTE
    task_led.c                               0x00000000   Number         0  task_led.o ABSOLUTE
    task_sensor.c                            0x00000000   Number         0  task_sensor.o ABSOLUTE
    task_test.c                              0x00000000   Number         0  task_test.o ABSOLUTE
    task_uart.c                              0x00000000   Number         0  task_uart.o ABSOLUTE
    RESET                                    0x08000000   Section      180  startup_stm32f030.o(RESET)
    .ARM.Collect$$$$00000000                 0x080000b4   Section        0  entry.o(.ARM.Collect$$$$00000000)
    .ARM.Collect$$$$00000001                 0x080000b4   Section        4  entry2.o(.ARM.Collect$$$$00000001)
    .ARM.Collect$$$$00000004                 0x080000b8   Section        4  entry5.o(.ARM.Collect$$$$00000004)
    .ARM.Collect$$$$00000008                 0x080000bc   Section        0  entry7b.o(.ARM.Collect$$$$00000008)
    .ARM.Collect$$$$0000000A                 0x080000bc   Section        0  entry8b.o(.ARM.Collect$$$$0000000A)
    .ARM.Collect$$$$0000000B                 0x080000bc   Section        8  entry9a.o(.ARM.Collect$$$$0000000B)
    __lit__00000000                          0x080000c4   Data           4  entry2.o(.ARM.Collect$$$$00002712)
    .ARM.Collect$$$$0000000D                 0x080000c4   Section        0  entry10a.o(.ARM.Collect$$$$0000000D)
    .ARM.Collect$$$$0000000F                 0x080000c4   Section        0  entry11a.o(.ARM.Collect$$$$0000000F)
    .ARM.Collect$$$$00002712                 0x080000c4   Section        4  entry2.o(.ARM.Collect$$$$00002712)
    .text                                    0x080000c8   Section       88  startup_stm32f030.o(.text)
    .text                                    0x08000120   Section        0  memcpya.o(.text)
    .text                                    0x08000144   Section        0  memseta.o(.text)
    .text                                    0x08000168   Section        0  strlen.o(.text)
    .text                                    0x08000176   Section        0  fdiv.o(.text)
    .text                                    0x080001f2   Section        0  fflti.o(.text)
    .text                                    0x08000208   Section        0  f2d.o(.text)
    .text                                    0x08000230   Section        0  uidiv_div0.o(.text)
    .text                                    0x0800026e   Section        0  uldiv.o(.text)
    .text                                    0x080002ce   Section        0  iusefp.o(.text)
    .text                                    0x080002ce   Section        0  fepilogue.o(.text)
    .text                                    0x08000350   Section        0  dadd.o(.text)
    .text                                    0x080004b4   Section        0  dmul.o(.text)
    .text                                    0x08000584   Section        0  ddiv.o(.text)
    .text                                    0x08000674   Section        0  dfixul.o(.text)
    .text                                    0x080006b4   Section       40  cdrcmple.o(.text)
    .text                                    0x080006dc   Section       36  init.o(.text)
    .text                                    0x08000700   Section        0  llshl.o(.text)
    .text                                    0x08000720   Section        0  llushr.o(.text)
    .text                                    0x08000742   Section        0  llsshr.o(.text)
    .text                                    0x08000768   Section        0  depilogue.o(.text)
    [Anonymous Symbol]                       0x08000828   Section        0  hal_dht20.o(.text.AHT20GetData)
    __arm_cp.26_0                            0x0800088c   Number         4  hal_dht20.o(.text.AHT20GetData)
    __arm_cp.26_1                            0x08000890   Number         4  hal_dht20.o(.text.AHT20GetData)
    __arm_cp.26_2                            0x08000894   Number         4  hal_dht20.o(.text.AHT20GetData)
    [Anonymous Symbol]                       0x08000898   Section        0  hal_dht20.o(.text.AHT20_Init)
    [Anonymous Symbol]                       0x08000912   Section        0  hal_dht20.o(.text.AHT20_RD_Byte)
    [Anonymous Symbol]                       0x08000960   Section        0  hal_dht20.o(.text.AHT20_Read_CTdata_crc)
    __arm_cp.23_0                            0x08000a68   Number         4  hal_dht20.o(.text.AHT20_Read_CTdata_crc)
    [Anonymous Symbol]                       0x08000a6c   Section        0  hal_dht20.o(.text.AHT20_Read_Status)
    [Anonymous Symbol]                       0x08000a8e   Section        0  hal_dht20.o(.text.AHT20_SendAC)
    [Anonymous Symbol]                       0x08000ac2   Section        0  hal_dht20.o(.text.AHT20_Start_Init)
    [Anonymous Symbol]                       0x08000ad8   Section        0  hal_dht20.o(.text.AHT20_WR_Byte)
    [Anonymous Symbol]                       0x08000b22   Section        0  hal_dht20.o(.text.Calc_CRC8)
    [Anonymous Symbol]                       0x08000b5e   Section        0  hal_dht20.o(.text.Delay_1ms)
    [Anonymous Symbol]                       0x08000b74   Section        0  hal_dht20.o(.text.Delay_4us)
    [Anonymous Symbol]                       0x08000b7e   Section        0  hal_dht20.o(.text.Delay_5us)
    [Anonymous Symbol]                       0x08000b88   Section        0  hal_button.o(.text.EXTI0_1_IRQHandler)
    __arm_cp.2_0                             0x08000bbc   Number         4  hal_button.o(.text.EXTI0_1_IRQHandler)
    __arm_cp.2_1                             0x08000bc0   Number         4  hal_button.o(.text.EXTI0_1_IRQHandler)
    [Anonymous Symbol]                       0x08000bc4   Section        0  stm32f0xx_exti.o(.text.EXTI_ClearFlag)
    [Anonymous Symbol]                       0x08000bcc   Section        0  stm32f0xx_exti.o(.text.EXTI_GetITStatus)
    __arm_cp.6_0                             0x08000bdc   Number         4  stm32f0xx_exti.o(.text.EXTI_GetITStatus)
    [Anonymous Symbol]                       0x08000be0   Section        0  stm32f0xx_exti.o(.text.EXTI_Init)
    __arm_cp.1_0                             0x08000c3c   Number         4  stm32f0xx_exti.o(.text.EXTI_Init)
    [Anonymous Symbol]                       0x08000c40   Section        0  stm32f0xx_gpio.o(.text.GPIO_Init)
    [Anonymous Symbol]                       0x08000cb0   Section        0  stm32f0xx_gpio.o(.text.GPIO_PinAFConfig)
    [Anonymous Symbol]                       0x08000cd0   Section        0  stm32f0xx_gpio.o(.text.GPIO_ReadInputDataBit)
    [Anonymous Symbol]                       0x08000cda   Section        0  stm32f0xx_gpio.o(.text.GPIO_ReadOutputDataBit)
    [Anonymous Symbol]                       0x08000ce4   Section        0  stm32f0xx_gpio.o(.text.GPIO_ResetBits)
    [Anonymous Symbol]                       0x08000ce8   Section        0  stm32f0xx_gpio.o(.text.GPIO_SetBits)
    [Anonymous Symbol]                       0x08000cec   Section        0  stm32f0xx_it.o(.text.HardFault_Handler)
    [Anonymous Symbol]                       0x08000cee   Section        0  hal_dht20.o(.text.I2C_Start)
    [Anonymous Symbol]                       0x08000d1c   Section        0  hal_dht20.o(.text.Init_I2C_Sensor_Port)
    [Anonymous Symbol]                       0x08000d6a   Section        0  hal_dht20.o(.text.JH_Reset_REG)
    [Anonymous Symbol]                       0x08000e16   Section        0  stm32f0xx_it.o(.text.NMI_Handler)
    [Anonymous Symbol]                       0x08000e18   Section        0  stm32f0xx_misc.o(.text.NVIC_Init)
    __arm_cp.0_0                             0x08000e5c   Number         4  stm32f0xx_misc.o(.text.NVIC_Init)
    __arm_cp.0_1                             0x08000e60   Number         4  stm32f0xx_misc.o(.text.NVIC_Init)
    __arm_cp.0_2                             0x08000e64   Number         4  stm32f0xx_misc.o(.text.NVIC_Init)
    [Anonymous Symbol]                       0x08000e68   Section        0  stm32f0xx_it.o(.text.PendSV_Handler)
    [Anonymous Symbol]                       0x08000e6c   Section        0  stm32f0xx_rcc.o(.text.RCC_AHBPeriphClockCmd)
    __arm_cp.31_0                            0x08000e84   Number         4  stm32f0xx_rcc.o(.text.RCC_AHBPeriphClockCmd)
    [Anonymous Symbol]                       0x08000e88   Section        0  stm32f0xx_rcc.o(.text.RCC_APB1PeriphResetCmd)
    __arm_cp.36_0                            0x08000ea0   Number         4  stm32f0xx_rcc.o(.text.RCC_APB1PeriphResetCmd)
    [Anonymous Symbol]                       0x08000ea4   Section        0  stm32f0xx_rcc.o(.text.RCC_APB2PeriphClockCmd)
    __arm_cp.32_0                            0x08000ebc   Number         4  stm32f0xx_rcc.o(.text.RCC_APB2PeriphClockCmd)
    [Anonymous Symbol]                       0x08000ec0   Section        0  stm32f0xx_rcc.o(.text.RCC_APB2PeriphResetCmd)
    __arm_cp.35_0                            0x08000ed8   Number         4  stm32f0xx_rcc.o(.text.RCC_APB2PeriphResetCmd)
    [Anonymous Symbol]                       0x08000edc   Section        0  stm32f0xx_rcc.o(.text.RCC_GetClocksFreq)
    __arm_cp.27_0                            0x08001028   Number         4  stm32f0xx_rcc.o(.text.RCC_GetClocksFreq)
    __arm_cp.27_1                            0x0800102c   Number         4  stm32f0xx_rcc.o(.text.RCC_GetClocksFreq)
    __arm_cp.27_2                            0x08001030   Number         4  stm32f0xx_rcc.o(.text.RCC_GetClocksFreq)
    __arm_cp.27_3                            0x08001034   Number         4  stm32f0xx_rcc.o(.text.RCC_GetClocksFreq)
    __arm_cp.27_4                            0x08001038   Number         4  stm32f0xx_rcc.o(.text.RCC_GetClocksFreq)
    __arm_cp.27_5                            0x0800103c   Number         4  stm32f0xx_rcc.o(.text.RCC_GetClocksFreq)
    [Anonymous Symbol]                       0x08001040   Section        0  stm32f0xx_rcc.o(.text.RCC_PLLConfig)
    [Anonymous Symbol]                       0x08001058   Section        0  stm32f0xx_rcc.o(.text.RCC_SYSCLKConfig)
    [Anonymous Symbol]                       0x08001068   Section        0  hal_dht20.o(.text.Receive_ACK)
    [Anonymous Symbol]                       0x080010b4   Section        0  hal_dht20.o(.text.SCL_Pin_Output_High)
    [Anonymous Symbol]                       0x080010c4   Section        0  hal_dht20.o(.text.SCL_Pin_Output_Low)
    [Anonymous Symbol]                       0x080010d4   Section        0  hal_dht20.o(.text.SDA_Pin_IN_FLOATING)
    [Anonymous Symbol]                       0x080010fa   Section        0  hal_dht20.o(.text.SDA_Pin_Output_High)
    [Anonymous Symbol]                       0x08001126   Section        0  hal_dht20.o(.text.SDA_Pin_Output_Low)
    [Anonymous Symbol]                       0x08001154   Section        0  hal_spi.o(.text.SPI1_Transfer)
    [Anonymous Symbol]                       0x08001184   Section        0  stm32f0xx_spi.o(.text.SPI_Cmd)
    [Anonymous Symbol]                       0x08001198   Section        0  stm32f0xx_spi.o(.text.SPI_I2S_DeInit)
    __arm_cp.0_0                             0x080011d0   Number         4  stm32f0xx_spi.o(.text.SPI_I2S_DeInit)
    __arm_cp.0_1                             0x080011d4   Number         4  stm32f0xx_spi.o(.text.SPI_I2S_DeInit)
    [Anonymous Symbol]                       0x080011d8   Section        0  stm32f0xx_spi.o(.text.SPI_I2S_GetFlagStatus)
    [Anonymous Symbol]                       0x080011e4   Section        0  stm32f0xx_spi.o(.text.SPI_Init)
    __arm_cp.2_0                             0x0800122c   Number         4  stm32f0xx_spi.o(.text.SPI_Init)
    __arm_cp.2_1                             0x08001230   Number         4  stm32f0xx_spi.o(.text.SPI_Init)
    [Anonymous Symbol]                       0x08001234   Section        0  stm32f0xx_spi.o(.text.SPI_ReceiveData8)
    [Anonymous Symbol]                       0x08001238   Section        0  stm32f0xx_spi.o(.text.SPI_RxFIFOThresholdConfig)
    __arm_cp.9_0                             0x08001248   Number         4  stm32f0xx_spi.o(.text.SPI_RxFIFOThresholdConfig)
    [Anonymous Symbol]                       0x0800124c   Section        0  stm32f0xx_spi.o(.text.SPI_SendData8)
    [Anonymous Symbol]                       0x08001250   Section        0  stm32f0xx_it.o(.text.SVC_Handler)
    [Anonymous Symbol]                       0x08001254   Section        0  stm32f0xx_syscfg.o(.text.SYSCFG_EXTILineConfig)
    __arm_cp.5_0                             0x08001274   Number         4  stm32f0xx_syscfg.o(.text.SYSCFG_EXTILineConfig)
    [Anonymous Symbol]                       0x08001278   Section        0  hal_dht20.o(.text.Send_ACK)
    [Anonymous Symbol]                       0x080012b0   Section        0  hal_dht20.o(.text.Send_NOT_ACK)
    SetSysClock                              0x080012e9   Thumb Code    72  system_stm32f0xx.o(.text.SetSysClock)
    [Anonymous Symbol]                       0x080012e8   Section        0  system_stm32f0xx.o(.text.SetSysClock)
    __arm_cp.1_0                             0x08001328   Number         4  system_stm32f0xx.o(.text.SetSysClock)
    __arm_cp.1_1                             0x0800132c   Number         4  system_stm32f0xx.o(.text.SetSysClock)
    [Anonymous Symbol]                       0x08001330   Section        0  hal_dht20.o(.text.Stop_I2C)
    [Anonymous Symbol]                       0x08001354   Section        0  stm32f0xx_misc.o(.text.SysTick_CLKSourceConfig)
    __arm_cp.2_0                             0x0800136c   Number         4  stm32f0xx_misc.o(.text.SysTick_CLKSourceConfig)
    [Anonymous Symbol]                       0x08001370   Section        0  stm32f0xx_it.o(.text.SysTick_Handler)
    [Anonymous Symbol]                       0x08001374   Section        0  system_stm32f0xx.o(.text.SystemInit)
    __arm_cp.0_0                             0x080013c4   Number         4  system_stm32f0xx.o(.text.SystemInit)
    __arm_cp.0_1                             0x080013c8   Number         4  system_stm32f0xx.o(.text.SystemInit)
    __arm_cp.0_2                             0x080013cc   Number         4  system_stm32f0xx.o(.text.SystemInit)
    [Anonymous Symbol]                       0x080013d0   Section        0  hal_timer.o(.text.TIM3_IRQHandler)
    __arm_cp.3_0                             0x080013f4   Number         4  hal_timer.o(.text.TIM3_IRQHandler)
    __arm_cp.3_1                             0x080013f8   Number         4  hal_timer.o(.text.TIM3_IRQHandler)
    [Anonymous Symbol]                       0x080013fc   Section        0  stm32f0xx_tim.o(.text.TIM_ClearITPendingBit)
    [Anonymous Symbol]                       0x08001402   Section        0  stm32f0xx_tim.o(.text.TIM_GetITStatus)
    [Anonymous Symbol]                       0x08001418   Section        0  hal_uart.o(.text.USART1_IRQHandler)
    __arm_cp.6_1                             0x08001448   Number         4  hal_uart.o(.text.USART1_IRQHandler)
    __arm_cp.6_2                             0x0800144c   Number         4  hal_uart.o(.text.USART1_IRQHandler)
    [Anonymous Symbol]                       0x08001450   Section        0  stm32f0xx_usart.o(.text.USART_ClearFlag)
    [Anonymous Symbol]                       0x08001454   Section        0  stm32f0xx_usart.o(.text.USART_Cmd)
    [Anonymous Symbol]                       0x08001464   Section        0  stm32f0xx_usart.o(.text.USART_GetFlagStatus)
    [Anonymous Symbol]                       0x0800146e   Section        0  stm32f0xx_usart.o(.text.USART_GetITStatus)
    [Anonymous Symbol]                       0x0800149a   Section        0  stm32f0xx_usart.o(.text.USART_ITConfig)
    [Anonymous Symbol]                       0x080014c8   Section        0  stm32f0xx_usart.o(.text.USART_Init)
    __arm_cp.1_0                             0x08001574   Number         4  stm32f0xx_usart.o(.text.USART_Init)
    __arm_cp.1_1                             0x08001578   Number         4  stm32f0xx_usart.o(.text.USART_Init)
    __arm_cp.1_2                             0x0800157c   Number         4  stm32f0xx_usart.o(.text.USART_Init)
    __arm_cp.1_3                             0x08001580   Number         4  stm32f0xx_usart.o(.text.USART_Init)
    __arm_cp.1_4                             0x08001584   Number         4  stm32f0xx_usart.o(.text.USART_Init)
    [Anonymous Symbol]                       0x08001588   Section        0  stm32f0xx_usart.o(.text.USART_ReceiveData)
    [Anonymous Symbol]                       0x08001590   Section        0  stm32f0xx_usart.o(.text.USART_SendData)
    __arm_cp.20_0                            0x08001598   Number         4  stm32f0xx_usart.o(.text.USART_SendData)
    [Anonymous Symbol]                       0x0800159c   Section        0  hal_button.o(.text.halButtonInit)
    [Anonymous Symbol]                       0x080015ec   Section        0  hal_button.o(.text.halButtonSetCallback)
    __arm_cp.1_0                             0x080015f4   Number         4  hal_button.o(.text.halButtonSetCallback)
    halInit                                  0x080015f9   Thumb Code    34  main.o(.text.halInit)
    [Anonymous Symbol]                       0x080015f8   Section        0  main.o(.text.halInit)
    [Anonymous Symbol]                       0x0800161a   Section        0  hal_lcd_spi.o(.text.halLcdSpiInit)
    halLcdSpiTxByte                          0x08001641   Thumb Code     8  hal_lcd_spi.o(.text.halLcdSpiTxByte)
    [Anonymous Symbol]                       0x08001640   Section        0  hal_lcd_spi.o(.text.halLcdSpiTxByte)
    [Anonymous Symbol]                       0x08001648   Section        0  hal_lcd_spi.o(.text.halLcdSpiTxCmd)
    [Anonymous Symbol]                       0x08001666   Section        0  hal_lcd_spi.o(.text.halLcdSpiTxData)
    [Anonymous Symbol]                       0x08001684   Section        0  hal_led.o(.text.halLedInit)
    [Anonymous Symbol]                       0x080016a4   Section        0  hal_led.o(.text.halLedToggle)
    __arm_cp.3_0                             0x080016c8   Number         4  hal_led.o(.text.halLedToggle)
    halOLED12864ChipInit                     0x080016cd   Thumb Code   182  hal_oled12864.o(.text.halOLED12864ChipInit)
    [Anonymous Symbol]                       0x080016cc   Section        0  hal_oled12864.o(.text.halOLED12864ChipInit)
    [Anonymous Symbol]                       0x08001782   Section        0  hal_oled12864.o(.text.halOLED12864ClearScreen)
    [Anonymous Symbol]                       0x080017ba   Section        0  hal_oled12864.o(.text.halOLED12864Init)
    halOLED12864Reset                        0x080017d5   Thumb Code    64  hal_oled12864.o(.text.halOLED12864Reset)
    [Anonymous Symbol]                       0x080017d4   Section        0  hal_oled12864.o(.text.halOLED12864Reset)
    __arm_cp.6_0                             0x08001810   Number         4  hal_oled12864.o(.text.halOLED12864Reset)
    halOLED12864SetPosition                  0x08001815   Thumb Code    32  hal_oled12864.o(.text.halOLED12864SetPosition)
    [Anonymous Symbol]                       0x08001814   Section        0  hal_oled12864.o(.text.halOLED12864SetPosition)
    [Anonymous Symbol]                       0x08001834   Section        0  hal_oled12864.o(.text.halOLED12864ShowX16)
    halOLEDShowChar8x16                      0x08001871   Thumb Code   100  hal_oled12864.o(.text.halOLEDShowChar8x16)
    [Anonymous Symbol]                       0x08001870   Section        0  hal_oled12864.o(.text.halOLEDShowChar8x16)
    __arm_cp.5_0                             0x080018d0   Number         4  hal_oled12864.o(.text.halOLEDShowChar8x16)
    [Anonymous Symbol]                       0x080018d4   Section        0  hal_spi.o(.text.halSpiDisable)
    [Anonymous Symbol]                       0x080018e2   Section        0  hal_spi.o(.text.halSpiEnable)
    [Anonymous Symbol]                       0x08001900   Section        0  hal_spi.o(.text.halSpiInit)
    __arm_cp.2_0                             0x08001998   Number         4  hal_spi.o(.text.halSpiInit)
    __arm_cp.2_1                             0x0800199c   Number         4  hal_spi.o(.text.halSpiInit)
    __arm_cp.2_2                             0x080019a0   Number         4  hal_spi.o(.text.halSpiInit)
    [Anonymous Symbol]                       0x080019a4   Section        0  hal_system.o(.text.halSystemDelayUs)
    __arm_cp.1_0                             0x080019d8   Number         4  hal_system.o(.text.halSystemDelayUs)
    __arm_cp.1_1                             0x080019dc   Number         4  hal_system.o(.text.halSystemDelayUs)
    __arm_cp.1_2                             0x080019e0   Number         4  hal_system.o(.text.halSystemDelayUs)
    __arm_cp.1_3                             0x080019e4   Number         4  hal_system.o(.text.halSystemDelayUs)
    [Anonymous Symbol]                       0x080019e8   Section        0  hal_system.o(.text.halSystemInit)
    halUartGpioInit                          0x080019f5   Thumb Code    82  hal_uart.o(.text.halUartGpioInit)
    [Anonymous Symbol]                       0x080019f4   Section        0  hal_uart.o(.text.halUartGpioInit)
    halUartIRQInit                           0x08001a49   Thumb Code    56  hal_uart.o(.text.halUartIRQInit)
    [Anonymous Symbol]                       0x08001a48   Section        0  hal_uart.o(.text.halUartIRQInit)
    __arm_cp.3_1                             0x08001a78   Number         4  hal_uart.o(.text.halUartIRQInit)
    __arm_cp.3_2                             0x08001a7c   Number         4  hal_uart.o(.text.halUartIRQInit)
    [Anonymous Symbol]                       0x08001a80   Section        0  hal_uart.o(.text.halUartInit)
    halUartParamInit                         0x08001a95   Thumb Code    52  hal_uart.o(.text.halUartParamInit)
    [Anonymous Symbol]                       0x08001a94   Section        0  hal_uart.o(.text.halUartParamInit)
    [Anonymous Symbol]                       0x08001ac8   Section        0  hal_uart.o(.text.halUartSetIRQCallback)
    __arm_cp.4_0                             0x08001ad0   Number         4  hal_uart.o(.text.halUartSetIRQCallback)
    [Anonymous Symbol]                       0x08001ad4   Section        0  hal_uart.o(.text.halUartWrite)
    __arm_cp.5_0                             0x08001b04   Number         4  hal_uart.o(.text.halUartWrite)
    [Anonymous Symbol]                       0x08001b08   Section        0  main.o(.text.main)
    [Anonymous Symbol]                       0x08001b24   Section        0  svc_button.o(.text.svcButtonClickTimes)
    [Anonymous Symbol]                       0x08001b2c   Section        0  svc_button.o(.text.svcButtonClickTimesClear)
    [Anonymous Symbol]                       0x08001b34   Section        0  svc_button.o(.text.svcButtonInit)
    __arm_cp.0_0                             0x08001b40   Number         4  svc_button.o(.text.svcButtonInit)
    svcButtonOnClick                         0x08001b45   Thumb Code    16  svc_button.o(.text.svcButtonOnClick)
    [Anonymous Symbol]                       0x08001b44   Section        0  svc_button.o(.text.svcButtonOnClick)
    __arm_cp.1_0                             0x08001b50   Number         4  svc_button.o(.text.svcButtonOnClick)
    svcInit                                  0x08001b55   Thumb Code    24  main.o(.text.svcInit)
    [Anonymous Symbol]                       0x08001b54   Section        0  main.o(.text.svcInit)
    [Anonymous Symbol]                       0x08001b6c   Section        0  svc_log.o(.text.svcLogInit)
    [Anonymous Symbol]                       0x08001b6e   Section        0  svc_log.o(.text.svcLogWrite)
    [Anonymous Symbol]                       0x08001b80   Section        0  svc_plugins.o(.text.svcPluginsInit)
    [Anonymous Symbol]                       0x08001b82   Section        0  svc_plugins.o(.text.svcPluginsLcdWrite)
    [Anonymous Symbol]                       0x08001c0c   Section        0  svc_plugins.o(.text.svcPluginsSetUartCallback)
    [Anonymous Symbol]                       0x08001c14   Section        0  svc_plugins.o(.text.svcPluginsToggleLed)
    [Anonymous Symbol]                       0x08001c1c   Section        0  svc_sensor.o(.text.svcSensorGetHumi)
    [Anonymous Symbol]                       0x08001c40   Section        0  svc_sensor.o(.text.svcSensorGetTemp)
    [Anonymous Symbol]                       0x08001c64   Section        0  svc_sensor.o(.text.svcSensorInit)
    [Anonymous Symbol]                       0x08001c68   Section        0  svc_task.o(.text.svcTaskAdd)
    [Anonymous Symbol]                       0x08001ca0   Section        0  svc_task.o(.text.svcTaskInit)
    [Anonymous Symbol]                       0x08001cb0   Section        0  svc_task.o(.text.svcTaskPoll)
    __arm_cp.3_0                             0x08001cf8   Number         4  svc_task.o(.text.svcTaskPoll)
    taskInit                                 0x08001cfd   Thumb Code    28  main.o(.text.taskInit)
    [Anonymous Symbol]                       0x08001cfc   Section        0  main.o(.text.taskInit)
    [Anonymous Symbol]                       0x08001d18   Section        0  task_input.o(.text.taskInputInit)
    __arm_cp.0_0                             0x08001d40   Number         4  task_input.o(.text.taskInputInit)
    __arm_cp.0_1                             0x08001d44   Number         4  task_input.o(.text.taskInputInit)
    __arm_cp.0_2                             0x08001d48   Number         4  task_input.o(.text.taskInputInit)
    taskInputOnMsgRunner                     0x08001d4d   Thumb Code    44  task_input.o(.text.taskInputOnMsgRunner)
    [Anonymous Symbol]                       0x08001d4c   Section        0  task_input.o(.text.taskInputOnMsgRunner)
    taskInputOnUart                          0x08001d79   Thumb Code    32  task_input.o(.text.taskInputOnUart)
    [Anonymous Symbol]                       0x08001d78   Section        0  task_input.o(.text.taskInputOnUart)
    __arm_cp.1_0                             0x08001d90   Number         4  task_input.o(.text.taskInputOnUart)
    __arm_cp.1_1                             0x08001d94   Number         4  task_input.o(.text.taskInputOnUart)
    taskInputRunner                          0x08001d99   Thumb Code    64  task_input.o(.text.taskInputRunner)
    [Anonymous Symbol]                       0x08001d98   Section        0  task_input.o(.text.taskInputRunner)
    __arm_cp.2_1                             0x08001dd4   Number         4  task_input.o(.text.taskInputRunner)
    [Anonymous Symbol]                       0x08001dd8   Section        0  task_lcd.o(.text.taskLcdInit)
    __arm_cp.0_0                             0x08001dec   Number         4  task_lcd.o(.text.taskLcdInit)
    taskLcdRunner                            0x08001df1   Thumb Code    68  task_lcd.o(.text.taskLcdRunner)
    [Anonymous Symbol]                       0x08001df0   Section        0  task_lcd.o(.text.taskLcdRunner)
    __arm_cp.1_0                             0x08001e18   Number         4  task_lcd.o(.text.taskLcdRunner)
    [Anonymous Symbol]                       0x08001e34   Section        0  task_led.o(.text.taskLedInit)
    __arm_cp.0_0                             0x08001e48   Number         4  task_led.o(.text.taskLedInit)
    taskLedRunner                            0x08001e4d   Thumb Code     8  task_led.o(.text.taskLedRunner)
    [Anonymous Symbol]                       0x08001e4c   Section        0  task_led.o(.text.taskLedRunner)
    [Anonymous Symbol]                       0x08001e54   Section        0  task_sensor.o(.text.taskSensorInit)
    __arm_cp.0_0                             0x08001e64   Number         4  task_sensor.o(.text.taskSensorInit)
    __arm_cp.0_1                             0x08001e68   Number         4  task_sensor.o(.text.taskSensorInit)
    taskSensorRunner                         0x08001e6d   Thumb Code   128  task_sensor.o(.text.taskSensorRunner)
    [Anonymous Symbol]                       0x08001e6c   Section        0  task_sensor.o(.text.taskSensorRunner)
    [Anonymous Symbol]                       0x08001eec   Section        0  task_test.o(.text.taskTestInit)
    __arm_cp.0_0                             0x08001f00   Number         4  task_test.o(.text.taskTestInit)
    taskTestRunner                           0x08001f05   Thumb Code    36  task_test.o(.text.taskTestRunner)
    [Anonymous Symbol]                       0x08001f04   Section        0  task_test.o(.text.taskTestRunner)
    [Anonymous Symbol]                       0x08001f28   Section        0  task_uart.o(.text.taskUartInit)
    __arm_cp.0_0                             0x08001f3c   Number         4  task_uart.o(.text.taskUartInit)
    taskUartRunner                           0x08001f41   Thumb Code    36  task_uart.o(.text.taskUartRunner)
    [Anonymous Symbol]                       0x08001f40   Section        0  task_uart.o(.text.taskUartRunner)
    i.__0sprintf                             0x08001f64   Section        0  printfa.o(i.__0sprintf)
    i.__ARM_clz                              0x08001f8c   Section        0  depilogue.o(i.__ARM_clz)
    i.__scatterload_copy                     0x08001fba   Section       14  handlers.o(i.__scatterload_copy)
    i.__scatterload_null                     0x08001fc8   Section        2  handlers.o(i.__scatterload_null)
    i.__scatterload_zeroinit                 0x08001fca   Section       14  handlers.o(i.__scatterload_zeroinit)
    _fp_digits                               0x08001fd9   Thumb Code   344  printfa.o(i._fp_digits)
    i._fp_digits                             0x08001fd8   Section        0  printfa.o(i._fp_digits)
    _printf_core                             0x0800214d   Thumb Code  1754  printfa.o(i._printf_core)
    i._printf_core                           0x0800214c   Section        0  printfa.o(i._printf_core)
    _printf_post_padding                     0x08002839   Thumb Code    32  printfa.o(i._printf_post_padding)
    i._printf_post_padding                   0x08002838   Section        0  printfa.o(i._printf_post_padding)
    _printf_pre_padding                      0x08002859   Thumb Code    44  printfa.o(i._printf_pre_padding)
    i._printf_pre_padding                    0x08002858   Section        0  printfa.o(i._printf_pre_padding)
    _sputc                                   0x08002885   Thumb Code    10  printfa.o(i._sputc)
    i._sputc                                 0x08002884   Section        0  printfa.o(i._sputc)
    [Anonymous Symbol]                       0x08002890   Section        0  hal_dht20.o(.rodata..L__const.AHT20GetData.data)
    [Anonymous Symbol]                       0x0800289c   Section        0  hal_spi.o(.rodata..L__const.halSpiInit.spiConfig)
    APBAHBPrescTable                         0x080028ae   Data          16  stm32f0xx_rcc.o(.rodata.APBAHBPrescTable)
    [Anonymous Symbol]                       0x080028ae   Section        0  stm32f0xx_rcc.o(.rodata.APBAHBPrescTable)
    FontTable_V_8X16                         0x080028be   Data        1520  hal_oled12864.o(.rodata.FontTable_V_8X16)
    [Anonymous Symbol]                       0x080028be   Section        0  hal_oled12864.o(.rodata.FontTable_V_8X16)
    .L.str.1                                 0x08002eae   Data          26  task_input.o(.rodata.str1.1)
    [Anonymous Symbol]                       0x08002eae   Section        0  task_input.o(.rodata.str1.1)
    halButtonOnClick                         0x20000008   Data           4  hal_button.o(.bss.halButtonOnClick)
    [Anonymous Symbol]                       0x20000008   Section        0  hal_button.o(.bss.halButtonOnClick)
    halTimerOnIRQ                            0x2000000c   Data           4  hal_timer.o(.bss.halTimerOnIRQ)
    [Anonymous Symbol]                       0x2000000c   Section        0  hal_timer.o(.bss.halTimerOnIRQ)
    halUartOnIRQ                             0x20000010   Data           4  hal_uart.o(.bss.halUartOnIRQ)
    [Anonymous Symbol]                       0x20000010   Section        0  hal_uart.o(.bss.halUartOnIRQ)
    svcButtonClickTimesCounter               0x20000014   Data           4  svc_button.o(.bss.svcButtonClickTimesCounter)
    [Anonymous Symbol]                       0x20000014   Section        0  svc_button.o(.bss.svcButtonClickTimesCounter)
    taskInputIndex                           0x200000b8   Data           1  task_input.o(.bss.taskInputIndex)
    [Anonymous Symbol]                       0x200000b8   Section        0  task_input.o(.bss.taskInputIndex)
    taskInputMsg                             0x200000bc   Data         128  task_input.o(.bss.taskInputMsg)
    [Anonymous Symbol]                       0x200000bc   Section        0  task_input.o(.bss.taskInputMsg)
    taskLcdRunner.count                      0x2000013c   Data           4  task_lcd.o(.bss.taskLcdRunner.count)
    [Anonymous Symbol]                       0x2000013c   Section        0  task_lcd.o(.bss.taskLcdRunner.count)
    STACK                                    0x20000140   Section     1024  startup_stm32f030.o(STACK)

    Global Symbols

    Symbol Name                              Value     Ov Type        Size  Object(Section)

    BuildAttributes$$THM_ISAv3M$S$PE$A:L22$X:L11$S22$IEEE1$IW$~IW$USESV6$~STKCKD$USESV7$~SHL$OTIME$ROPI$EBA8$MICROLIB$REQ8$PRES8$EABIv2 0x00000000   Number         0  anon$$obj.o ABSOLUTE
    _printf_a                                0x00000000   Number         0  printfstubs.o ABSOLUTE
    _printf_c                                0x00000000   Number         0  printfstubs.o ABSOLUTE
    _printf_charcount                        0x00000000   Number         0  printfstubs.o ABSOLUTE
    _printf_d                                0x00000000   Number         0  printfstubs.o ABSOLUTE
    _printf_e                                0x00000000   Number         0  printfstubs.o ABSOLUTE
    _printf_f                                0x00000000   Number         0  printfstubs.o ABSOLUTE
    _printf_flags                            0x00000000   Number         0  printfstubs.o ABSOLUTE
    _printf_fp_dec                           0x00000000   Number         0  printfstubs.o ABSOLUTE
    _printf_fp_hex                           0x00000000   Number         0  printfstubs.o ABSOLUTE
    _printf_g                                0x00000000   Number         0  printfstubs.o ABSOLUTE
    _printf_i                                0x00000000   Number         0  printfstubs.o ABSOLUTE
    _printf_int_dec                          0x00000000   Number         0  printfstubs.o ABSOLUTE
    _printf_l                                0x00000000   Number         0  printfstubs.o ABSOLUTE
    _printf_lc                               0x00000000   Number         0  printfstubs.o ABSOLUTE
    _printf_ll                               0x00000000   Number         0  printfstubs.o ABSOLUTE
    _printf_lld                              0x00000000   Number         0  printfstubs.o ABSOLUTE
    _printf_lli                              0x00000000   Number         0  printfstubs.o ABSOLUTE
    _printf_llo                              0x00000000   Number         0  printfstubs.o ABSOLUTE
    _printf_llu                              0x00000000   Number         0  printfstubs.o ABSOLUTE
    _printf_llx                              0x00000000   Number         0  printfstubs.o ABSOLUTE
    _printf_longlong_dec                     0x00000000   Number         0  printfstubs.o ABSOLUTE
    _printf_longlong_hex                     0x00000000   Number         0  printfstubs.o ABSOLUTE
    _printf_longlong_oct                     0x00000000   Number         0  printfstubs.o ABSOLUTE
    _printf_ls                               0x00000000   Number         0  printfstubs.o ABSOLUTE
    _printf_mbtowc                           0x00000000   Number         0  printfstubs.o ABSOLUTE
    _printf_n                                0x00000000   Number         0  printfstubs.o ABSOLUTE
    _printf_o                                0x00000000   Number         0  printfstubs.o ABSOLUTE
    _printf_p                                0x00000000   Number         0  printfstubs.o ABSOLUTE
    _printf_percent                          0x00000000   Number         0  printfstubs.o ABSOLUTE
    _printf_pre_padding                      0x00000000   Number         0  printfstubs.o ABSOLUTE
    _printf_return_value                     0x00000000   Number         0  printfstubs.o ABSOLUTE
    _printf_s                                0x00000000   Number         0  printfstubs.o ABSOLUTE
    _printf_sizespec                         0x00000000   Number         0  printfstubs.o ABSOLUTE
    _printf_str                              0x00000000   Number         0  printfstubs.o ABSOLUTE
    _printf_truncate_signed                  0x00000000   Number         0  printfstubs.o ABSOLUTE
    _printf_truncate_unsigned                0x00000000   Number         0  printfstubs.o ABSOLUTE
    _printf_u                                0x00000000   Number         0  printfstubs.o ABSOLUTE
    _printf_wc                               0x00000000   Number         0  printfstubs.o ABSOLUTE
    _printf_wctomb                           0x00000000   Number         0  printfstubs.o ABSOLUTE
    _printf_widthprec                        0x00000000   Number         0  printfstubs.o ABSOLUTE
    _printf_x                                0x00000000   Number         0  printfstubs.o ABSOLUTE
    __cpp_initialize__aeabi_                  - Undefined Weak Reference
    __cxa_finalize                            - Undefined Weak Reference
    __decompress                              - Undefined Weak Reference
    _clock_init                               - Undefined Weak Reference
    _microlib_exit                            - Undefined Weak Reference
    __Vectors_Size                           0x000000b4   Number         0  startup_stm32f030.o ABSOLUTE
    __Vectors                                0x08000000   Data           4  startup_stm32f030.o(RESET)
    __Vectors_End                            0x080000b4   Data           0  startup_stm32f030.o(RESET)
    __main                                   0x080000b5   Thumb Code     0  entry.o(.ARM.Collect$$$$00000000)
    _main_stk                                0x080000b5   Thumb Code     0  entry2.o(.ARM.Collect$$$$00000001)
    _main_scatterload                        0x080000b9   Thumb Code     0  entry5.o(.ARM.Collect$$$$00000004)
    __main_after_scatterload                 0x080000bd   Thumb Code     0  entry5.o(.ARM.Collect$$$$00000004)
    _main_clock                              0x080000bd   Thumb Code     0  entry7b.o(.ARM.Collect$$$$00000008)
    _main_cpp_init                           0x080000bd   Thumb Code     0  entry8b.o(.ARM.Collect$$$$0000000A)
    _main_init                               0x080000bd   Thumb Code     0  entry9a.o(.ARM.Collect$$$$0000000B)
    __rt_final_cpp                           0x080000c5   Thumb Code     0  entry10a.o(.ARM.Collect$$$$0000000D)
    __rt_final_exit                          0x080000c5   Thumb Code     0  entry11a.o(.ARM.Collect$$$$0000000F)
    Reset_Handler                            0x080000c9   Thumb Code    38  startup_stm32f030.o(.text)
    ADC1_IRQHandler                          0x080000f9   Thumb Code     0  startup_stm32f030.o(.text)
    DMA1_Channel1_IRQHandler                 0x080000f9   Thumb Code     0  startup_stm32f030.o(.text)
    DMA1_Channel2_3_IRQHandler               0x080000f9   Thumb Code     0  startup_stm32f030.o(.text)
    DMA1_Channel4_5_IRQHandler               0x080000f9   Thumb Code     0  startup_stm32f030.o(.text)
    EXTI2_3_IRQHandler                       0x080000f9   Thumb Code     0  startup_stm32f030.o(.text)
    EXTI4_15_IRQHandler                      0x080000f9   Thumb Code     0  startup_stm32f030.o(.text)
    FLASH_IRQHandler                         0x080000f9   Thumb Code     0  startup_stm32f030.o(.text)
    I2C1_IRQHandler                          0x080000f9   Thumb Code     0  startup_stm32f030.o(.text)
    I2C2_IRQHandler                          0x080000f9   Thumb Code     0  startup_stm32f030.o(.text)
    RCC_IRQHandler                           0x080000f9   Thumb Code     0  startup_stm32f030.o(.text)
    RTC_IRQHandler                           0x080000f9   Thumb Code     0  startup_stm32f030.o(.text)
    SPI1_IRQHandler                          0x080000f9   Thumb Code     0  startup_stm32f030.o(.text)
    SPI2_IRQHandler                          0x080000f9   Thumb Code     0  startup_stm32f030.o(.text)
    TIM14_IRQHandler                         0x080000f9   Thumb Code     0  startup_stm32f030.o(.text)
    TIM15_IRQHandler                         0x080000f9   Thumb Code     0  startup_stm32f030.o(.text)
    TIM16_IRQHandler                         0x080000f9   Thumb Code     0  startup_stm32f030.o(.text)
    TIM17_IRQHandler                         0x080000f9   Thumb Code     0  startup_stm32f030.o(.text)
    TIM1_BRK_UP_TRG_COM_IRQHandler           0x080000f9   Thumb Code     0  startup_stm32f030.o(.text)
    TIM1_CC_IRQHandler                       0x080000f9   Thumb Code     0  startup_stm32f030.o(.text)
    USART2_IRQHandler                        0x080000f9   Thumb Code     0  startup_stm32f030.o(.text)
    WWDG_IRQHandler                          0x080000f9   Thumb Code     0  startup_stm32f030.o(.text)
    __aeabi_memcpy                           0x08000121   Thumb Code    36  memcpya.o(.text)
    __aeabi_memcpy4                          0x08000121   Thumb Code     0  memcpya.o(.text)
    __aeabi_memcpy8                          0x08000121   Thumb Code     0  memcpya.o(.text)
    __aeabi_memset                           0x08000145   Thumb Code    14  memseta.o(.text)
    __aeabi_memset4                          0x08000145   Thumb Code     0  memseta.o(.text)
    __aeabi_memset8                          0x08000145   Thumb Code     0  memseta.o(.text)
    __aeabi_memclr                           0x08000153   Thumb Code     4  memseta.o(.text)
    __aeabi_memclr4                          0x08000153   Thumb Code     0  memseta.o(.text)
    __aeabi_memclr8                          0x08000153   Thumb Code     0  memseta.o(.text)
    _memset$wrapper                          0x08000157   Thumb Code    18  memseta.o(.text)
    strlen                                   0x08000169   Thumb Code    14  strlen.o(.text)
    __aeabi_fdiv                             0x08000177   Thumb Code   124  fdiv.o(.text)
    __aeabi_i2f                              0x080001f3   Thumb Code    22  fflti.o(.text)
    __aeabi_f2d                              0x08000209   Thumb Code    40  f2d.o(.text)
    __aeabi_uidiv                            0x08000231   Thumb Code     0  uidiv_div0.o(.text)
    __aeabi_uidivmod                         0x08000231   Thumb Code    62  uidiv_div0.o(.text)
    __aeabi_uldivmod                         0x0800026f   Thumb Code    96  uldiv.o(.text)
    __I$use$fp                               0x080002cf   Thumb Code     0  iusefp.o(.text)
    _float_round                             0x080002cf   Thumb Code    16  fepilogue.o(.text)
    _float_epilogue                          0x080002df   Thumb Code   114  fepilogue.o(.text)
    __aeabi_dadd                             0x08000351   Thumb Code   328  dadd.o(.text)
    __aeabi_dsub                             0x08000499   Thumb Code    12  dadd.o(.text)
    __aeabi_drsub                            0x080004a5   Thumb Code    12  dadd.o(.text)
    __aeabi_dmul                             0x080004b5   Thumb Code   202  dmul.o(.text)
    __aeabi_ddiv                             0x08000585   Thumb Code   234  ddiv.o(.text)
    __aeabi_d2ulz                            0x08000675   Thumb Code    54  dfixul.o(.text)
    __aeabi_cdrcmple                         0x080006b5   Thumb Code    38  cdrcmple.o(.text)
    __scatterload                            0x080006dd   Thumb Code    28  init.o(.text)
    __scatterload_rt2                        0x080006dd   Thumb Code     0  init.o(.text)
    __aeabi_llsl                             0x08000701   Thumb Code    32  llshl.o(.text)
    _ll_shift_l                              0x08000701   Thumb Code     0  llshl.o(.text)
    __aeabi_llsr                             0x08000721   Thumb Code    34  llushr.o(.text)
    _ll_ushift_r                             0x08000721   Thumb Code     0  llushr.o(.text)
    __aeabi_lasr                             0x08000743   Thumb Code    38  llsshr.o(.text)
    _ll_sshift_r                             0x08000743   Thumb Code     0  llsshr.o(.text)
    _double_round                            0x08000769   Thumb Code    26  depilogue.o(.text)
    _double_epilogue                         0x08000783   Thumb Code   164  depilogue.o(.text)
    AHT20GetData                             0x08000829   Thumb Code   112  hal_dht20.o(.text.AHT20GetData)
    AHT20_Init                               0x08000899   Thumb Code   122  hal_dht20.o(.text.AHT20_Init)
    AHT20_RD_Byte                            0x08000913   Thumb Code    78  hal_dht20.o(.text.AHT20_RD_Byte)
    AHT20_Read_CTdata_crc                    0x08000961   Thumb Code   268  hal_dht20.o(.text.AHT20_Read_CTdata_crc)
    AHT20_Read_Status                        0x08000a6d   Thumb Code    34  hal_dht20.o(.text.AHT20_Read_Status)
    AHT20_SendAC                             0x08000a8f   Thumb Code    52  hal_dht20.o(.text.AHT20_SendAC)
    AHT20_Start_Init                         0x08000ac3   Thumb Code    22  hal_dht20.o(.text.AHT20_Start_Init)
    AHT20_WR_Byte                            0x08000ad9   Thumb Code    74  hal_dht20.o(.text.AHT20_WR_Byte)
    Calc_CRC8                                0x08000b23   Thumb Code    60  hal_dht20.o(.text.Calc_CRC8)
    Delay_1ms                                0x08000b5f   Thumb Code    22  hal_dht20.o(.text.Delay_1ms)
    Delay_4us                                0x08000b75   Thumb Code    10  hal_dht20.o(.text.Delay_4us)
    Delay_5us                                0x08000b7f   Thumb Code    10  hal_dht20.o(.text.Delay_5us)
    EXTI0_1_IRQHandler                       0x08000b89   Thumb Code    60  hal_button.o(.text.EXTI0_1_IRQHandler)
    EXTI_ClearFlag                           0x08000bc5   Thumb Code     8  stm32f0xx_exti.o(.text.EXTI_ClearFlag)
    EXTI_GetITStatus                         0x08000bcd   Thumb Code    20  stm32f0xx_exti.o(.text.EXTI_GetITStatus)
    EXTI_Init                                0x08000be1   Thumb Code    96  stm32f0xx_exti.o(.text.EXTI_Init)
    GPIO_Init                                0x08000c41   Thumb Code   112  stm32f0xx_gpio.o(.text.GPIO_Init)
    GPIO_PinAFConfig                         0x08000cb1   Thumb Code    32  stm32f0xx_gpio.o(.text.GPIO_PinAFConfig)
    GPIO_ReadInputDataBit                    0x08000cd1   Thumb Code    10  stm32f0xx_gpio.o(.text.GPIO_ReadInputDataBit)
    GPIO_ReadOutputDataBit                   0x08000cdb   Thumb Code    10  stm32f0xx_gpio.o(.text.GPIO_ReadOutputDataBit)
    GPIO_ResetBits                           0x08000ce5   Thumb Code     4  stm32f0xx_gpio.o(.text.GPIO_ResetBits)
    GPIO_SetBits                             0x08000ce9   Thumb Code     4  stm32f0xx_gpio.o(.text.GPIO_SetBits)
    HardFault_Handler                        0x08000ced   Thumb Code     2  stm32f0xx_it.o(.text.HardFault_Handler)
    I2C_Start                                0x08000cef   Thumb Code    46  hal_dht20.o(.text.I2C_Start)
    Init_I2C_Sensor_Port                     0x08000d1d   Thumb Code    78  hal_dht20.o(.text.Init_I2C_Sensor_Port)
    JH_Reset_REG                             0x08000d6b   Thumb Code   172  hal_dht20.o(.text.JH_Reset_REG)
    NMI_Handler                              0x08000e17   Thumb Code     2  stm32f0xx_it.o(.text.NMI_Handler)
    NVIC_Init                                0x08000e19   Thumb Code    80  stm32f0xx_misc.o(.text.NVIC_Init)
    PendSV_Handler                           0x08000e69   Thumb Code     2  stm32f0xx_it.o(.text.PendSV_Handler)
    RCC_AHBPeriphClockCmd                    0x08000e6d   Thumb Code    28  stm32f0xx_rcc.o(.text.RCC_AHBPeriphClockCmd)
    RCC_APB1PeriphResetCmd                   0x08000e89   Thumb Code    28  stm32f0xx_rcc.o(.text.RCC_APB1PeriphResetCmd)
    RCC_APB2PeriphClockCmd                   0x08000ea5   Thumb Code    28  stm32f0xx_rcc.o(.text.RCC_APB2PeriphClockCmd)
    RCC_APB2PeriphResetCmd                   0x08000ec1   Thumb Code    28  stm32f0xx_rcc.o(.text.RCC_APB2PeriphResetCmd)
    RCC_GetClocksFreq                        0x08000edd   Thumb Code   356  stm32f0xx_rcc.o(.text.RCC_GetClocksFreq)
    RCC_PLLConfig                            0x08001041   Thumb Code    24  stm32f0xx_rcc.o(.text.RCC_PLLConfig)
    RCC_SYSCLKConfig                         0x08001059   Thumb Code    16  stm32f0xx_rcc.o(.text.RCC_SYSCLKConfig)
    Receive_ACK                              0x08001069   Thumb Code    76  hal_dht20.o(.text.Receive_ACK)
    SCL_Pin_Output_High                      0x080010b5   Thumb Code    16  hal_dht20.o(.text.SCL_Pin_Output_High)
    SCL_Pin_Output_Low                       0x080010c5   Thumb Code    16  hal_dht20.o(.text.SCL_Pin_Output_Low)
    SDA_Pin_IN_FLOATING                      0x080010d5   Thumb Code    38  hal_dht20.o(.text.SDA_Pin_IN_FLOATING)
    SDA_Pin_Output_High                      0x080010fb   Thumb Code    44  hal_dht20.o(.text.SDA_Pin_Output_High)
    SDA_Pin_Output_Low                       0x08001127   Thumb Code    44  hal_dht20.o(.text.SDA_Pin_Output_Low)
    SPI1_Transfer                            0x08001155   Thumb Code    48  hal_spi.o(.text.SPI1_Transfer)
    SPI_Cmd                                  0x08001185   Thumb Code    18  stm32f0xx_spi.o(.text.SPI_Cmd)
    SPI_I2S_DeInit                           0x08001199   Thumb Code    64  stm32f0xx_spi.o(.text.SPI_I2S_DeInit)
    SPI_I2S_GetFlagStatus                    0x080011d9   Thumb Code    10  stm32f0xx_spi.o(.text.SPI_I2S_GetFlagStatus)
    SPI_Init                                 0x080011e5   Thumb Code    80  stm32f0xx_spi.o(.text.SPI_Init)
    SPI_ReceiveData8                         0x08001235   Thumb Code     4  stm32f0xx_spi.o(.text.SPI_ReceiveData8)
    SPI_RxFIFOThresholdConfig                0x08001239   Thumb Code    20  stm32f0xx_spi.o(.text.SPI_RxFIFOThresholdConfig)
    SPI_SendData8                            0x0800124d   Thumb Code     4  stm32f0xx_spi.o(.text.SPI_SendData8)
    SVC_Handler                              0x08001251   Thumb Code     2  stm32f0xx_it.o(.text.SVC_Handler)
    SYSCFG_EXTILineConfig                    0x08001255   Thumb Code    36  stm32f0xx_syscfg.o(.text.SYSCFG_EXTILineConfig)
    Send_ACK                                 0x08001279   Thumb Code    56  hal_dht20.o(.text.Send_ACK)
    Send_NOT_ACK                             0x080012b1   Thumb Code    56  hal_dht20.o(.text.Send_NOT_ACK)
    Stop_I2C                                 0x08001331   Thumb Code    36  hal_dht20.o(.text.Stop_I2C)
    SysTick_CLKSourceConfig                  0x08001355   Thumb Code    28  stm32f0xx_misc.o(.text.SysTick_CLKSourceConfig)
    SysTick_Handler                          0x08001371   Thumb Code     2  stm32f0xx_it.o(.text.SysTick_Handler)
    SystemInit                               0x08001375   Thumb Code    92  system_stm32f0xx.o(.text.SystemInit)
    TIM3_IRQHandler                          0x080013d1   Thumb Code    44  hal_timer.o(.text.TIM3_IRQHandler)
    TIM_ClearITPendingBit                    0x080013fd   Thumb Code     6  stm32f0xx_tim.o(.text.TIM_ClearITPendingBit)
    TIM_GetITStatus                          0x08001403   Thumb Code    20  stm32f0xx_tim.o(.text.TIM_GetITStatus)
    USART1_IRQHandler                        0x08001419   Thumb Code    56  hal_uart.o(.text.USART1_IRQHandler)
    USART_ClearFlag                          0x08001451   Thumb Code     4  stm32f0xx_usart.o(.text.USART_ClearFlag)
    USART_Cmd                                0x08001455   Thumb Code    16  stm32f0xx_usart.o(.text.USART_Cmd)
    USART_GetFlagStatus                      0x08001465   Thumb Code    10  stm32f0xx_usart.o(.text.USART_GetFlagStatus)
    USART_GetITStatus                        0x0800146f   Thumb Code    44  stm32f0xx_usart.o(.text.USART_GetITStatus)
    USART_ITConfig                           0x0800149b   Thumb Code    46  stm32f0xx_usart.o(.text.USART_ITConfig)
    USART_Init                               0x080014c9   Thumb Code   192  stm32f0xx_usart.o(.text.USART_Init)
    USART_ReceiveData                        0x08001589   Thumb Code     8  stm32f0xx_usart.o(.text.USART_ReceiveData)
    USART_SendData                           0x08001591   Thumb Code    12  stm32f0xx_usart.o(.text.USART_SendData)
    halButtonInit                            0x0800159d   Thumb Code    80  hal_button.o(.text.halButtonInit)
    halButtonSetCallback                     0x080015ed   Thumb Code    12  hal_button.o(.text.halButtonSetCallback)
    halLcdSpiInit                            0x0800161b   Thumb Code    38  hal_lcd_spi.o(.text.halLcdSpiInit)
    halLcdSpiTxCmd                           0x08001649   Thumb Code    30  hal_lcd_spi.o(.text.halLcdSpiTxCmd)
    halLcdSpiTxData                          0x08001667   Thumb Code    30  hal_lcd_spi.o(.text.halLcdSpiTxData)
    halLedInit                               0x08001685   Thumb Code    32  hal_led.o(.text.halLedInit)
    halLedToggle                             0x080016a5   Thumb Code    40  hal_led.o(.text.halLedToggle)
    halOLED12864ClearScreen                  0x08001783   Thumb Code    56  hal_oled12864.o(.text.halOLED12864ClearScreen)
    halOLED12864Init                         0x080017bb   Thumb Code    24  hal_oled12864.o(.text.halOLED12864Init)
    halOLED12864ShowX16                      0x08001835   Thumb Code    58  hal_oled12864.o(.text.halOLED12864ShowX16)
    halSpiDisable                            0x080018d5   Thumb Code    14  hal_spi.o(.text.halSpiDisable)
    halSpiEnable                             0x080018e3   Thumb Code    28  hal_spi.o(.text.halSpiEnable)
    halSpiInit                               0x08001901   Thumb Code   164  hal_spi.o(.text.halSpiInit)
    halSystemDelayUs                         0x080019a5   Thumb Code    68  hal_system.o(.text.halSystemDelayUs)
    halSystemInit                            0x080019e9   Thumb Code    12  hal_system.o(.text.halSystemInit)
    halUartInit                              0x08001a81   Thumb Code    20  hal_uart.o(.text.halUartInit)
    halUartSetIRQCallback                    0x08001ac9   Thumb Code    12  hal_uart.o(.text.halUartSetIRQCallback)
    halUartWrite                             0x08001ad5   Thumb Code    52  hal_uart.o(.text.halUartWrite)
    main                                     0x08001b09   Thumb Code    28  main.o(.text.main)
    svcButtonClickTimes                      0x08001b25   Thumb Code     8  svc_button.o(.text.svcButtonClickTimes)
    svcButtonClickTimesClear                 0x08001b2d   Thumb Code     8  svc_button.o(.text.svcButtonClickTimesClear)
    svcButtonInit                            0x08001b35   Thumb Code    16  svc_button.o(.text.svcButtonInit)
    svcLogInit                               0x08001b6d   Thumb Code     2  svc_log.o(.text.svcLogInit)
    svcLogWrite                              0x08001b6f   Thumb Code    18  svc_log.o(.text.svcLogWrite)
    svcPluginsInit                           0x08001b81   Thumb Code     2  svc_plugins.o(.text.svcPluginsInit)
    svcPluginsLcdWrite                       0x08001b83   Thumb Code   138  svc_plugins.o(.text.svcPluginsLcdWrite)
    svcPluginsSetUartCallback                0x08001c0d   Thumb Code     8  svc_plugins.o(.text.svcPluginsSetUartCallback)
    svcPluginsToggleLed                      0x08001c15   Thumb Code     8  svc_plugins.o(.text.svcPluginsToggleLed)
    svcSensorGetHumi                         0x08001c1d   Thumb Code    36  svc_sensor.o(.text.svcSensorGetHumi)
    svcSensorGetTemp                         0x08001c41   Thumb Code    36  svc_sensor.o(.text.svcSensorGetTemp)
    svcSensorInit                            0x08001c65   Thumb Code     2  svc_sensor.o(.text.svcSensorInit)
    svcTaskAdd                               0x08001c69   Thumb Code    56  svc_task.o(.text.svcTaskAdd)
    svcTaskInit                              0x08001ca1   Thumb Code    16  svc_task.o(.text.svcTaskInit)
    svcTaskPoll                              0x08001cb1   Thumb Code    76  svc_task.o(.text.svcTaskPoll)
    taskInputInit                            0x08001d19   Thumb Code    52  task_input.o(.text.taskInputInit)
    taskLcdInit                              0x08001dd9   Thumb Code    24  task_lcd.o(.text.taskLcdInit)
    taskLedInit                              0x08001e35   Thumb Code    24  task_led.o(.text.taskLedInit)
    taskSensorInit                           0x08001e55   Thumb Code    24  task_sensor.o(.text.taskSensorInit)
    taskTestInit                             0x08001eed   Thumb Code    24  task_test.o(.text.taskTestInit)
    taskUartInit                             0x08001f29   Thumb Code    24  task_uart.o(.text.taskUartInit)
    __0sprintf                               0x08001f65   Thumb Code    36  printfa.o(i.__0sprintf)
    __1sprintf                               0x08001f65   Thumb Code     0  printfa.o(i.__0sprintf)
    __2sprintf                               0x08001f65   Thumb Code     0  printfa.o(i.__0sprintf)
    __c89sprintf                             0x08001f65   Thumb Code     0  printfa.o(i.__0sprintf)
    sprintf                                  0x08001f65   Thumb Code     0  printfa.o(i.__0sprintf)
    __ARM_clz                                0x08001f8d   Thumb Code    46  depilogue.o(i.__ARM_clz)
    __scatterload_copy                       0x08001fbb   Thumb Code    14  handlers.o(i.__scatterload_copy)
    __scatterload_null                       0x08001fc9   Thumb Code     2  handlers.o(i.__scatterload_null)
    __scatterload_zeroinit                   0x08001fcb   Thumb Code    14  handlers.o(i.__scatterload_zeroinit)
    Region$$Table$$Base                      0x08002ec8   Number         0  anon$$obj.o(Region$$Table)
    Region$$Table$$Limit                     0x08002ee8   Number         0  anon$$obj.o(Region$$Table)
    SystemCoreClock                          0x20000000   Data           4  system_stm32f0xx.o(.data.SystemCoreClock)
    svcTasks                                 0x20000018   Data         160  svc_task.o(.bss.svcTasks)
    __initial_sp                             0x20000540   Data           0  startup_stm32f030.o(STACK)



==============================================================================

Memory Map of the image

  Image Entry point : 0x080000c9

  Load Region LR_1 (Base: 0x08000000, Size: 0x00002eec, Max: 0xffffffff, ABSOLUTE)

    Execution Region ER_RO (Exec base: 0x08000000, Load base: 0x08000000, Size: 0x00002ee8, Max: 0xffffffff, ABSOLUTE)

    Exec Addr    Load Addr    Size         Type   Attr      Idx    E Section Name        Object

    0x08000000   0x08000000   0x000000b4   Data   RO            3    RESET               startup_stm32f030.o
    0x080000b4   0x080000b4   0x00000000   Code   RO         1090  * .ARM.Collect$$$$00000000  mc_p.l(entry.o)
    0x080000b4   0x080000b4   0x00000004   Code   RO         1374    .ARM.Collect$$$$00000001  mc_p.l(entry2.o)
    0x080000b8   0x080000b8   0x00000004   Code   RO         1377    .ARM.Collect$$$$00000004  mc_p.l(entry5.o)
    0x080000bc   0x080000bc   0x00000000   Code   RO         1379    .ARM.Collect$$$$00000008  mc_p.l(entry7b.o)
    0x080000bc   0x080000bc   0x00000000   Code   RO         1381    .ARM.Collect$$$$0000000A  mc_p.l(entry8b.o)
    0x080000bc   0x080000bc   0x00000008   Code   RO         1382    .ARM.Collect$$$$0000000B  mc_p.l(entry9a.o)
    0x080000c4   0x080000c4   0x00000000   Code   RO         1384    .ARM.Collect$$$$0000000D  mc_p.l(entry10a.o)
    0x080000c4   0x080000c4   0x00000000   Code   RO         1386    .ARM.Collect$$$$0000000F  mc_p.l(entry11a.o)
    0x080000c4   0x080000c4   0x00000004   Code   RO         1375    .ARM.Collect$$$$00002712  mc_p.l(entry2.o)
    0x080000c8   0x080000c8   0x00000058   Code   RO            4  * .text               startup_stm32f030.o
    0x08000120   0x08000120   0x00000024   Code   RO         1099    .text               mc_p.l(memcpya.o)
    0x08000144   0x08000144   0x00000024   Code   RO         1101    .text               mc_p.l(memseta.o)
    0x08000168   0x08000168   0x0000000e   Code   RO         1103    .text               mc_p.l(strlen.o)
    0x08000176   0x08000176   0x0000007c   Code   RO         1368    .text               mf_p.l(fdiv.o)
    0x080001f2   0x080001f2   0x00000016   Code   RO         1370    .text               mf_p.l(fflti.o)
    0x08000208   0x08000208   0x00000028   Code   RO         1372    .text               mf_p.l(f2d.o)
    0x08000230   0x08000230   0x0000003e   Code   RO         1397    .text               mc_p.l(uidiv_div0.o)
    0x0800026e   0x0800026e   0x00000060   Code   RO         1403    .text               mc_p.l(uldiv.o)
    0x080002ce   0x080002ce   0x00000000   Code   RO         1405    .text               mc_p.l(iusefp.o)
    0x080002ce   0x080002ce   0x00000082   Code   RO         1406    .text               mf_p.l(fepilogue.o)
    0x08000350   0x08000350   0x00000164   Code   RO         1408    .text               mf_p.l(dadd.o)
    0x080004b4   0x080004b4   0x000000d0   Code   RO         1410    .text               mf_p.l(dmul.o)
    0x08000584   0x08000584   0x000000f0   Code   RO         1412    .text               mf_p.l(ddiv.o)
    0x08000674   0x08000674   0x00000040   Code   RO         1414    .text               mf_p.l(dfixul.o)
    0x080006b4   0x080006b4   0x00000028   Code   RO         1416    .text               mf_p.l(cdrcmple.o)
    0x080006dc   0x080006dc   0x00000024   Code   RO         1418    .text               mc_p.l(init.o)
    0x08000700   0x08000700   0x00000020   Code   RO         1421    .text               mc_p.l(llshl.o)
    0x08000720   0x08000720   0x00000022   Code   RO         1423    .text               mc_p.l(llushr.o)
    0x08000742   0x08000742   0x00000026   Code   RO         1425    .text               mc_p.l(llsshr.o)
    0x08000768   0x08000768   0x000000be   Code   RO         1428    .text               mf_p.l(depilogue.o)
    0x08000826   0x08000826   0x00000002   PAD
    0x08000828   0x08000828   0x00000070   Code   RO          909    .text.AHT20GetData  hal_dht20.o
    0x08000898   0x08000898   0x0000007a   Code   RO          905    .text.AHT20_Init    hal_dht20.o
    0x08000912   0x08000912   0x0000004e   Code   RO          885    .text.AHT20_RD_Byte  hal_dht20.o
    0x08000960   0x08000960   0x0000010c   Code   RO          903    .text.AHT20_Read_CTdata_crc  hal_dht20.o
    0x08000a6c   0x08000a6c   0x00000022   Code   RO          877    .text.AHT20_Read_Status  hal_dht20.o
    0x08000a8e   0x08000a8e   0x00000034   Code   RO          897    .text.AHT20_SendAC  hal_dht20.o
    0x08000ac2   0x08000ac2   0x00000016   Code   RO          879    .text.AHT20_Start_Init  hal_dht20.o
    0x08000ad8   0x08000ad8   0x0000004a   Code   RO          883    .text.AHT20_WR_Byte  hal_dht20.o
    0x08000b22   0x08000b22   0x0000003c   Code   RO          899    .text.Calc_CRC8     hal_dht20.o
    0x08000b5e   0x08000b5e   0x00000016   Code   RO          861    .text.Delay_1ms     hal_dht20.o
    0x08000b74   0x08000b74   0x0000000a   Code   RO          857    .text.Delay_4us     hal_dht20.o
    0x08000b7e   0x08000b7e   0x0000000a   Code   RO          859    .text.Delay_5us     hal_dht20.o
    0x08000b88   0x08000b88   0x0000003c   Code   RO          720    .text.EXTI0_1_IRQHandler  hal_button.o
    0x08000bc4   0x08000bc4   0x00000008   Code   RO          105    .text.EXTI_ClearFlag  stm32f0xx_exti.o
    0x08000bcc   0x08000bcc   0x00000014   Code   RO          107    .text.EXTI_GetITStatus  stm32f0xx_exti.o
    0x08000be0   0x08000be0   0x00000060   Code   RO           97    .text.EXTI_Init     stm32f0xx_exti.o
    0x08000c40   0x08000c40   0x00000070   Code   RO          121    .text.GPIO_Init     stm32f0xx_gpio.o
    0x08000cb0   0x08000cb0   0x00000020   Code   RO          143    .text.GPIO_PinAFConfig  stm32f0xx_gpio.o
    0x08000cd0   0x08000cd0   0x0000000a   Code   RO          127    .text.GPIO_ReadInputDataBit  stm32f0xx_gpio.o
    0x08000cda   0x08000cda   0x0000000a   Code   RO          131    .text.GPIO_ReadOutputDataBit  stm32f0xx_gpio.o
    0x08000ce4   0x08000ce4   0x00000004   Code   RO          137    .text.GPIO_ResetBits  stm32f0xx_gpio.o
    0x08000ce8   0x08000ce8   0x00000004   Code   RO          135    .text.GPIO_SetBits  stm32f0xx_gpio.o
    0x08000cec   0x08000cec   0x00000002   Code   RO          690    .text.HardFault_Handler  stm32f0xx_it.o
    0x08000cee   0x08000cee   0x0000002e   Code   RO          881    .text.I2C_Start     hal_dht20.o
    0x08000d1c   0x08000d1c   0x0000004e   Code   RO          875    .text.Init_I2C_Sensor_Port  hal_dht20.o
    0x08000d6a   0x08000d6a   0x000000ac   Code   RO          907    .text.JH_Reset_REG  hal_dht20.o
    0x08000e16   0x08000e16   0x00000002   Code   RO          688    .text.NMI_Handler   stm32f0xx_it.o
    0x08000e18   0x08000e18   0x00000050   Code   RO          153    .text.NVIC_Init     stm32f0xx_misc.o
    0x08000e68   0x08000e68   0x00000002   Code   RO          694    .text.PendSV_Handler  stm32f0xx_it.o
    0x08000e6a   0x08000e6a   0x00000002   PAD
    0x08000e6c   0x08000e6c   0x0000001c   Code   RO          229    .text.RCC_AHBPeriphClockCmd  stm32f0xx_rcc.o
    0x08000e88   0x08000e88   0x0000001c   Code   RO          239    .text.RCC_APB1PeriphResetCmd  stm32f0xx_rcc.o
    0x08000ea4   0x08000ea4   0x0000001c   Code   RO          231    .text.RCC_APB2PeriphClockCmd  stm32f0xx_rcc.o
    0x08000ec0   0x08000ec0   0x0000001c   Code   RO          237    .text.RCC_APB2PeriphResetCmd  stm32f0xx_rcc.o
    0x08000edc   0x08000edc   0x00000164   Code   RO          221    .text.RCC_GetClocksFreq  stm32f0xx_rcc.o
    0x08001040   0x08001040   0x00000018   Code   RO          191    .text.RCC_PLLConfig  stm32f0xx_rcc.o
    0x08001058   0x08001058   0x00000010   Code   RO          203    .text.RCC_SYSCLKConfig  stm32f0xx_rcc.o
    0x08001068   0x08001068   0x0000004c   Code   RO          887    .text.Receive_ACK   hal_dht20.o
    0x080010b4   0x080010b4   0x00000010   Code   RO          871    .text.SCL_Pin_Output_High  hal_dht20.o
    0x080010c4   0x080010c4   0x00000010   Code   RO          873    .text.SCL_Pin_Output_Low  hal_dht20.o
    0x080010d4   0x080010d4   0x00000026   Code   RO          869    .text.SDA_Pin_IN_FLOATING  hal_dht20.o
    0x080010fa   0x080010fa   0x0000002c   Code   RO          865    .text.SDA_Pin_Output_High  hal_dht20.o
    0x08001126   0x08001126   0x0000002c   Code   RO          867    .text.SDA_Pin_Output_Low  hal_dht20.o
    0x08001152   0x08001152   0x00000002   PAD
    0x08001154   0x08001154   0x00000030   Code   RO          792    .text.SPI1_Transfer  hal_spi.o
    0x08001184   0x08001184   0x00000012   Code   RO          300    .text.SPI_Cmd       stm32f0xx_spi.o
    0x08001196   0x08001196   0x00000002   PAD
    0x08001198   0x08001198   0x00000040   Code   RO          290    .text.SPI_I2S_DeInit  stm32f0xx_spi.o
    0x080011d8   0x080011d8   0x0000000a   Code   RO          346    .text.SPI_I2S_GetFlagStatus  stm32f0xx_spi.o
    0x080011e2   0x080011e2   0x00000002   PAD
    0x080011e4   0x080011e4   0x00000050   Code   RO          294    .text.SPI_Init      stm32f0xx_spi.o
    0x08001234   0x08001234   0x00000004   Code   RO          322    .text.SPI_ReceiveData8  stm32f0xx_spi.o
    0x08001238   0x08001238   0x00000014   Code   RO          308    .text.SPI_RxFIFOThresholdConfig  stm32f0xx_spi.o
    0x0800124c   0x0800124c   0x00000004   Code   RO          318    .text.SPI_SendData8  stm32f0xx_spi.o
    0x08001250   0x08001250   0x00000002   Code   RO          692    .text.SVC_Handler   stm32f0xx_it.o
    0x08001252   0x08001252   0x00000002   PAD
    0x08001254   0x08001254   0x00000024   Code   RO          370    .text.SYSCFG_EXTILineConfig  stm32f0xx_syscfg.o
    0x08001278   0x08001278   0x00000038   Code   RO          889    .text.Send_ACK      hal_dht20.o
    0x080012b0   0x080012b0   0x00000038   Code   RO          891    .text.Send_NOT_ACK  hal_dht20.o
    0x080012e8   0x080012e8   0x00000048   Code   RO           13    .text.SetSysClock   system_stm32f0xx.o
    0x08001330   0x08001330   0x00000024   Code   RO          893    .text.Stop_I2C      hal_dht20.o
    0x08001354   0x08001354   0x0000001c   Code   RO          157    .text.SysTick_CLKSourceConfig  stm32f0xx_misc.o
    0x08001370   0x08001370   0x00000002   Code   RO          696    .text.SysTick_Handler  stm32f0xx_it.o
    0x08001372   0x08001372   0x00000002   PAD
    0x08001374   0x08001374   0x0000005c   Code   RO           11    .text.SystemInit    system_stm32f0xx.o
    0x080013d0   0x080013d0   0x0000002c   Code   RO          823    .text.TIM3_IRQHandler  hal_timer.o
    0x080013fc   0x080013fc   0x00000006   Code   RO          646    .text.TIM_ClearITPendingBit  stm32f0xx_tim.o
    0x08001402   0x08001402   0x00000014   Code   RO          644    .text.TIM_GetITStatus  stm32f0xx_tim.o
    0x08001416   0x08001416   0x00000002   PAD
    0x08001418   0x08001418   0x00000038   Code   RO          846    .text.USART1_IRQHandler  hal_uart.o
    0x08001450   0x08001450   0x00000004   Code   RO          480    .text.USART_ClearFlag  stm32f0xx_usart.o
    0x08001454   0x08001454   0x00000010   Code   RO          398    .text.USART_Cmd     stm32f0xx_usart.o
    0x08001464   0x08001464   0x0000000a   Code   RO          478    .text.USART_GetFlagStatus  stm32f0xx_usart.o
    0x0800146e   0x0800146e   0x0000002c   Code   RO          482    .text.USART_GetITStatus  stm32f0xx_usart.o
    0x0800149a   0x0800149a   0x0000002e   Code   RO          472    .text.USART_ITConfig  stm32f0xx_usart.o
    0x080014c8   0x080014c8   0x000000c0   Code   RO          390    .text.USART_Init    stm32f0xx_usart.o
    0x08001588   0x08001588   0x00000008   Code   RO          430    .text.USART_ReceiveData  stm32f0xx_usart.o
    0x08001590   0x08001590   0x0000000c   Code   RO          428    .text.USART_SendData  stm32f0xx_usart.o
    0x0800159c   0x0800159c   0x00000050   Code   RO          716    .text.halButtonInit  hal_button.o
    0x080015ec   0x080015ec   0x0000000c   Code   RO          718    .text.halButtonSetCallback  hal_button.o
    0x080015f8   0x080015f8   0x00000022   Code   RO         1077    .text.halInit       main.o
    0x0800161a   0x0800161a   0x00000026   Code   RO          731    .text.halLcdSpiInit  hal_lcd_spi.o
    0x08001640   0x08001640   0x00000008   Code   RO          735    .text.halLcdSpiTxByte  hal_lcd_spi.o
    0x08001648   0x08001648   0x0000001e   Code   RO          733    .text.halLcdSpiTxCmd  hal_lcd_spi.o
    0x08001666   0x08001666   0x0000001e   Code   RO          737    .text.halLcdSpiTxData  hal_lcd_spi.o
    0x08001684   0x08001684   0x00000020   Code   RO          747    .text.halLedInit    hal_led.o
    0x080016a4   0x080016a4   0x00000028   Code   RO          753    .text.halLedToggle  hal_led.o
    0x080016cc   0x080016cc   0x000000b6   Code   RO          765    .text.halOLED12864ChipInit  hal_oled12864.o
    0x08001782   0x08001782   0x00000038   Code   RO          767    .text.halOLED12864ClearScreen  hal_oled12864.o
    0x080017ba   0x080017ba   0x00000018   Code   RO          763    .text.halOLED12864Init  hal_oled12864.o
    0x080017d2   0x080017d2   0x00000002   PAD
    0x080017d4   0x080017d4   0x00000040   Code   RO          775    .text.halOLED12864Reset  hal_oled12864.o
    0x08001814   0x08001814   0x00000020   Code   RO          769    .text.halOLED12864SetPosition  hal_oled12864.o
    0x08001834   0x08001834   0x0000003a   Code   RO          771    .text.halOLED12864ShowX16  hal_oled12864.o
    0x0800186e   0x0800186e   0x00000002   PAD
    0x08001870   0x08001870   0x00000064   Code   RO          773    .text.halOLEDShowChar8x16  hal_oled12864.o
    0x080018d4   0x080018d4   0x0000000e   Code   RO          788    .text.halSpiDisable  hal_spi.o
    0x080018e2   0x080018e2   0x0000001c   Code   RO          786    .text.halSpiEnable  hal_spi.o
    0x080018fe   0x080018fe   0x00000002   PAD
    0x08001900   0x08001900   0x000000a4   Code   RO          790    .text.halSpiInit    hal_spi.o
    0x080019a4   0x080019a4   0x00000044   Code   RO          807    .text.halSystemDelayUs  hal_system.o
    0x080019e8   0x080019e8   0x0000000c   Code   RO          805    .text.halSystemInit  hal_system.o
    0x080019f4   0x080019f4   0x00000052   Code   RO          836    .text.halUartGpioInit  hal_uart.o
    0x08001a46   0x08001a46   0x00000002   PAD
    0x08001a48   0x08001a48   0x00000038   Code   RO          840    .text.halUartIRQInit  hal_uart.o
    0x08001a80   0x08001a80   0x00000014   Code   RO          834    .text.halUartInit   hal_uart.o
    0x08001a94   0x08001a94   0x00000034   Code   RO          838    .text.halUartParamInit  hal_uart.o
    0x08001ac8   0x08001ac8   0x0000000c   Code   RO          842    .text.halUartSetIRQCallback  hal_uart.o
    0x08001ad4   0x08001ad4   0x00000034   Code   RO          844    .text.halUartWrite  hal_uart.o
    0x08001b08   0x08001b08   0x0000001c   Code   RO         1075    .text.main          main.o
    0x08001b24   0x08001b24   0x00000008   Code   RO          969    .text.svcButtonClickTimes  svc_button.o
    0x08001b2c   0x08001b2c   0x00000008   Code   RO          971    .text.svcButtonClickTimesClear  svc_button.o
    0x08001b34   0x08001b34   0x00000010   Code   RO          965    .text.svcButtonInit  svc_button.o
    0x08001b44   0x08001b44   0x00000010   Code   RO          967    .text.svcButtonOnClick  svc_button.o
    0x08001b54   0x08001b54   0x00000018   Code   RO         1079    .text.svcInit       main.o
    0x08001b6c   0x08001b6c   0x00000002   Code   RO          937    .text.svcLogInit    svc_log.o
    0x08001b6e   0x08001b6e   0x00000012   Code   RO          939    .text.svcLogWrite   svc_log.o
    0x08001b80   0x08001b80   0x00000002   Code   RO          949    .text.svcPluginsInit  svc_plugins.o
    0x08001b82   0x08001b82   0x0000008a   Code   RO          953    .text.svcPluginsLcdWrite  svc_plugins.o
    0x08001c0c   0x08001c0c   0x00000008   Code   RO          955    .text.svcPluginsSetUartCallback  svc_plugins.o
    0x08001c14   0x08001c14   0x00000008   Code   RO          951    .text.svcPluginsToggleLed  svc_plugins.o
    0x08001c1c   0x08001c1c   0x00000024   Code   RO          985    .text.svcSensorGetHumi  svc_sensor.o
    0x08001c40   0x08001c40   0x00000024   Code   RO          983    .text.svcSensorGetTemp  svc_sensor.o
    0x08001c64   0x08001c64   0x00000002   Code   RO          981    .text.svcSensorInit  svc_sensor.o
    0x08001c66   0x08001c66   0x00000002   PAD
    0x08001c68   0x08001c68   0x00000038   Code   RO          922    .text.svcTaskAdd    svc_task.o
    0x08001ca0   0x08001ca0   0x00000010   Code   RO          920    .text.svcTaskInit   svc_task.o
    0x08001cb0   0x08001cb0   0x0000004c   Code   RO          926    .text.svcTaskPoll   svc_task.o
    0x08001cfc   0x08001cfc   0x0000001c   Code   RO         1081    .text.taskInit      main.o
    0x08001d18   0x08001d18   0x00000034   Code   RO         1044    .text.taskInputInit  task_input.o
    0x08001d4c   0x08001d4c   0x0000002c   Code   RO         1050    .text.taskInputOnMsgRunner  task_input.o
    0x08001d78   0x08001d78   0x00000020   Code   RO         1046    .text.taskInputOnUart  task_input.o
    0x08001d98   0x08001d98   0x00000040   Code   RO         1048    .text.taskInputRunner  task_input.o
    0x08001dd8   0x08001dd8   0x00000018   Code   RO         1031    .text.taskLcdInit   task_lcd.o
    0x08001df0   0x08001df0   0x00000044   Code   RO         1033    .text.taskLcdRunner  task_lcd.o
    0x08001e34   0x08001e34   0x00000018   Code   RO         1007    .text.taskLedInit   task_led.o
    0x08001e4c   0x08001e4c   0x00000008   Code   RO         1009    .text.taskLedRunner  task_led.o
    0x08001e54   0x08001e54   0x00000018   Code   RO         1063    .text.taskSensorInit  task_sensor.o
    0x08001e6c   0x08001e6c   0x00000080   Code   RO         1065    .text.taskSensorRunner  task_sensor.o
    0x08001eec   0x08001eec   0x00000018   Code   RO          995    .text.taskTestInit  task_test.o
    0x08001f04   0x08001f04   0x00000024   Code   RO          997    .text.taskTestRunner  task_test.o
    0x08001f28   0x08001f28   0x00000018   Code   RO         1019    .text.taskUartInit  task_uart.o
    0x08001f40   0x08001f40   0x00000024   Code   RO         1021    .text.taskUartRunner  task_uart.o
    0x08001f64   0x08001f64   0x00000028   Code   RO         1342    i.__0sprintf        mc_p.l(printfa.o)
    0x08001f8c   0x08001f8c   0x0000002e   Code   RO         1430    i.__ARM_clz         mf_p.l(depilogue.o)
    0x08001fba   0x08001fba   0x0000000e   Code   RO         1434    i.__scatterload_copy  mc_p.l(handlers.o)
    0x08001fc8   0x08001fc8   0x00000002   Code   RO         1435    i.__scatterload_null  mc_p.l(handlers.o)
    0x08001fca   0x08001fca   0x0000000e   Code   RO         1436    i.__scatterload_zeroinit  mc_p.l(handlers.o)
    0x08001fd8   0x08001fd8   0x00000174   Code   RO         1347    i._fp_digits        mc_p.l(printfa.o)
    0x0800214c   0x0800214c   0x000006ec   Code   RO         1348    i._printf_core      mc_p.l(printfa.o)
    0x08002838   0x08002838   0x00000020   Code   RO         1349    i._printf_post_padding  mc_p.l(printfa.o)
    0x08002858   0x08002858   0x0000002c   Code   RO         1350    i._printf_pre_padding  mc_p.l(printfa.o)
    0x08002884   0x08002884   0x0000000a   Code   RO         1352    i._sputc            mc_p.l(printfa.o)
    0x0800288e   0x0800288e   0x00000002   PAD
    0x08002890   0x08002890   0x0000000c   Data   RO          911    .rodata..L__const.AHT20GetData.data  hal_dht20.o
    0x0800289c   0x0800289c   0x00000012   Data   RO          796    .rodata..L__const.halSpiInit.spiConfig  hal_spi.o
    0x080028ae   0x080028ae   0x00000010   Data   RO          249    .rodata.APBAHBPrescTable  stm32f0xx_rcc.o
    0x080028be   0x080028be   0x000005f0   Data   RO          777    .rodata.FontTable_V_8X16  hal_oled12864.o
    0x08002eae   0x08002eae   0x0000001a   Data   RO         1054    .rodata.str1.1      task_input.o
    0x08002ec8   0x08002ec8   0x00000020   Data   RO         1433    Region$$Table       anon$$obj.o


    Execution Region ER_RW (Exec base: 0x20000000, Load base: 0x08002ee8, Size: 0x00000004, Max: 0xffffffff, ABSOLUTE)

    Exec Addr    Load Addr    Size         Type   Attr      Idx    E Section Name        Object

    0x20000000   0x08002ee8   0x00000004   Data   RW           17    .data.SystemCoreClock  system_stm32f0xx.o


    Execution Region ER_ZI (Exec base: 0x20000008, Load base: 0x08002eec, Size: 0x00000538, Max: 0xffffffff, ABSOLUTE)

    Exec Addr    Load Addr    Size         Type   Attr      Idx    E Section Name        Object

    0x20000008        -       0x00000004   Zero   RW          722    .bss.halButtonOnClick  hal_button.o
    0x2000000c        -       0x00000004   Zero   RW          825    .bss.halTimerOnIRQ  hal_timer.o
    0x20000010        -       0x00000004   Zero   RW          848    .bss.halUartOnIRQ   hal_uart.o
    0x20000014        -       0x00000004   Zero   RW          973    .bss.svcButtonClickTimesCounter  svc_button.o
    0x20000018        -       0x000000a0   Zero   RW          928    .bss.svcTasks       svc_task.o
    0x200000b8        -       0x00000001   Zero   RW         1052    .bss.taskInputIndex  task_input.o
    0x200000b9   0x08002eec   0x00000003   PAD
    0x200000bc        -       0x00000080   Zero   RW         1053    .bss.taskInputMsg   task_input.o
    0x2000013c        -       0x00000004   Zero   RW         1035    .bss.taskLcdRunner.count  task_lcd.o
    0x20000140        -       0x00000400   Zero   RW            1    STACK               startup_stm32f030.o


==============================================================================

Image component sizes


      Code (inc. data)   RO Data    RW Data    ZI Data      Debug   Object Name

       152         12          0          0          4       3567   hal_button.o
      1542         16         12          0          0       7795   hal_dht20.o
       106          0          0          0          0       2405   hal_lcd_spi.o
        72          4          0          0          0       2268   hal_led.o
       516          8       1520          0          0       3821   hal_oled12864.o
       254         12         18          0          0       3523   hal_spi.o
        80         16          0          0          0       1082   hal_system.o
        44          8          0          0          4       3294   hal_timer.o
       330         24          0          0          4       4591   hal_uart.o
       114          0          0          0          0        698   main.o
        88         38        180          0       1024        748   startup_stm32f030.o
       124          8          0          0          0       2918   stm32f0xx_exti.o
       172          0          0          0          0       4754   stm32f0xx_gpio.o
        10          0          0          0          0        714   stm32f0xx_it.o
       108         16          0          0          0       2576   stm32f0xx_misc.o
       508         40         16          0          0      10472   stm32f0xx_rcc.o
       200         20          0          0          0       9057   stm32f0xx_spi.o
        36          4          0          0          0       3141   stm32f0xx_syscfg.o
        26          0          0          0          0      25015   stm32f0xx_tim.o
       332         24          0          0          0      12162   stm32f0xx_usart.o
        48          8          0          0          4        810   svc_button.o
        20          0          0          0          0        646   svc_log.o
       156          0          0          0          0       1363   svc_plugins.o
        74          0          0          0          0       1059   svc_sensor.o
       148          4          0          0        160       1825   svc_task.o
       164         20          0          4          0       2168   system_stm32f0xx.o
       192         52         26          0        129       1558   task_input.o
        92         32          0          0          4        970   task_lcd.o
        32          4          0          0          0        782   task_led.o
       152         40          0          0          0       1090   task_sensor.o
        60         28          0          0          0        806   task_test.o
        60         28          0          0          0        806   task_uart.o

    ----------------------------------------------------------------------
      6036        466       1804          4       1336     118484   Object Totals
         0          0         32          0          0          0   (incl. Generated)
        24          0          0          0          3          0   (incl. Padding)

    ----------------------------------------------------------------------

      Code (inc. data)   RO Data    RW Data    ZI Data      Debug   Library Member Name

         0          0          0          0          0          0   entry.o
         0          0          0          0          0          0   entry10a.o
         0          0          0          0          0          0   entry11a.o
         8          4          0          0          0          0   entry2.o
         4          0          0          0          0          0   entry5.o
         0          0          0          0          0          0   entry7b.o
         0          0          0          0          0          0   entry8b.o
         8          4          0          0          0          0   entry9a.o
        30          0          0          0          0          0   handlers.o
        36          8          0          0          0         68   init.o
         0          0          0          0          0          0   iusefp.o
        32          0          0          0          0         68   llshl.o
        38          0          0          0          0         68   llsshr.o
        34          0          0          0          0         68   llushr.o
        36          0          0          0          0         60   memcpya.o
        36          0          0          0          0        100   memseta.o
      2270         94          0          0          0        472   printfa.o
        14          0          0          0          0         60   strlen.o
        62          0          0          0          0         72   uidiv_div0.o
        96          0          0          0          0         84   uldiv.o
        40          2          0          0          0         68   cdrcmple.o
       356          4          0          0          0        140   dadd.o
       240          6          0          0          0         84   ddiv.o
       236          0          0          0          0        216   depilogue.o
        64         10          0          0          0         68   dfixul.o
       208          6          0          0          0         88   dmul.o
        40          0          0          0          0         60   f2d.o
       124          0          0          0          0         72   fdiv.o
       130          0          0          0          0        144   fepilogue.o
        22          0          0          0          0         68   fflti.o

    ----------------------------------------------------------------------
      4168        138          0          0          0       2128   Library Totals
         4          0          0          0          0          0   (incl. Padding)

    ----------------------------------------------------------------------

      Code (inc. data)   RO Data    RW Data    ZI Data      Debug   Library Name

      2704        110          0          0          0       1120   mc_p.l
      1460         28          0          0          0       1008   mf_p.l

    ----------------------------------------------------------------------
      4168        138          0          0          0       2128   Library Totals

    ----------------------------------------------------------------------

==============================================================================


      Code (inc. data)   RO Data    RW Data    ZI Data      Debug   

     10204        604       1804          4       1336     119264   Grand Totals
     10204        604       1804          4       1336     119264   ELF Image Totals
     10204        604       1804          4          0          0   ROM Totals

==============================================================================

    Total RO  Size (Code + RO Data)                12008 (  11.73kB)
    Total RW  Size (RW Data + ZI Data)              1340 (   1.31kB)
    Total ROM Size (Code + RO Data + RW Data)      12012 (  11.73kB)

==============================================================================

